Archive member included to satisfy reference by file (symbol)

lib/libbootloader.a(boot_platform.c.obj)
                              (--whole-archive)
lib/libbootloader.a(boot_secure.c.obj)
                              (--whole-archive)
lib/libbootloader.a(warmboot.c.obj)
                              (--whole-archive)
lib/libbootloader.a(warmboot_entry.s.obj)
                              (--whole-archive)
lib/libbootloader.a(firewall_recovery.c.obj)
                              (--whole-archive)
lib/libbootloader.a(boot_entry_v7a.S.obj)
                              (--whole-archive)
lib/libbootloader.a(boot_sffs_port.c.obj)
                              (--whole-archive)
lib/libbootloader.a(boot_delay.c.obj)
                              (--whole-archive)
lib/libbootloader.a(boot_mem.c.obj)
                              (--whole-archive)
lib/libbootloader.a(boot_spi_flash.c.obj)
                              (--whole-archive)
lib/libbootloader.a(boot_debuguart.c.obj)
                              (--whole-archive)
lib/libbootloader.a(boot_trace.c.obj)
                              (--whole-archive)
lib/libbootloader.a(boot_fdl.c.obj)
                              (--whole-archive)
lib/libbootloader.a(boot_vfs.c.obj)
                              (--whole-archive)
lib/libbootloader.a(boot_irq_gic.c.obj)
                              (--whole-archive)
lib/libbootloader.a(boot_timer.c.obj)
                              (--whole-archive)
lib/libbootloader.a(boot_ifc_uart.c.obj)
                              (--whole-archive)
lib/libbootloader.a(boot_uart_cmn.c.obj)
                              (--whole-archive)
lib/libbootloader.a(boot_userial.c.obj)
                              (--whole-archive)
lib/libbootloader.a(boot_mmu.c.obj)
                              (--whole-archive)
lib/libbootloader.a(boot_uimage.c.obj)
                              (--whole-archive)
lib/libbootloader.a(boot_unity.c.obj)
                              (--whole-archive)
lib/libbootloader.a(boot_override.c.obj)
                              (--whole-archive)
lib/libbootloader.a(boot_lcd.c.obj)
                              (--whole-archive)
lib/libbootloader.a(boot_efuse.c.obj)
                              (--whole-archive)
lib/libbootloader.a(boot_pdl.c.obj)
                              (--whole-archive)
lib/libbootloader.a(boot_pdl_uimage.c.obj)
                              (--whole-archive)
lib/libcpio_parser.a(cpio_parser.c.obj)
                              (--whole-archive)
lib/libhal.a(hal_clock_init.c.obj)
                              components/bootloader/CMakeFiles/norfdl.dir/8850/fdl.c.obj (halRamInit)
lib/libhal.a(hal_rom_api.c.obj)
                              lib/libbootloader.a(boot_userial.c.obj) (halRomApiInit)
lib/libhal.a(hal_pmu.c.obj)   components/bootloader/CMakeFiles/norfdl.dir/8850/fdl.c.obj (halPmuExtFlashPowerOn)
lib/libhal.a(hal_wdt.c.obj)   lib/libbootloader.a(boot_platform.c.obj) (halSysWdtStop)
lib/libhal.a(hal_chip.c.obj)  lib/libbootloader.a(boot_ifc_uart.c.obj) (halCalcFracDivider)
lib/libhal.a(hal_chip_armv7a.c.obj)
                              lib/libbootloader.a(boot_spi_flash.c.obj) (osiDCacheInvalidate)
lib/libhal.a(hal_delay.c.obj)
                              components/bootloader/CMakeFiles/norfdl.dir/8850/fdl.c.obj (osiDelayUS)
lib/libhal.a(hal_efuse_cache.c.obj)
                              lib/libbootloader.a(boot_secure.c.obj) (halEfuseReadWrite)
lib/libhal.a(hal_spi_flash.c.obj)
                              lib/libbootloader.a(boot_spi_flash.c.obj) (halSpiFlashChipErase)
lib/libhal.a(hal_adi_bus.c.obj)
                              components/bootloader/CMakeFiles/norfdl.dir/8850/fdl.c.obj (halAdiBusInit)
lib/libhal.a(hal_blue_screen.c.obj)
                              lib/libbootloader.a(boot_platform.c.obj) (halBlueScreenSaveContext)
lib/libhal.a(hal_hwspinlock.c.obj)
                              lib/libhal.a(hal_adi_bus.c.obj) (halHwspinlockAcquire)
lib/libhal.a(hal_efuse.c.obj)
                              lib/libhal.a(hal_efuse_cache.c.obj) (halEfuseOpen)
lib/libcalclib.a(simage.c.obj)
                              lib/libbootloader.a(boot_pdl_uimage.c.obj) (simageValid)
lib/libcalclib.a(crypto.c.obj)
                              lib/libbootloader.a(boot_secure.c.obj) (sha256Check)
lib/libcalclib.a(sm3.c.obj)   lib/libcalclib.a(crypto.c.obj) (SM3)
lib/libboot_calclib_crc.a(crc32.c.obj)
                              components/bootloader/CMakeFiles/norfdl.dir/8850/fdl.c.obj (crc32Init)
lib/libsffs_core.a(sffs.c.obj)
                              lib/libbootloader.a(boot_vfs.c.obj) (sffsMount)
lib/libfsmount.a(fs_mount.c.obj)
                              components/bootloader/CMakeFiles/norfdl.dir/8850/fdl.c.obj (fsMountFsPath)
lib/libbdev.a(block_device.c.obj)
                              lib/libsffs_core.a(sffs.c.obj) (blockDeviceRead)
lib/libbdev.a(partition_block_device.c.obj)
[...]
Memory Configuration

Name             Origin             Length             Attributes
syssram          0x00100000         0x00004000         xrw
aonsram          0x50800000         0x00014000         xrw
ram              0x80000000         0x00800000         rw
*default*        0x00000000         0xffffffff

Linker script and memory map

LOAD components/bootloader/CMakeFiles/norfdl.dir/8850/fdl.c.obj
LOAD lib/libbootloader.a
LOAD lib/libcpio_parser.a
START GROUP
LOAD lib/libhal.a
LOAD lib/libcalclib.a
LOAD lib/libboot_calclib_crc.a
LOAD lib/libsffs_core.a
LOAD lib/libfsmount.a
LOAD lib/libbdev.a
LOAD lib/libbdev_core.a
LOAD lib/libosi_lib.a
LOAD lib/libnvm.a
LOAD lib/liblz4.a
LOAD lib/libfs.a
LOAD lib/libboot_ex_ql.a
END GROUP
LOAD ../../components/newlib/newlib-3.1.0/armca5/libc.a
LOAD ../../prebuilts/win32/gcc-arm-none-eabi/gcc-arm-none-eabi-9.2.1/bin/../lib/gcc/arm-none-eabi/9.2.1/thumb/v7+fp/hard/libgcc.a
LOAD lib/libfupdate_core.a
LOAD lib/libboot_ex_fat_rdonly.a
LOAD lib/libboot_ex_spi6nor.a
LOAD lib/libboot_ex_ql_pin.a
LOAD lib/libcalclib.a
LOAD lib/libhal.a
LOAD lib/libdriver.a
LOAD lib/libhal_prop.a
LOAD lib/libdriver_lcd.a
LOAD lib/liboql_core_boot_virt_func.a
LOAD lib/libdriver_camera.a
LOAD lib/libhal.a
LOAD lib/libdriver.a
LOAD lib/libhal_prop.a
LOAD lib/libdriver_lcd.a
LOAD lib/liboql_core_boot_virt_func.a
LOAD lib/libdriver_camera.a
LOAD lib/libfs_partinfo.a

.rom_data       0x00100000      0xc00
                0x00100000                __rom_data_start = .
                0x00100c00                . = (. + 0xc00)
 *fill*         0x00100000      0xc00 
                0x00100c00                __rom_data_end = .
                0x00100c00                . = ALIGN (0x20)

.simage         0x50800000      0x100
                0x50800000                __simage_start = .
                0x50800100                . = (. + 0x100)
 *fill*         0x50800000      0x100 
                0x50800100                __simage_end = .
                0x50800100                . = ALIGN (0x20)

.flash_start    0x50800100        0x0
                0x50800100                __flash_start = .

.text           0x50800100     0xcfe0
                0x50800100                __text_start = .
 *(BOOT_ENTRY)
 BOOT_ENTRY     0x50800100      0x25c lib/libbootloader.a(boot_entry_v7a.S.obj)
                0x50800100                Vectors
                0x508002a4                bootEntry
                0x50800320                bootJumpImageEntry
 SORT_BY_NAME(*)(.sramboottext .sramboottext.*)
 .sramboottext  0x5080035c       0x70 lib/libhal.a(hal_delay.c.obj)
                0x5080035c                osiDelayLoops
                0x50800366                osiDelayUS
                0x50800384                osiDebugEvent
                0x508003c0                osiHWTick16K
 SORT_BY_NAME(*)(.sramtext .sramtext.*)
 .sramtext      0x508003cc       0x1e lib/libhal.a(hal_chip_armv7a.c.obj)
                0x508003cc                uxPortSetInterruptMaskFromISR
                0x508003cc                vPortDisableInterrupts
                0x508003cc                uxPortEnterCritical
                0x508003cc                osiEnterCritical
                0x508003cc                osiIrqSave
                0x508003dc                osiExitCritical
                0x508003dc                osiIrqRestore
                0x508003dc                vPortExitCritical
                0x508003dc                vPortClearInterruptMaskFromISR
 SORT_BY_NAME(*)(.ramtext .ramtext.*)
 .ramtext.flashhal.1055
                0x508003ea       0xe6 lib/libhal.a(hal_spi_flash.c.obj)
                0x508003ea                halSpiFlashCmd
 .ramtext.flashhal.180
                0x508004d0       0x1e lib/libhal.a(hal_spi_flash.c.obj)
 *fill*         0x508004ee        0x2 
 .ramtext.flashhal.389
                0x508004f0       0x14 lib/libhal.a(hal_spi_flash.c.obj)
 .ramtext.flashhal.405
                0x50800504       0x24 lib/libhal.a(hal_spi_flash.c.obj)
 .ramtext.flashhal.174
                0x50800528       0x16 lib/libhal.a(hal_spi_flash.c.obj)
 .ramtext.flashhal.620
                0x5080053e       0x16 lib/libhal.a(hal_spi_flash.c.obj)
                0x5080053e                halSpiFlashChipErase
 .ramtext.flashhal.579
                0x50800554       0x18 lib/libhal.a(hal_spi_flash.c.obj)
 .ramtext.flashhal.570
                0x5080056c       0x18 lib/libhal.a(hal_spi_flash.c.obj)
 .ramtext.flashhal.561
                0x50800584       0x18 lib/libhal.a(hal_spi_flash.c.obj)
 .ramtext.flashhal.973
                0x5080059c       0x18 lib/libhal.a(hal_spi_flash.c.obj)
                0x5080059c                halSpiFlashErase
 .ramtext.flashhal.162
                0x508005b4       0x12 lib/libhal.a(hal_spi_flash.c.obj)
 .ramtext.flashhal.422
                0x508005c6       0x1a lib/libhal.a(hal_spi_flash.c.obj)
 .ramtext.flashhal.473
                0x508005e0       0x24 lib/libhal.a(hal_spi_flash.c.obj)
 .ramtext.flashhal.552
                0x50800604       0x1c lib/libhal.a(hal_spi_flash.c.obj)
                0x50800604                halSpiFlashPageProgram
 .ramtext.flashhal.446
                0x50800620       0x5e lib/libhal.a(hal_spi_flash.c.obj)
 .ramtext.flashhal.1134
                0x5080067e        0xa lib/libhal.a(hal_spi_flash.c.obj)
                0x5080067e                halSpiFlashWriteEnable
 .ramtext.flashhal.490
                0x50800688      0x15c lib/libhal.a(hal_spi_flash.c.obj)
                0x50800688                halSpiFlashPrepareEraseProgram
 .ramtext.flashhal.526
                0x508007e4       0x6c lib/libhal.a(hal_spi_flash.c.obj)
                0x508007e4                halSpiFlashFinishEraseProgram
 .ramtext.flashhal.1142
                0x50800850        0xa lib/libhal.a(hal_spi_flash.c.obj)
                0x50800850                halSpiFlashWriteDisable
 .ramtext.flashhal.1150
                0x5080085a        0xa lib/libhal.a(hal_spi_flash.c.obj)
                0x5080085a                halSpiFlashResetEnable
 .ramtext.flashhal.1158
                0x50800864        0xa lib/libhal.a(hal_spi_flash.c.obj)
                0x50800864                halSpiFlashReset
 .ramtext.flashhal.1183
                0x5080086e       0x1a lib/libhal.a(hal_spi_flash.c.obj)
                0x5080086e                halSpiFlashReadSR
 .ramtext.flashhal.1219
                0x50800888       0x26 lib/libhal.a(hal_spi_flash.c.obj)
                0x50800888                halSpiFlashIsWipFinished
 .ramtext.flashhal.1232
                0x508008ae       0x10 lib/libhal.a(hal_spi_flash.c.obj)
                0x508008ae                halSpiFlashWaitWipFinish
 .ramtext.flashhal.1191
                0x508008be       0x6a lib/libhal.a(hal_spi_flash.c.obj)
                0x508008be                halSpiFlashWriteSR
 .ramtext.flashhal.1355
                0x50800928      0x18c lib/libhal.a(hal_spi_flash.c.obj)
                0x50800928                halSpiFlashStatusCheck
 .ramtext.flashhal.1471
                0x50800ab4      0x140 lib/libhal.a(hal_spi_flash.c.obj)
                0x50800ab4                halSpiFlashInit
 .ramtext.flashhal.118
                0x50800bf4       0x44 lib/libhal.a(hal_spi_flash.c.obj)
 .ramtext.flashhal.141
                0x50800c38       0x44 lib/libhal.a(hal_spi_flash.c.obj)
 .ramtext.flashhal.164
                0x50800c7c       0x44 lib/libhal.a(hal_spi_flash.c.obj)
 .ramtext.flashhal.223
                0x50800cc0       0x3c lib/libhal.a(hal_spi_flash.c.obj)
 .ramtext.flashhal.78
                0x50800cfc       0x34 lib/libhal.a(hal_spi_flash.c.obj)
 .ramtext.flashhal.97
                0x50800d30       0x3c lib/libhal.a(hal_spi_flash.c.obj)
 .ramtext       0x50800d6c       0x10 lib/libhal.a(hal_wdt.c.obj)
                0x50800d6c                halSysWdtStop
 SORT_BY_NAME(*)(.text .text.* .gnu.linkonce.t.* .rdata .rodata .rodata.* .rodata1 .gnu.linkonce.r.*)
 .text.__errno  0x50800d7c        0x8 ../../components/newlib/newlib-3.1.0/armca5/libc.a(lib_a-errno.o)
                0x50800d7c                __errno
 .text.__getreent
                0x50800d84        0xc ../../components/newlib/newlib-3.1.0/armca5/libc.a(lib_a-getreent.o)
                0x50800d84                __getreent
 .rodata._global_impure_ptr
                0x50800d90        0x4 ../../components/newlib/newlib-3.1.0/armca5/libc.a(lib_a-impure.o)
                0x50800d90                _global_impure_ptr
 .text.memcmp   0x50800d94       0x5c ../../components/newlib/newlib-3.1.0/armca5/libc.a(lib_a-memcmp.o)
                0x50800d94                memcmp
 .text.memcpy   0x50800df0       0xc8 ../../components/newlib/newlib-3.1.0/armca5/libc.a(lib_a-memcpy-stub.o)
                0x50800df0                memcpy
 .text.memmove  0x50800eb8       0xd4 ../../components/newlib/newlib-3.1.0/armca5/libc.a(lib_a-memmove.o)
                0x50800eb8                memmove
 .text.memset   0x50800f8c       0xa8 ../../components/newlib/newlib-3.1.0/armca5/libc.a(lib_a-memset.o)
                0x50800f8c                memset
 .text.strcat   0x50801034       0x40 ../../components/newlib/newlib-3.1.0/armca5/libc.a(lib_a-strcat.o)
                0x50801034                strcat
 .text.strchr   0x50801074       0xd0 ../../components/newlib/newlib-3.1.0/armca5/libc.a(lib_a-strchr.o)
                0x50801074                strchr
 *fill*         0x50801144       0x1c 
 .text          0x50801160      0x2dc ../../components/newlib/newlib-3.1.0/armca5/libc.a(lib_a-strcmp.o)
                0x50801168                strcmp
 .text.strcpy   0x5080143c       0xc4 ../../components/newlib/newlib-3.1.0/armca5/libc.a(lib_a-strcpy.o)
                0x5080143c                strcpy
 .text.strdup   0x50801500       0x14 ../../components/newlib/newlib-3.1.0/armca5/libc.a(lib_a-strdup.o)
                0x50801500                strdup
 .text._strdup_r
                0x50801514       0x24 ../../components/newlib/newlib-3.1.0/armca5/libc.a(lib_a-strdup_r.o)
                0x50801514                _strdup_r
 *fill*         0x50801538        0x8 
 .text          0x50801540       0xdc ../../components/newlib/newlib-3.1.0/armca5/libc.a(lib_a-strlen.o)
                0x50801540                strlen
 .text.strncmp  0x5080161c       0x84 ../../components/newlib/newlib-3.1.0/armca5/libc.a(lib_a-strncmp.o)
                0x5080161c                strncmp
 .text.strrchr  0x508016a0       0x24 ../../components/newlib/newlib-3.1.0/armca5/libc.a(lib_a-strrchr.o)
                0x508016a0                strrchr
 .text          0x508016c4       0x30 ../../prebuilts/win32/gcc-arm-none-eabi/gcc-arm-none-eabi-9.2.1/bin/../lib/gcc/arm-none-eabi/9.2.1/thumb/v7+fp/hard/libgcc.a(_aeabi_uldivmod.o)
                0x508016c4                __aeabi_uldivmod
 *fill*         0x508016f4        0x4 
 .text          0x508016f8      0x2b0 ../../prebuilts/win32/gcc-arm-none-eabi/gcc-arm-none-eabi-9.2.1/bin/../lib/gcc/arm-none-eabi/9.2.1/thumb/v7+fp/hard/libgcc.a(_divsi3.o)
                0x508016f8                __divsi3
                0x508016f8                __aeabi_idiv
                0x5080198c                __aeabi_idivmod
 .text          0x508019a8        0x4 ../../prebuilts/win32/gcc-arm-none-eabi/gcc-arm-none-eabi-9.2.1/bin/../lib/gcc/arm-none-eabi/9.2.1/thumb/v7+fp/hard/libgcc.a(_dvmd_tls.o)
                0x508019a8                __aeabi_idiv0
                0x508019a8                __aeabi_ldiv0
 .text          0x508019ac      0x11c ../../prebuilts/win32/gcc-arm-none-eabi/gcc-arm-none-eabi-9.2.1/bin/../lib/gcc/arm-none-eabi/9.2.1/thumb/v7+fp/hard/libgcc.a(_udivmoddi4.o)
                0x508019ac                __udivmoddi4
 .text          0x50801ac8      0x278 ../../prebuilts/win32/gcc-arm-none-eabi/gcc-arm-none-eabi-9.2.1/bin/../lib/gcc/arm-none-eabi/9.2.1/thumb/v7+fp/hard/libgcc.a(_udivsi3.o)
                0x50801ac8                __aeabi_uidiv
                0x50801ac8                __udivsi3
                0x50801d24                __aeabi_uidivmod
 .text.prvFlashPolling
                0x50801d40       0xa4 components/bootloader/CMakeFiles/norfdl.dir/8850/fdl.c.obj
 .text.prvPolling
                0x50801de4       0x8c components/bootloader/CMakeFiles/norfdl.dir/8850/fdl.c.obj
 .rodata.prvFsPrepare.isra.0.part.0.str1.1
                0x50801e70        0x9 components/bootloader/CMakeFiles/norfdl.dir/8850/fdl.c.obj
 *fill*         0x50801e79        0x3 
 .text.prvFsPrepare.isra.0.part.0
                0x50801e7c       0x18 components/bootloader/CMakeFiles/norfdl.dir/8850/fdl.c.obj
 .rodata.prvProcessPkt.str1.1
                0x50801e94       0x48 components/bootloader/CMakeFiles/norfdl.dir/8850/fdl.c.obj
 .text.prvProcessPkt
                0x50801edc      0x92c components/bootloader/CMakeFiles/norfdl.dir/8850/fdl.c.obj
 .rodata.bootStart.str1.1
                0x50802808       0xce components/bootloader/CMakeFiles/norfdl.dir/8850/fdl.c.obj
 *fill*         0x508028d6        0x2 
 .text.bootStart
                0x508028d8      0x298 components/bootloader/CMakeFiles/norfdl.dir/8850/fdl.c.obj
                0x508028d8                bootStart
 .rodata.str1.1
                0x50802b70       0x21 components/bootloader/CMakeFiles/norfdl.dir/8850/fdl.c.obj
 *fill*         0x50802b91        0x3 
 .rodata        0x50802b94        0x8 components/bootloader/CMakeFiles/norfdl.dir/8850/fdl.c.obj
 .rodata.__FUNCTION__.46359
                0x50802b9c        0xf components/bootloader/CMakeFiles/norfdl.dir/8850/fdl.c.obj
 *fill*         0x50802bab        0x1 
 .text.blockDeviceRead
                0x50802bac        0xc lib/libbdev.a(block_device.c.obj)
                0x50802bac                blockDeviceRead
 .text.blockDeviceWrite
                0x50802bb8        0xc lib/libbdev.a(block_device.c.obj)
                0x50802bb8                blockDeviceWrite
 .text.blockDeviceErase
                0x50802bc4        0xc lib/libbdev.a(block_device.c.obj)
                0x50802bc4                blockDeviceErase
 .text.blockDeviceDestroy
                0x50802bd0        0x8 lib/libbdev.a(block_device.c.obj)
                0x50802bd0                blockDeviceDestroy
 .text._destroy
                0x50802bd8        0x4 lib/libbdev.a(partition_block_device.c.obj)
 .text._erase   0x50802bdc       0x14 lib/libbdev.a(partition_block_device.c.obj)
 .text._write   0x50802bf0       0x14 lib/libbdev.a(partition_block_device.c.obj)
 .text._read    0x50802c04       0x14 lib/libbdev.a(partition_block_device.c.obj)
 .text.partBlockDeviceCreate
                0x50802c18       0x78 lib/libbdev.a(partition_block_device.c.obj)
                0x50802c18                partBlockDeviceCreate
 .text.prvPbSetStatus
                0x50802c90       0x30 lib/libbdev_core.a(flash_block_device_v2.c.obj)
 .text.prvDestroy
                0x50802cc0       0x1c lib/libbdev_core.a(flash_block_device_v2.c.obj)
 .text.prvStat  0x50802cdc       0x66 lib/libbdev_core.a(flash_block_device_v2.c.obj)
 *fill*         0x50802d42        0x2 
 .text.prvFlashRead
                0x50802d44       0x40 lib/libbdev_core.a(flash_block_device_v2.c.obj)
 .text.prvPbReadTail
                0x50802d84        0xe lib/libbdev_core.a(flash_block_device_v2.c.obj)
 .text.prvRead  0x50802d92       0x7a lib/libbdev_core.a(flash_block_device_v2.c.obj)
 .text.prvFlashWrite
                0x50802e0c       0x48 lib/libbdev_core.a(flash_block_device_v2.c.obj)
 .text.prvPbDelete
                0x50802e54       0x1e lib/libbdev_core.a(flash_block_device_v2.c.obj)
 .text.prvErase
                0x50802e72       0x6c lib/libbdev_core.a(flash_block_device_v2.c.obj)
 .text.prvSetGeom
                0x50802ede       0xb8 lib/libbdev_core.a(flash_block_device_v2.c.obj)
 .text.prvPbGetStatus.isra.0
                0x50802f96       0x14 lib/libbdev_core.a(flash_block_device_v2.c.obj)
 .text.prbPbFindWritable
                0x50802faa       0x28 lib/libbdev_core.a(flash_block_device_v2.c.obj)
 .text.prvEbFindGcTo
                0x50802fd2       0x56 lib/libbdev_core.a(flash_block_device_v2.c.obj)
 .text.prvPbReadStatus
                0x50803028       0xbc lib/libbdev_core.a(flash_block_device_v2.c.obj)
 .text.prvPbMemSetCrc
                0x508030e4       0x28 lib/libbdev_core.a(flash_block_device_v2.c.obj)
 .text.prvScan  0x5080310c      0x22c lib/libbdev_core.a(flash_block_device_v2.c.obj)
 .text.prvWrite
                0x50803338      0x350 lib/libbdev_core.a(flash_block_device_v2.c.obj)
 .text.flashBlockDeviceCreateV2
                0x50803688       0xfc lib/libbdev_core.a(flash_block_device_v2.c.obj)
                0x50803688                flashBlockDeviceCreateV2
 .text.flashBlockDeviceFormatV2
                0x50803784       0x70 lib/libbdev_core.a(flash_block_device_v2.c.obj)
                0x50803784                flashBlockDeviceFormatV2
 .rodata.gFbdev2Ops
                0x508037f4       0x14 lib/libbdev_core.a(flash_block_device_v2.c.obj)
 .text.crc_table_init
                0x50803808       0x68 lib/libboot_calclib_crc.a(crc32.c.obj)
                0x50803808                crc_table_init
 .text.crc32Init
                0x50803870       0x1c lib/libboot_calclib_crc.a(crc32.c.obj)
                0x50803870                crc32Init
 .text.crc32Update
                0x5080388c       0x38 lib/libboot_calclib_crc.a(crc32.c.obj)
                0x5080388c                crc32Update
 .text.crc32Calc
                0x508038c4       0x3c lib/libboot_calclib_crc.a(crc32.c.obj)
                0x508038c4                crc32Calc
 .text.crc8RohcInit
                0x50803900       0x1c lib/libboot_calclib_crc.a(crc32.c.obj)
                0x50803900                crc8RohcInit
 .text.crc8RohcCalc
                0x5080391c       0x2c lib/libboot_calclib_crc.a(crc32.c.obj)
                0x5080391c                crc8RohcCalc
 .text.crc16NvCalc
                0x50803948       0x44 lib/libboot_calclib_crc.a(crc32.c.obj)
                0x50803948                crc16NvCalc
 .text.crc16FdlCalc
                0x5080398c       0x62 lib/libboot_calclib_crc.a(crc32.c.obj)
                0x5080398c                crc16FdlCalc
 .text.disk_readp
                0x508039ee        0x4 lib/libboot_ex_fat_rdonly.a(diskio.c.obj)
                0x508039ee                disk_readp
 *fill*         0x508039f2        0x2 
 .text.ff_convert
                0x508039f4       0x3c lib/libboot_ex_fat_rdonly.a(pff_basic.c.obj)
                0x508039f4                ff_convert
 .text.ld_word  0x50803a30        0x4 lib/libboot_ex_fat_rdonly.a(pff_basic.c.obj)
                0x50803a30                ld_word
 .text.ld_dword
                0x50803a34        0x4 lib/libboot_ex_fat_rdonly.a(pff_basic.c.obj)
                0x50803a34                ld_dword
 .text.mem_set  0x50803a38        0xe lib/libboot_ex_fat_rdonly.a(pff_basic.c.obj)
                0x50803a38                mem_set
 .text.mem_cmp  0x50803a46       0x1c lib/libboot_ex_fat_rdonly.a(pff_basic.c.obj)
                0x50803a46                mem_cmp
 .text.chk_chr  0x50803a62        0xe lib/libboot_ex_fat_rdonly.a(pff_basic.c.obj)
                0x50803a62                chk_chr
 .text.test_lfn
                0x50803a70       0x58 lib/libboot_ex_fat_rdonly.a(pff_basic.c.obj)
                0x50803a70                test_lfn
 .text.sum_sfn  0x50803ac8       0x1e lib/libboot_ex_fat_rdonly.a(pff_basic.c.obj)
                0x50803ac8                sum_sfn
 *fill*         0x50803ae6        0x2 
 .text.clust2sect
                0x50803ae8       0x20 lib/libboot_ex_fat_rdonly.a(pff_basic.c.obj)
                0x50803ae8                clust2sect
 .text.get_clust
                0x50803b08        0xa lib/libboot_ex_fat_rdonly.a(pff_basic.c.obj)
                0x50803b08                get_clust
 .rodata.create_name.str1.1
                0x50803b12       0x10 lib/libboot_ex_fat_rdonly.a(pff_basic.c.obj)
 *fill*         0x50803b22        0x2 
 .text.create_name
                0x50803b24      0x1d4 lib/libboot_ex_fat_rdonly.a(pff_basic.c.obj)
                0x50803b24                create_name
 .rodata.LfnOfs
                0x50803cf8        0xd lib/libboot_ex_fat_rdonly.a(pff_basic.c.obj)
                0x50803cf8                LfnOfs
 *fill*         0x50803d05        0x1 
 .rodata.Tbl    0x50803d06      0x100 lib/libboot_ex_fat_rdonly.a(pff_basic.c.obj)
 *fill*         0x50803e06        0x2 
 .text.get_fat  0x50803e08       0x7c lib/libboot_ex_fat_rdonly.a(pff_rdonly.c.obj)
 .text.dir_seek.constprop.0
                0x50803e84       0x44 lib/libboot_ex_fat_rdonly.a(pff_rdonly.c.obj)
 .text.pf_open  0x50803ec8      0x214 lib/libboot_ex_fat_rdonly.a(pff_rdonly.c.obj)
                0x50803ec8                pf_open
 .text.pf_read  0x508040dc       0xd4 lib/libboot_ex_fat_rdonly.a(pff_rdonly.c.obj)
                0x508040dc                pf_read
 .text.quec_blockDeviceRead
                0x508041b0       0x20 lib/libboot_ex_fat_rdonly.a(quec_boot_block_device.c.obj)
                0x508041b0                quec_blockDeviceRead
 .text.ql_boot_fat_open
                0x508041d0       0x1a lib/libboot_ex_fat_rdonly.a(quec_boot_pff_rdonly.c.obj)
                0x508041d0                ql_boot_fat_open
 .text.ql_boot_fat_read
                0x508041ea       0x22 lib/libboot_ex_fat_rdonly.a(quec_boot_pff_rdonly.c.obj)
                0x508041ea                ql_boot_fat_read
 .text.ql_boot_fat_file_size
                0x5080420c       0x1c lib/libboot_ex_fat_rdonly.a(quec_boot_pff_rdonly.c.obj)
                0x5080420c                ql_boot_fat_file_size
 .rodata.quec_get_real_path.str1.1
                0x50804228       0x10 lib/libboot_ex_fat_rdonly.a(quec_boot_pff_rdonly.c.obj)
 .text.quec_get_real_path
                0x50804238       0x28 lib/libboot_ex_fat_rdonly.a(quec_boot_pff_rdonly.c.obj)
                0x50804238                quec_get_real_path
 .rodata.quec_boot_open_file.str1.1
                0x50804260       0x21 lib/libboot_ex_fat_rdonly.a(quec_boot_pff_rdonly.c.obj)
 *fill*         0x50804281        0x3 
 .text.quec_boot_open_file
                0x50804284       0x74 lib/libboot_ex_fat_rdonly.a(quec_boot_pff_rdonly.c.obj)
                0x50804284                quec_boot_open_file
 .text.quec_bootVfsOpen
                0x508042f8       0x28 lib/libboot_ex_fat_rdonly.a(quec_boot_pff_rdonly.c.obj)
                0x508042f8                quec_bootVfsOpen
 .text.quec_bootVfsRead
                0x50804320       0x30 lib/libboot_ex_fat_rdonly.a(quec_boot_pff_rdonly.c.obj)
                0x50804320                quec_bootVfsRead
 .text.quec_bootVfsClose
                0x50804350       0x28 lib/libboot_ex_fat_rdonly.a(quec_boot_pff_rdonly.c.obj)
                0x50804350                quec_bootVfsClose
 .text.quec_bootVfsFileSize
                0x50804378       0x40 lib/libboot_ex_fat_rdonly.a(quec_boot_pff_rdonly.c.obj)
                0x50804378                quec_bootVfsFileSize
 .text.quec_bootVfsCheckPath
                0x508043b8       0x12 lib/libboot_ex_fat_rdonly.a(quec_boot_pff_rdonly.c.obj)
                0x508043b8                quec_bootVfsCheckPath
 *fill*         0x508043ca        0x2 
 .text.ql_boot_fat_disk_read
                0x508043cc       0x34 lib/libboot_ex_fat_rdonly.a(quec_boot_vfs.c.obj)
                0x508043cc                ql_boot_fat_disk_read
 .rodata.quec_check_path_type.str1.1
                0x50804400        0x8 lib/libboot_ex_ql.a(quec_boot_fota.c.obj)
                                 0x1d (size before relaxing)
 .text.quec_check_path_type
                0x50804408       0x88 lib/libboot_ex_ql.a(quec_boot_fota.c.obj)
                0x50804408                quec_check_path_type
 .rodata.ql_prv_version_model_verify.str1.1
                0x50804490       0x4a lib/libboot_ex_ql.a(quec_version_verify.c.obj)
 *fill*         0x508044da        0x2 
 .text.ql_prv_version_model_verify
                0x508044dc       0x9c lib/libboot_ex_ql.a(quec_version_verify.c.obj)
                0x508044dc                ql_prv_version_model_verify
 .rodata.ql_boot_set_power_domain.str1.1
                0x50804578       0x1d lib/libboot_ex_spi6nor.a(quec_boot_pin_power_domain.c.obj)
 *fill*         0x50804595        0x3 
 .text.ql_boot_set_power_domain
                0x50804598       0xa0 lib/libboot_ex_spi6nor.a(quec_boot_pin_power_domain.c.obj)
                0x50804598                ql_boot_set_power_domain
 .text.quec_boot_pin_init
                0x50804638       0x4c lib/libboot_ex_spi6nor.a(quec_boot_pin_power_domain.c.obj)
                0x50804638                quec_boot_pin_init
 .text.quec_boot_get_pin_reg_default_val
                0x50804684       0x12 lib/libboot_ex_spi6nor.a(quec_boot_pin_power_domain.c.obj)
                0x50804684                quec_boot_get_pin_reg_default_val
 .text.quec_boot_set_pin_reg_default_val
                0x50804696       0x28 lib/libboot_ex_spi6nor.a(quec_boot_pin_power_domain.c.obj)
                0x50804696                quec_boot_set_pin_reg_default_val
 *fill*         0x508046be        0x2 
 .text.ql_set_spi6_ext_nor_flash_status
                0x508046c0        0xc lib/libboot_ex_spi6nor.a(quec_spi6_ext_norflash_cfg.c.obj)
                0x508046c0                ql_set_spi6_ext_nor_flash_status
 .text.ql_get_spi6_ext_nor_status
                0x508046cc        0xc lib/libboot_ex_spi6nor.a(quec_spi6_ext_norflash_cfg.c.obj)
                0x508046cc                ql_get_spi6_ext_nor_status
 .text.quec_spi6_ext_norflash_get_mount_status
                0x508046d8        0xc lib/libboot_ex_spi6nor.a(quec_spi6_ext_norflash_cfg.c.obj)
                0x508046d8                quec_spi6_ext_norflash_get_mount_status
 .rodata.quec_set_spi6_ext_nor_flash_capacity.str1.1
                0x508046e4       0x5c lib/libboot_ex_spi6nor.a(quec_spi6_ext_norflash_cfg.c.obj)
 .text.quec_set_spi6_ext_nor_flash_capacity
                0x50804740       0x84 lib/libboot_ex_spi6nor.a(quec_spi6_ext_norflash_cfg.c.obj)
                0x50804740                quec_set_spi6_ext_nor_flash_capacity
 .rodata.quec_spi6_ext_nor_flash_mount.str1.1
                0x508047c4       0x2f lib/libboot_ex_spi6nor.a(quec_spi6_ext_norflash_cfg.c.obj)
 *fill*         0x508047f3        0x1 
 .text.quec_spi6_ext_nor_flash_mount
                0x508047f4       0x7c lib/libboot_ex_spi6nor.a(quec_spi6_ext_norflash_cfg.c.obj)
                0x508047f4                quec_spi6_ext_nor_flash_mount
 .text.quec_spi6_ext_nor_flash_mkfs
                0x50804870       0x54 lib/libboot_ex_spi6nor.a(quec_spi6_ext_norflash_cfg.c.obj)
                0x50804870                quec_spi6_ext_nor_flash_mkfs
 .text.quec_boot_spi6_pin_init
                0x508048c4       0xe4 lib/libboot_ex_spi6nor.a(quec_spi6_ext_norflash_cfg.c.obj)
                0x508048c4                quec_boot_spi6_pin_init
 .text.quec_boot_spi6_ext_norflash_gpio_init
                0x508049a8        0xc lib/libboot_ex_spi6nor.a(quec_spi6_ext_norflash_cfg.c.obj)
                0x508049a8                quec_boot_spi6_ext_norflash_gpio_init
 .rodata.quec_boot_spi6_ext_norflash_init.str1.1
                0x508049b4       0x27 lib/libboot_ex_spi6nor.a(quec_spi6_ext_norflash_cfg.c.obj)
 *fill*         0x508049db        0x1 
 .text.quec_boot_spi6_ext_norflash_init
                0x508049dc       0x38 lib/libboot_ex_spi6nor.a(quec_spi6_ext_norflash_cfg.c.obj)
                0x508049dc                quec_boot_spi6_ext_norflash_init
 .text.quec_boot_get_spi6_ext_norflash_gpio_default_fuction
                0x50804a14       0x98 lib/libboot_ex_spi6nor.a(quec_spi6_ext_norflash_cfg.c.obj)
                0x50804a14                quec_boot_get_spi6_ext_norflash_gpio_default_fuction
 .text.quec_boot_spi6_ext_norflash_gpio_deinit
                0x50804aac       0x98 lib/libboot_ex_spi6nor.a(quec_spi6_ext_norflash_cfg.c.obj)
                0x50804aac                quec_boot_spi6_ext_norflash_gpio_deinit
 .rodata.__FUNCTION__.44892
                0x50804b44       0x25 lib/libboot_ex_spi6nor.a(quec_spi6_ext_norflash_cfg.c.obj)
 .rodata.__FUNCTION__.44904
                0x50804b69       0x1e lib/libboot_ex_spi6nor.a(quec_spi6_ext_norflash_cfg.c.obj)
 .rodata.__FUNCTION__.45048
                0x50804b87       0x21 lib/libboot_ex_spi6nor.a(quec_spi6_ext_norflash_cfg.c.obj)
 .text.unlikely.bootPanic
                0x50804ba8        0x2 lib/libbootloader.a(boot_delay.c.obj)
                0x50804ba8                osiPanic
                0x50804ba8                bootPanic
 *fill*         0x50804baa        0x2 
 .text.bootElapsedTimerStart
                0x50804bac       0x10 lib/libbootloader.a(boot_delay.c.obj)
                0x50804bac                osiElapsedTimerStart
                0x50804bac                bootElapsedTimerStart
 .text.bootElapsedTime
                0x50804bbc       0x1c lib/libbootloader.a(boot_delay.c.obj)
                0x50804bbc                bootElapsedTime
                0x50804bbc                osiElapsedTime
 .text.bootElapsedTimeUS
                0x50804bd8       0x14 lib/libbootloader.a(boot_delay.c.obj)
                0x50804bd8                bootElapsedTimeUS
                0x50804bd8                osiElapsedTimeUS
 .text.bootEfuseReadWrite
                0x50804bec       0x3c lib/libbootloader.a(boot_efuse.c.obj)
                0x50804bec                bootEfuseReadWrite
 .text.bootEfuseRead
                0x50804c28       0x20 lib/libbootloader.a(boot_efuse.c.obj)
                0x50804c28                bootEfuseRead
 .text._fdl_read.isra.0
                0x50804c48       0x24 lib/libbootloader.a(boot_fdl.c.obj)
 .text._fdl_write_all.isra.0
                0x50804c6c       0x1c lib/libbootloader.a(boot_fdl.c.obj)
 .text.fdlEngineCreate
                0x50804c88       0x34 lib/libbootloader.a(boot_fdl.c.obj)
                0x50804c88                fdlEngineCreate
 .text.fdlEngineGetChannel
                0x50804cbc        0x4 lib/libbootloader.a(boot_fdl.c.obj)
                0x50804cbc                fdlEngineGetChannel
 .text.fdlEngineGetMaxPacketLen
                0x50804cc0        0x4 lib/libbootloader.a(boot_fdl.c.obj)
                0x50804cc0                fdlEngineGetMaxPacketLen
 .text.fdlEngineSendPacket
                0x50804cc4      0x114 lib/libbootloader.a(boot_fdl.c.obj)
                0x50804cc4                fdlEngineSendPacket
 .rodata.fdlEngineSendVersion.str1.1
                0x50804dd8       0x22 lib/libbootloader.a(boot_fdl.c.obj)
 *fill*         0x50804dfa        0x2 
 .text.fdlEngineSendVersion
                0x50804dfc       0x3c lib/libbootloader.a(boot_fdl.c.obj)
                0x50804dfc                fdlEngineSendVersion
 .text.fdlEngineSendRespNoData
                0x50804e38       0x1a lib/libbootloader.a(boot_fdl.c.obj)
                0x50804e38                fdlEngineSendRespNoData
 *fill*         0x50804e52        0x2 
 .text.fdlEngineSendRespData
                0x50804e54       0x64 lib/libbootloader.a(boot_fdl.c.obj)
                0x50804e54                fdlEngineSendRespData
 .text.fdlEngineSetBaud
                0x50804eb8        0xa lib/libbootloader.a(boot_fdl.c.obj)
                0x50804eb8                fdlEngineSetBaud
 *fill*         0x50804ec2        0x2 
 .text.fdlEngineProcess
                0x50804ec4      0x180 lib/libbootloader.a(boot_fdl.c.obj)
                0x50804ec4                fdlEngineProcess
 .text.fdlEngineIdentify
                0x50805044       0x4c lib/libbootloader.a(boot_fdl.c.obj)
                0x50805044                fdlEngineIdentify
 .text.prvUartConnected
                0x50805090        0x4 lib/libbootloader.a(boot_ifc_uart.c.obj)
 .text.prvUartDestroy
                0x50805094        0x4 lib/libbootloader.a(boot_ifc_uart.c.obj)
 .text.prvUartBaudSupported
                0x50805098        0x4 lib/libbootloader.a(boot_ifc_uart.c.obj)
 .text.bootUartSetBaud
                0x5080509c      0x150 lib/libbootloader.a(boot_ifc_uart.c.obj)
                0x5080509c                bootUartSetBaud
 .text.bootUartOpen
                0x508051ec       0xf4 lib/libbootloader.a(boot_ifc_uart.c.obj)
                0x508051ec                bootUartOpen
 .text.prvUartSetBaud
                0x508052e0        0x6 lib/libbootloader.a(boot_ifc_uart.c.obj)
 .text.bootUartRead
                0x508052e6       0x22 lib/libbootloader.a(boot_ifc_uart.c.obj)
                0x508052e6                bootUartRead
 .text.prvUartFlushInput
                0x50805308       0x18 lib/libbootloader.a(boot_ifc_uart.c.obj)
 .text.prvUartRead
                0x50805320        0x6 lib/libbootloader.a(boot_ifc_uart.c.obj)
 .text.bootUartWrite
                0x50805326       0x24 lib/libbootloader.a(boot_ifc_uart.c.obj)
                0x50805326                bootUartWrite
 .text.prvUartWrite
                0x5080534a        0x6 lib/libbootloader.a(boot_ifc_uart.c.obj)
                0x5080534a                prvUartWrite
 .text.bootUartFlush
                0x50805350       0x1c lib/libbootloader.a(boot_ifc_uart.c.obj)
                0x50805350                bootUartFlush
 .text.prvUartFlush
                0x5080536c        0x6 lib/libbootloader.a(boot_ifc_uart.c.obj)
 *fill*         0x50805372        0x2 
 .text.fdlOpenUart
                0x50805374       0x74 lib/libbootloader.a(boot_ifc_uart.c.obj)
                0x50805374                fdlOpenUart
 .text.bootIrqHandler
                0x508053e8       0x34 lib/libbootloader.a(boot_irq_gic.c.obj)
                0x508053e8                bootIrqHandler
 .text._heap_malloc
                0x5080541c       0x38 lib/libbootloader.a(boot_mem.c.obj)
 .text._heap_calloc
                0x50805454       0x26 lib/libbootloader.a(boot_mem.c.obj)
 *fill*         0x5080547a        0x2 
 .text._heap_free
                0x5080547c       0x78 lib/libbootloader.a(boot_mem.c.obj)
 .text.bootHeapInit
                0x508054f4       0x4c lib/libbootloader.a(boot_mem.c.obj)
                0x508054f4                bootHeapInit
 .text.bootFree
                0x50805540       0x34 lib/libbootloader.a(boot_mem.c.obj)
                0x50805540                bootFree
 .text.bootHeapDefaultExtRam
                0x50805574       0x10 lib/libbootloader.a(boot_mem.c.obj)
                0x50805574                bootHeapDefaultExtRam
 .text.malloc   0x50805584       0x10 lib/libbootloader.a(boot_mem.c.obj)
                0x50805584                malloc
 .text.calloc   0x50805594       0x10 lib/libbootloader.a(boot_mem.c.obj)
                0x50805594                calloc
 .text.free     0x508055a4        0x4 lib/libbootloader.a(boot_mem.c.obj)
                0x508055a4                free
 .text.bootMmuEnable
                0x508055a8      0x268 lib/libbootloader.a(boot_mmu.c.obj)
                0x508055a8                bootMmuEnable
 .text.osiMutexCreate
                0x50805810        0x4 lib/libbootloader.a(boot_override.c.obj)
                0x50805810                osiMutexCreate
 .text.osiMutexDelete
                0x50805814        0x2 lib/libbootloader.a(boot_override.c.obj)
                0x50805814                osiMutexDelete
 .text.osiMutexLock
                0x50805816        0x2 lib/libbootloader.a(boot_override.c.obj)
                0x50805816                osiMutexLock
 .text.osiMutexUnlock
                0x50805818        0x2 lib/libbootloader.a(boot_override.c.obj)
                0x50805818                osiMutexUnlock
 *fill*         0x5080581a        0x2 
 .text.bootReset
                0x5080581c       0x4c lib/libbootloader.a(boot_platform.c.obj)
                0x5080581c                bootReset
 .text._psmPrepare
                0x50805868      0x13c lib/libbootloader.a(boot_platform.c.obj)
                0x50805868                _psmPrepare
 .text.bootPowerOff
                0x508059a4       0x68 lib/libbootloader.a(boot_platform.c.obj)
                0x508059a4                bootPowerOff
 .text.bootResetPinEnable
                0x50805a0c       0x5c lib/libbootloader.a(boot_platform.c.obj)
                0x50805a0c                bootResetPinEnable
 .text.bootPlatformInit
                0x50805a68       0x40 lib/libbootloader.a(boot_platform.c.obj)
                0x50805a68                bootPlatformInit
 .text.bootBlueScreen
                0x50805aa8        0xc lib/libbootloader.a(boot_platform.c.obj)
                0x50805aa8                bootBlueScreen
 .text.bootGetEfuseCtx
                0x50805ab4       0x34 lib/libbootloader.a(boot_secure.c.obj)
                0x50805ab4                bootGetEfuseCtx
 .text.bootSimageCheckSign
                0x50805ae8       0x1c lib/libbootloader.a(boot_secure.c.obj)
                0x50805ae8                bootSimageCheckSign
 .text.bootSecureBootEnable
                0x50805b04        0xc lib/libbootloader.a(boot_secure.c.obj)
                0x50805b04                bootSecureBootEnable
 .text.drvSpiFlashOpen
                0x50805b10        0x4 lib/libbootloader.a(boot_sffs_port.c.obj)
                0x50805b10                drvSpiFlashOpen
 .text.drvSpiFlashWrite
                0x50805b14        0x4 lib/libbootloader.a(boot_sffs_port.c.obj)
                0x50805b14                drvSpiFlashWrite
 .text.drvSpiFlashErase
                0x50805b18        0x4 lib/libbootloader.a(boot_sffs_port.c.obj)
                0x50805b18                drvSpiFlashErase
 .text.drvSpiFlashRead
                0x50805b1c        0x4 lib/libbootloader.a(boot_sffs_port.c.obj)
                0x50805b1c                drvSpiFlashRead
 .text.drvSpiFlashReadCheck
                0x50805b20        0x4 lib/libbootloader.a(boot_sffs_port.c.obj)
                0x50805b20                drvSpiFlashReadCheck
 .text.prvErase
                0x50805b24       0x1e lib/libbootloader.a(boot_spi_flash.c.obj)
 *fill*         0x50805b42        0x2 
 .text.bootSpiFlashOpen
                0x50805b44       0x40 lib/libbootloader.a(boot_spi_flash.c.obj)
                0x50805b44                bootSpiFlashOpen
 .text.bootSpiFlashMapAddress
                0x50805b84        0x6 lib/libbootloader.a(boot_spi_flash.c.obj)
                0x50805b84                bootSpiFlashMapAddress
 .text.bootSpiFlashMapAddressValid
                0x50805b8a       0x18 lib/libbootloader.a(boot_spi_flash.c.obj)
                0x50805b8a                bootSpiFlashMapAddressValid
 .text.bootSpiFlashIsDone
                0x50805ba2        0x6 lib/libbootloader.a(boot_spi_flash.c.obj)
                0x50805ba2                bootSpiFlashIsDone
 .text.bootSpiFlashWaitDone
                0x50805ba8       0x16 lib/libbootloader.a(boot_spi_flash.c.obj)
                0x50805ba8                bootSpiFlashWaitDone
 .text.bootSpiFlashWriteNoWait
                0x50805bbe       0x70 lib/libbootloader.a(boot_spi_flash.c.obj)
                0x50805bbe                bootSpiFlashWriteNoWait
 .text.bootSpiFlashEraseNoWait
                0x50805c2e       0xd4 lib/libbootloader.a(boot_spi_flash.c.obj)
                0x50805c2e                bootSpiFlashEraseNoWait
 .text.bootSpiFlashChipErase
                0x50805d02       0x36 lib/libbootloader.a(boot_spi_flash.c.obj)
                0x50805d02                bootSpiFlashChipErase
 .text.bootSpiFlashErase
                0x50805d38       0x3c lib/libbootloader.a(boot_spi_flash.c.obj)
                0x50805d38                bootSpiFlashErase
 .text.bootSpiFlashWrite
                0x50805d74       0x46 lib/libbootloader.a(boot_spi_flash.c.obj)
                0x50805d74                bootSpiFlashWrite
 .text.bootSpiFlashRead
                0x50805dba       0x26 lib/libbootloader.a(boot_spi_flash.c.obj)
                0x50805dba                bootSpiFlashRead
 .text.bootSpiFlashReadCheck
                0x50805de0       0x2e lib/libbootloader.a(boot_spi_flash.c.obj)
                0x50805de0                bootSpiFlashReadCheck
 *fill*         0x50805e0e        0x2 
 .text.bootTraceInit
                0x50805e10       0x30 lib/libbootloader.a(boot_trace.c.obj)
                0x50805e10                bootTraceInit
 .text.bootTraceBufPut
                0x50805e40       0x18 lib/libbootloader.a(boot_trace.c.obj)
                0x50805e40                bootTraceBufPut
                0x50805e40                osiTraceBufPut
 .text.bootTraceBufPutMulti
                0x50805e58       0x18 lib/libbootloader.a(boot_trace.c.obj)
                0x50805e58                bootTraceBufPutMulti
                0x50805e58                osiTraceBufPutMulti
 .text.osiTraceTick
                0x50805e70       0x14 lib/libbootloader.a(boot_trace.c.obj)
                0x50805e70                osiTraceTick
 .text.bootUartWriteAll
                0x50805e84       0x2a lib/libbootloader.a(boot_uart_cmn.c.obj)
                0x50805e84                bootUartWriteAll
 .text.prvUartWriteByte
                0x50805eae       0x16 lib/libbootloader.a(boot_uart_cmn.c.obj)
 .text.prvUartSendHdlc
                0x50805ec4       0x32 lib/libbootloader.a(boot_uart_cmn.c.obj)
 .text.bootUartWriteHdlc
                0x50805ef6       0x2e lib/libbootloader.a(boot_uart_cmn.c.obj)
                0x50805ef6                bootUartWriteHdlc
 .text.bootUartWriteMultiHdlc
                0x50805f24       0x3c lib/libbootloader.a(boot_uart_cmn.c.obj)
                0x50805f24                bootUartWriteMultiHdlc
 .text._flushInput
                0x50805f60        0x2 lib/libbootloader.a(boot_userial.c.obj)
 .text._connected
                0x50805f62        0x4 lib/libbootloader.a(boot_userial.c.obj)
 .text._setBaud
                0x50805f66        0x4 lib/libbootloader.a(boot_userial.c.obj)
 .text._destroy
                0x50805f6a        0x4 lib/libbootloader.a(boot_userial.c.obj)
 .text._flush   0x50805f6e        0x6 lib/libbootloader.a(boot_userial.c.obj)
 .text._read    0x50805f74       0x2a lib/libbootloader.a(boot_userial.c.obj)
 .text._write   0x50805f9e       0x22 lib/libbootloader.a(boot_userial.c.obj)
 .text.fdlOpenUsbSerial
                0x50805fc0       0xac lib/libbootloader.a(boot_userial.c.obj)
                0x50805fc0                fdlOpenUsbSerial
 .text._getFileByFd
                0x5080606c       0x34 lib/libbootloader.a(boot_vfs.c.obj)
 .text._getFileByPath
                0x508060a0       0x74 lib/libbootloader.a(boot_vfs.c.obj)
 .rodata.quec_boot_check_path_valid.str1.1
                0x50806114       0x15 lib/libbootloader.a(boot_vfs.c.obj)
 .text.quec_boot_check_path_valid
                0x50806114       0x5c lib/libbootloader.a(boot_vfs.c.obj)
                0x50806114                quec_boot_check_path_valid
 .text.bootVfsMount
                0x50806170       0x70 lib/libbootloader.a(boot_vfs.c.obj)
                0x50806170                bootVfsMount
 .text.bootVfsMountHandle
                0x508061e0       0x38 lib/libbootloader.a(boot_vfs.c.obj)
                0x508061e0                vfs_mount_handle
                0x508061e0                bootVfsMountHandle
 .text.bootVfsUmount
                0x50806218       0x50 lib/libbootloader.a(boot_vfs.c.obj)
                0x50806218                bootVfsUmount
                0x50806218                vfs_umount
 .text.bootVfsUmountAll
                0x50806268       0x20 lib/libbootloader.a(boot_vfs.c.obj)
                0x50806268                bootVfsUmountAll
                0x50806268                vfs_umount_all
 .rodata.bootVfsOpen.str1.1
                0x50806288       0x1f lib/libbootloader.a(boot_vfs.c.obj)
 *fill*         0x508062a7        0x1 
 .text.bootVfsOpen
                0x508062a8       0x88 lib/libbootloader.a(boot_vfs.c.obj)
                0x508062a8                vfs_open
                0x508062a8                bootVfsOpen
 .text.bootVfsRead
                0x50806330       0x36 lib/libbootloader.a(boot_vfs.c.obj)
                0x50806330                vfs_read
                0x50806330                bootVfsRead
 *fill*         0x50806366        0x2 
 .text.bootVfsFstat
                0x50806368       0x58 lib/libbootloader.a(boot_vfs.c.obj)
                0x50806368                vfs_fstat
                0x50806368                bootVfsFstat
 .text.bootVfsClose
                0x508063c0       0x30 lib/libbootloader.a(boot_vfs.c.obj)
                0x508063c0                vfs_close
                0x508063c0                bootVfsClose
 .text.bootVfsUnlink
                0x508063f0       0x32 lib/libbootloader.a(boot_vfs.c.obj)
                0x508063f0                bootVfsUnlink
                0x508063f0                vfs_unlink
 .text.bootVfsRmDir
                0x50806422       0x24 lib/libbootloader.a(boot_vfs.c.obj)
                0x50806422                bootVfsRmDir
                0x50806422                vfs_rmdir
 .text.bootVfsStatVfs
                0x50806446       0x24 lib/libbootloader.a(boot_vfs.c.obj)
                0x50806446                bootVfsStatVfs
                0x50806446                vfs_statvfs
 .text.bootVfsFileSize
                0x5080646a       0x40 lib/libbootloader.a(boot_vfs.c.obj)
                0x5080646a                vfs_file_size
                0x5080646a                bootVfsFileSize
                0x5080646a                vfs_sfile_size
 .text.bootVfsFileRead
                0x508064aa       0x2a lib/libbootloader.a(boot_vfs.c.obj)
                0x508064aa                vfs_sfile_read
                0x508064aa                vfs_file_read
                0x508064aa                bootVfsFileRead
 .text.bootVfsFileWrite
                0x508064d4       0x2c lib/libbootloader.a(boot_vfs.c.obj)
                0x508064d4                vfs_file_write
                0x508064d4                bootVfsFileWrite
 .text.bootVfsSfileWrite
                0x50806500       0x44 lib/libbootloader.a(boot_vfs.c.obj)
                0x50806500                vfs_sfile_write
                0x50806500                bootVfsSfileWrite
 .rodata.quec_boot_fota_force_finish.str1.1
                0x50806544       0x31 lib/libbootloader.a(boot_vfs.c.obj)
 *fill*         0x50806575        0x3 
 .text.quec_boot_fota_force_finish
                0x50806578       0x40 lib/libbootloader.a(boot_vfs.c.obj)
                0x50806578                quec_boot_fota_force_finish
 .text.bootVfsMkPath
                0x508065b8       0x72 lib/libbootloader.a(boot_vfs.c.obj)
                0x508065b8                vfs_mkpath
                0x508065b8                bootVfsMkPath
 .text.bootVfsMkFilePath
                0x5080662a       0x80 lib/libbootloader.a(boot_vfs.c.obj)
                0x5080662a                vfs_mkfilepath
                0x5080662a                bootVfsMkFilePath
 .rodata.bootVfsRmChildren.str1.1
                0x508066aa        0x2 lib/libbootloader.a(boot_vfs.c.obj)
 .text.bootVfsRmChildren
                0x508066ac       0xd0 lib/libbootloader.a(boot_vfs.c.obj)
                0x508066ac                bootVfsRmChildren
                0x508066ac                vfs_rmchildren
 .text.bootSffsMount
                0x5080677c       0x3e lib/libbootloader.a(boot_vfs.c.obj)
                0x5080677c                bootSffsMount
                0x5080677c                sffsVfsMount
 .text.bootSffsMkfs
                0x508067ba        0xa lib/libbootloader.a(boot_vfs.c.obj)
                0x508067ba                sffsVfsMkfs
                0x508067ba                bootSffsMkfs
 .rodata.__FUNCTION__.43476
                0x508067c4       0x1c lib/libbootloader.a(boot_vfs.c.obj)
 .rodata.__FUNCTION__.43520
                0x508067e0        0xc lib/libbootloader.a(boot_vfs.c.obj)
 .text.prvPushHead
                0x508067ec      0x1f4 lib/libcpio_parser.a(cpio_parser.c.obj)
 .rodata.prvPushData.str1.1
                0x508069e0        0xb lib/libcpio_parser.a(cpio_parser.c.obj)
 *fill*         0x508069eb        0x1 
 .text.prvPushData
                0x508069ec       0xf8 lib/libcpio_parser.a(cpio_parser.c.obj)
 .text.cpioStreamCreate
                0x50806ae4       0x2e lib/libcpio_parser.a(cpio_parser.c.obj)
                0x50806ae4                cpioStreamCreate
 .text.cpioStreamDestroy
                0x50806b12       0x56 lib/libcpio_parser.a(cpio_parser.c.obj)
                0x50806b12                cpioStreamDestroy
 .text.cpioStreamPushData
                0x50806b68       0x38 lib/libcpio_parser.a(cpio_parser.c.obj)
                0x50806b68                cpioStreamPushData
 .text.cpioStreamPopFile
                0x50806ba0       0x38 lib/libcpio_parser.a(cpio_parser.c.obj)
                0x50806ba0                cpioStreamPopFile
 .text.cpioStreamDestroyFile
                0x50806bd8       0x1c lib/libcpio_parser.a(cpio_parser.c.obj)
                0x50806bd8                cpioStreamDestroyFile
 .text.lz4LiteSfileWrite
                0x50806bf4       0x58 lib/libfs.a(compress_sfile.c.obj)
                0x50806bf4                lz4LiteSfileWrite
 .text.lz4LiteSfileRead
                0x50806c4c       0x5c lib/libfs.a(compress_sfile.c.obj)
                0x50806c4c                lz4LiteSfileRead
 .rodata.compSfileRead.str1.1
                0x50806ca8      0x28b lib/libfs.a(compress_sfile.c.obj)
                                  0x5 (size before relaxing)
 .text.compSfileRead
                0x50806ca8       0x90 lib/libfs.a(compress_sfile.c.obj)
                0x50806ca8                compSfileRead
 .text.compSfileWrite
                0x50806d38       0xac lib/libfs.a(compress_sfile.c.obj)
                0x50806d38                compSfileWrite
 .text          0x50806de4      0x160 lib/libfs_partinfo.a(partinfo.bin.S.obj)
                0x50806de4                gPartInfo
 .text.quec_fs_part_info_init
                0x50806f44       0x10 lib/libfs_partinfo.a(ql_fs_part_info.c.obj)
                0x50806f44                quec_fs_part_info_init
 .text.prvFlagIgnored
                0x50806f54       0x20 lib/libfsmount.a(fs_mount.c.obj)
 .text.prvFlagFormatOnFail
                0x50806f74       0x20 lib/libfsmount.a(fs_mount.c.obj)
 .text.prvRegisterBlockDevice
                0x50806f94       0x44 lib/libfsmount.a(fs_mount.c.obj)
 .text.fsFindBlockDeviceByName
                0x50806fd8       0x1c lib/libfsmount.a(fs_mount.c.obj)
                0x50806fd8                fsFindBlockDeviceByName
 .text.prvCreateSubpart
                0x50806ff4       0x64 lib/libfsmount.a(fs_mount.c.obj)
 .text.prvDescSize
                0x50807058       0x38 lib/libfsmount.a(fs_mount.c.obj)
                0x50807058                prvDescSize
 .text.prvFindSffsDescByMount
                0x50807090       0x50 lib/libfsmount.a(fs_mount.c.obj)
 .text.prvFindFbdevDescByName
                0x508070e0       0x3c lib/libfsmount.a(fs_mount.c.obj)
 .text.prvFindSffsDescByDeviceName
                0x5080711c       0x3c lib/libfsmount.a(fs_mount.c.obj)
 .text.prvMountSffs
                0x50807158       0xac lib/libfsmount.a(fs_mount.c.obj)
                0x50807158                prvMountSffs
 .rodata.prvCreateFbdev2.str1.1
                0x50807204       0x1d lib/libfsmount.a(fs_mount.c.obj)
 *fill*         0x50807221        0x3 
 .text.prvCreateFbdev2
                0x50807224       0xc0 lib/libfsmount.a(fs_mount.c.obj)
                0x50807224                prvCreateFbdev2
 .text.fsMountFormat
                0x508072e4       0x44 lib/libfsmount.a(fs_mount.c.obj)
                0x508072e4                fsMountFormat
 .text.fsMountFsPath
                0x50807328       0x58 lib/libfsmount.a(fs_mount.c.obj)
                0x50807328                fsMountFsPath
 .text.fsMountFormatFlash
                0x50807380      0x14c lib/libfsmount.a(fs_mount.c.obj)
                0x50807380                fsMountFormatFlash
 .text.fsMountSetScenario
                0x508074cc       0x14 lib/libfsmount.a(fs_mount.c.obj)
                0x508074cc                fsMountSetScenario
 .text.fsMountAll
                0x508074e0      0x150 lib/libfsmount.a(fs_mount.c.obj)
                0x508074e0                fsMountAll
 .text.fsMountWithFormatAll
                0x50807630      0x144 lib/libfsmount.a(fs_mount.c.obj)
                0x50807630                fsMountWithFormatAll
 .text.fsUmountAll
                0x50807774       0x24 lib/libfsmount.a(fs_mount.c.obj)
                0x50807774                fsUmountAll
 .rodata.str1.1
                0x50807798       0x2f lib/libfupdate_core.a(fupdate_common.c.obj)
                                 0x40 (size before relaxing)
 *fill*         0x508077c7        0x1 
 .text.prvAdiRegInit
                0x508077c8       0x1c lib/libhal.a(hal_adi_bus.c.obj)
 .text.halAdiBusInit
                0x508077e4        0x4 lib/libhal.a(hal_adi_bus.c.obj)
                0x508077e4                halAdiBusInit
 .text.halAdiBusRead
                0x508077e8       0x78 lib/libhal.a(hal_adi_bus.c.obj)
                0x508077e8                halAdiBusRead
 .text.halAdiBusWrite
                0x50807860       0x28 lib/libhal.a(hal_adi_bus.c.obj)
                0x50807860                halAdiBusWrite
 .text.halAdiBusChange
                0x50807888       0xa4 lib/libhal.a(hal_adi_bus.c.obj)
                0x50807888                halAdiBusChange
 .rodata        0x5080792c        0x4 lib/libhal.a(hal_adi_bus.c.obj)
 .text.prvFillHex
                0x50807930       0x48 lib/libhal.a(hal_blue_screen.c.obj)
 .text.halBlueScreenSaveContext
                0x50807978       0x5c lib/libhal.a(hal_blue_screen.c.obj)
                0x50807978                halBlueScreenSaveContext
 .rodata.hex.43273
                0x508079d4       0x10 lib/libhal.a(hal_blue_screen.c.obj)
 .text.halCalcFracDivider
                0x508079e4       0xd8 lib/libhal.a(hal_chip.c.obj)
                0x508079e4                halCalcFracDivider
 .text.halSaveBlueScreenReg
                0x50807abc      0x328 lib/libhal.a(hal_chip_armv7a.c.obj)
                0x50807abc                halSaveBlueScreenReg
 .text.prvPsramPhyConfig
                0x50807de4      0x15c lib/libhal.a(hal_clock_init.c.obj)
 .text.prvDelayUS
                0x50807f40       0x14 lib/libhal.a(hal_clock_init.c.obj)
 .text.prvPsramDmc400Config
                0x50807f54       0xc0 lib/libhal.a(hal_clock_init.c.obj)
 .text.prvDmc400QosConfig
                0x50808014       0xb0 lib/libhal.a(hal_clock_init.c.obj)
 .text.pll_cpst0
                0x508080c4       0x54 lib/libhal.a(hal_clock_init.c.obj)
 .text.pll_cpst1
                0x50808118       0x4c lib/libhal.a(hal_clock_init.c.obj)
 .text.halRamInit
                0x50808164      0x118 lib/libhal.a(hal_clock_init.c.obj)
                0x50808164                halRamInit
 .text.halClockInit
                0x5080827c      0x144 lib/libhal.a(hal_clock_init.c.obj)
                0x5080827c                halClockInit
 .rodata        0x508083c0        0x4 lib/libhal.a(hal_clock_init.c.obj)
 .text.prvEfuseWrite
                0x508083c4       0x90 lib/libhal.a(hal_efuse.c.obj)
 .text.halEfuseOpen
                0x50808454       0x10 lib/libhal.a(hal_efuse.c.obj)
                0x50808454                halEfuseOpen
 .text.halEfuseClose
                0x50808464       0x10 lib/libhal.a(hal_efuse.c.obj)
                0x50808464                halEfuseClose
 .text.halEfuseSingleRead
                0x50808474       0x30 lib/libhal.a(hal_efuse.c.obj)
                0x50808474                halEfuseSingleRead
 .text.halEfuseDoubleRead
                0x508084a4       0x2c lib/libhal.a(hal_efuse.c.obj)
                0x508084a4                halEfuseDoubleRead
 .text.halEfuseSingleWrite
                0x508084d0        0xa lib/libhal.a(hal_efuse.c.obj)
                0x508084d0                halEfuseSingleWrite
 .text.halEfuseDoubleWrite
                0x508084da        0xa lib/libhal.a(hal_efuse.c.obj)
                0x508084da                halEfuseDoubleWrite
 .text.osiBitmapSet
                0x508084e4       0x2c lib/libhal.a(hal_efuse_cache.c.obj)
 .text.osiBitmapClear
                0x50808510       0x2e lib/libhal.a(hal_efuse_cache.c.obj)
 .text.osiBitmapIsSet
                0x5080853e       0x2e lib/libhal.a(hal_efuse_cache.c.obj)
 .text.prvEfuseInit
                0x5080856c       0xd4 lib/libhal.a(hal_efuse_cache.c.obj)
 .rodata.prvEfuseLoadLockBit.str1.1
                0x50808640       0x18 lib/libhal.a(hal_efuse_cache.c.obj)
 .text.prvEfuseLoadLockBit
                0x50808658       0x7c lib/libhal.a(hal_efuse_cache.c.obj)
 .text.halEfuseReadWrite
                0x508086d4      0x264 lib/libhal.a(hal_efuse_cache.c.obj)
                0x508086d4                halEfuseReadWrite
 .text.halHwspinlockAcquire
                0x50808938       0x3c lib/libhal.a(hal_hwspinlock.c.obj)
                0x50808938                halHwspinlockAcquire
 .text.halHwspinlockRelease
                0x50808974       0x44 lib/libhal.a(hal_hwspinlock.c.obj)
                0x50808974                halHwspinlockRelease
 .text.halHwspinlockAcquireInCritical
                0x508089b8       0x12 lib/libhal.a(hal_hwspinlock.c.obj)
                0x508089b8                halHwspinlockAcquireInCritical
 *fill*         0x508089ca        0x2 
 .text.halHwspinlockReleaseInCritical
                0x508089cc       0x14 lib/libhal.a(hal_hwspinlock.c.obj)
                0x508089cc                halHwspinlockReleaseInCritical
 .text.halPmuExtFlashPowerOn
                0x508089e0       0x78 lib/libhal.a(hal_pmu.c.obj)
                0x508089e0                halPmuExtFlashPowerOn
 .text.halRomApiInit
                0x50808a58        0x4 lib/libhal.a(hal_rom_api.c.obj)
                0x50808a58                halRomApiInit
 .text.halRomSimageSignVerify
                0x50808a5c       0x12 lib/libhal.a(hal_rom_api.c.obj)
                0x50808a5c                halRomSimageSignVerify
 .text.halRomGetUserial
                0x50808a6e        0xa lib/libhal.a(hal_rom_api.c.obj)
                0x50808a6e                halRomGetUserial
 .text.halRomUserialGetChar
                0x50808a78        0xa lib/libhal.a(hal_rom_api.c.obj)
                0x50808a78                halRomUserialGetChar
 .text.halRomUserialPutChar
                0x50808a82        0xa lib/libhal.a(hal_rom_api.c.obj)
                0x50808a82                halRomUserialPutChar
 .text.halRomUserialFlush
                0x50808a8c        0xa lib/libhal.a(hal_rom_api.c.obj)
                0x50808a8c                halRomUserialFlush
 .text.getEfuseContent
                0x50808a96        0x8 lib/libhal.a(hal_rom_api.c.obj)
                0x50808a96                getEfuseContent
 .rodata.str1.1
                0x50808a9e       0x19 lib/libhal.a(hal_spi_flash.c.obj)
 *fill*         0x50808ab7        0x1 
 .text.prvSetPadDriving.isra.0
                0x50808ab8       0x16 lib/libhal_prop.a(hal_iomux.c.obj)
 .text.prvSetPadPull.isra.0
                0x50808ace       0x54 lib/libhal_prop.a(hal_iomux.c.obj)
 .text.prvSetPad
                0x50808b22       0x3e lib/libhal_prop.a(hal_iomux.c.obj)
 .text.halIomuxSetFunction
                0x50808b60       0x80 lib/libhal_prop.a(hal_iomux.c.obj)
                0x50808b60                halIomuxSetFunction
 .rodata.gPadProp
                0x50808be0      0x330 lib/libhal_prop.a(hal_iomux.c.obj)
 .text.quec_spi_flash_props_init
                0x50808f10       0x20 lib/libhal_prop.a(ql_hal_spi_flash_prop.c.obj)
                0x50808f10                quec_spi_flash_props_init
 .rodata.ql_ext_flash_cfg
                0x50808f30        0x3 lib/libhal_prop.a(ql_hal_spi_flash_prop.c.obj)
                0x50808f30                ql_ext_flash_cfg
 *fill*         0x50808f33        0x1 
 .text.LZ4_wildCopy8
                0x50808f34       0x20 lib/liblz4.a(lz4.c.obj)
 .text.LZ4_count
                0x50808f54       0xc0 lib/liblz4.a(lz4.c.obj)
 .text.LZ4_putPosition
                0x50809014       0x40 lib/liblz4.a(lz4.c.obj)
 .text.LZ4_hashPosition
                0x50809054       0x28 lib/liblz4.a(lz4.c.obj)
 .text.LZ4_decompress_generic
                0x5080907c      0x430 lib/liblz4.a(lz4.c.obj)
 .text.LZ4_compress_generic
                0x508094ac      0x704 lib/liblz4.a(lz4.c.obj)
 .text.LZ4_compressBound
                0x50809bb0       0x1a lib/liblz4.a(lz4.c.obj)
                0x50809bb0                LZ4_compressBound
 .text.LZ4_initStream
                0x50809bca       0x22 lib/liblz4.a(lz4.c.obj)
                0x50809bca                LZ4_initStream
 .text.LZ4_compress_fast_extState
                0x50809bec       0xa8 lib/liblz4.a(lz4.c.obj)
                0x50809bec                LZ4_compress_fast_extState
 .text.LZ4_compress_fast
                0x50809c94       0x3e lib/liblz4.a(lz4.c.obj)
                0x50809c94                LZ4_compress_fast
 .text.LZ4_compress_default
                0x50809cd2        0xe lib/liblz4.a(lz4.c.obj)
                0x50809cd2                LZ4_compress_default
 .text.LZ4_decompress_safe
                0x50809ce0       0x1c lib/liblz4.a(lz4.c.obj)
                0x50809ce0                LZ4_decompress_safe
 .rodata.dec64table
                0x50809cfc       0x20 lib/liblz4.a(lz4.c.obj)
 .rodata.inc32table
                0x50809d1c       0x20 lib/liblz4.a(lz4.c.obj)
 .text.lz4LiteCompress
                0x50809d3c       0x3e lib/liblz4.a(lz4lite.c.obj)
                0x50809d3c                lz4LiteCompress
 .text.lz4LiteDecompress
                0x50809d7a       0x14 lib/liblz4.a(lz4lite.c.obj)
                0x50809d7a                lz4LiteDecompress
 .text.lz4LiteCompressBound
                0x50809d8e       0x10 lib/liblz4.a(lz4lite.c.obj)
                0x50809d8e                lz4LiteCompressBound
 *fill*         0x50809d9e        0x2 
 .text.lz4LiteContentSize
                0x50809da0       0x40 lib/liblz4.a(lz4lite.c.obj)
                0x50809da0                lz4LiteContentSize
 .text.prvGetDescById
                0x50809de0       0x20 lib/libnvm.a(nvm.c.obj)
 .rodata.prvRunningNvFileName.str1.1
                0x50809e00        0x2 lib/libnvm.a(nvm.c.obj)
 .text.prvRunningNvFileName
                0x50809e00       0x28 lib/libnvm.a(nvm.c.obj)
 .rodata.nvmInit.str1.1
                0x50809e28        0xb lib/libnvm.a(nvm.c.obj)
 .rodata.nvmReadNvDirect.str1.1
                0x50809e33       0x12 lib/libnvm.a(nvm.c.obj)
 *fill*         0x50809e45        0x3 
 .text.nvmReadNvDirect
                0x50809e48       0x48 lib/libnvm.a(nvm.c.obj)
                0x50809e48                nvmReadNvDirect
 .text.prvReadItem
                0x50809e90       0xe4 lib/libnvm.a(nvm.c.obj)
 .text.nvmWriteNvDirect
                0x50809f74       0x64 lib/libnvm.a(nvm.c.obj)
                0x50809f74                nvmWriteNvDirect
 .text.prvWriteItem
                0x50809fd8       0xc4 lib/libnvm.a(nvm.c.obj)
 .text.nvmReadFixedItem
                0x5080a09c       0x2c lib/libnvm.a(nvm.c.obj)
                0x5080a09c                nvmReadFixedItem
 .text.nvmWriteFixedItem
                0x5080a0c8       0x2c lib/libnvm.a(nvm.c.obj)
                0x5080a0c8                nvmWriteFixedItem
 .text.nvmClearRunning
                0x5080a0f4       0x28 lib/libnvm.a(nvm.c.obj)
                0x5080a0f4                nvmClearRunning
 .rodata.nvmReadPhasecheck.str1.1
                0x5080a11c       0x18 lib/libnvm.a(nvm.c.obj)
 .text.nvmReadPhasecheck
                0x5080a134       0x34 lib/libnvm.a(nvm.c.obj)
                0x5080a134                nvmReadPhasecheck
 .text.nvmWritePhaseCheck
                0x5080a168       0x34 lib/libnvm.a(nvm.c.obj)
                0x5080a168                nvmWritePhaseCheck
 .text.nvmClearPhaseCheck
                0x5080a19c        0xc lib/libnvm.a(nvm.c.obj)
                0x5080a19c                nvmClearPhaseCheck
 .text.nvmReadFixedBin
                0x5080a1a8       0xe0 lib/libnvm.a(nvm.c.obj)
                0x5080a1a8                nvmReadFixedBin
 .text.nvmReadUpdataFixedBin
                0x5080a288       0x52 lib/libnvm.a(nvm.c.obj)
                0x5080a288                nvmReadUpdataFixedBin
 *fill*         0x5080a2da        0x2 
 .text.nvmWriteFixedBin
                0x5080a2dc       0x70 lib/libnvm.a(nvm.c.obj)
                0x5080a2dc                nvmWriteFixedBin
 .rodata.str1.1
                0x5080a34c      0x28b lib/libnvm.a(nvm.c.obj)
                                0x2a3 (size before relaxing)
 *fill*         0x5080a5d7        0x1 
 .rodata.gNvDesc
                0x5080a5d8      0x2d0 lib/libnvm.a(nvm.c.obj)
 .text.prvParamCount
                0x5080a8a8       0x30 lib/libosi_lib.a(osi_log.c.obj)
 .rodata.prvParamBuf.str1.1
                0x5080a8d8        0x7 lib/libosi_lib.a(osi_log.c.obj)
 *fill*         0x5080a8df        0x1 
 .text.prvParamBuf
                0x5080a8e0       0xc4 lib/libosi_lib.a(osi_log.c.obj)
 .text.prvTraceBasic
                0x5080a9a4       0x9c lib/libosi_lib.a(osi_log.c.obj)
 .text.prvTraceEx
                0x5080aa40       0xac lib/libosi_lib.a(osi_log.c.obj)
 .text.prvTraceIdEx
                0x5080aaec       0xa4 lib/libosi_lib.a(osi_log.c.obj)
 .text.prvTraceIdBasic
                0x5080ab90       0x7c lib/libosi_lib.a(osi_log.c.obj)
 .text.osiTraceBasic
                0x5080ac0c       0x24 lib/libosi_lib.a(osi_log.c.obj)
                0x5080ac0c                osiTraceBasic
 .text.osiTraceIdBasic
                0x5080ac30       0x24 lib/libosi_lib.a(osi_log.c.obj)
                0x5080ac30                osiTraceIdBasic
 .text.osiTraceEx
                0x5080ac54       0x24 lib/libosi_lib.a(osi_log.c.obj)
                0x5080ac54                osiTraceEx
 .text.osiTraceIdEx
                0x5080ac78       0x24 lib/libosi_lib.a(osi_log.c.obj)
                0x5080ac78                osiTraceIdEx
 .text.osiTraceVprintf
                0x5080ac9c      0x294 lib/libosi_lib.a(osi_log.c.obj)
                0x5080ac9c                osiTraceVprintf
 .text.osiTracePrintf
                0x5080af30       0x24 lib/libosi_lib.a(osi_log.c.obj)
                0x5080af30                osiTracePrintf
 .rodata.parbufsize.42962
                0x5080af54       0x18 lib/libosi_lib.a(osi_log.c.obj)
 .rodata.parcount.42961
                0x5080af6c       0x18 lib/libosi_lib.a(osi_log.c.obj)
 .text._cacheSetDirty
                0x5080af84       0x36 lib/libsffs_core.a(sffs.c.obj)
 .text._pathFileName
                0x5080afba       0x12 lib/libsffs_core.a(sffs.c.obj)
 .text._blockAllocFree
                0x5080afcc       0x5c lib/libsffs_core.a(sffs.c.obj)
 .text._cacheFlush
                0x5080b028       0x28 lib/libsffs_core.a(sffs.c.obj)
 .text._cacheFlushAll
                0x5080b050       0x1a lib/libsffs_core.a(sffs.c.obj)
 .text._isNodeOpened
                0x5080b06a       0x24 lib/libsffs_core.a(sffs.c.obj)
 .text._cacheFindNotBusyByState.isra.0
                0x5080b08e       0x14 lib/libsffs_core.a(sffs.c.obj)
 .text._getFileFromFd.isra.0
                0x5080b0a2        0xe lib/libsffs_core.a(sffs.c.obj)
 .text._blockIsFree.isra.0
                0x5080b0b0       0x1a lib/libsffs_core.a(sffs.c.obj)
 .text._blockSetFree
                0x5080b0ca       0x30 lib/libsffs_core.a(sffs.c.obj)
 .text._removeNode
                0x5080b0fa       0x3a lib/libsffs_core.a(sffs.c.obj)
 .text._blockSetUsed
                0x5080b134       0x2e lib/libsffs_core.a(sffs.c.obj)
 *fill*         0x5080b162        0x2 
 .text._cacheDataIsRootDir.isra.0
                0x5080b164       0x1c lib/libsffs_core.a(sffs.c.obj)
 .text._cacheAllocForNode
                0x5080b180       0xe2 lib/libsffs_core.a(sffs.c.obj)
 .text._cacheAllocWithData
                0x5080b262        0x6 lib/libsffs_core.a(sffs.c.obj)
 .text._blockScanDir
                0x5080b268      0x214 lib/libsffs_core.a(sffs.c.obj)
 .text._fileGetDataNode
                0x5080b47c       0x98 lib/libsffs_core.a(sffs.c.obj)
 .text._removeMultiTabl
                0x5080b514       0x70 lib/libsffs_core.a(sffs.c.obj)
 .text._dirAddChildNodeIfNotExist
                0x5080b584       0x7a lib/libsffs_core.a(sffs.c.obj)
 .text._dirRemoveChildNode
                0x5080b5fe       0x6a lib/libsffs_core.a(sffs.c.obj)
 .text.prvIsRootDirFull
                0x5080b668       0x42 lib/libsffs_core.a(sffs.c.obj)
 .text.prvIsRootDirEmpty
                0x5080b6aa       0x42 lib/libsffs_core.a(sffs.c.obj)
 .text._findByPathInParent
                0x5080b6ec       0x98 lib/libsffs_core.a(sffs.c.obj)
 .text._findByPath
                0x5080b784       0x4c lib/libsffs_core.a(sffs.c.obj)
 .text._findParentByPath
                0x5080b7d0       0x40 lib/libsffs_core.a(sffs.c.obj)
 .text._fileDecreaseSize
                0x5080b810      0x2ec lib/libsffs_core.a(sffs.c.obj)
 .text._moveNodeRecovery
                0x5080bafc      0x120 lib/libsffs_core.a(sffs.c.obj)
 .text._scanMoveRecovery
                0x5080bc1c       0x98 lib/libsffs_core.a(sffs.c.obj)
 .text._cacheAllocForWrite
                0x5080bcb4        0x6 lib/libsffs_core.a(sffs.c.obj)
 *fill*         0x5080bcba        0x2 
 .text._allocTablBlock
                0x5080bcbc       0x3c lib/libsffs_core.a(sffs.c.obj)
 .text._fileWriteAll
                0x5080bcf8      0x1a8 lib/libsffs_core.a(sffs.c.obj)
 .text.prvFileWriteAllNotExit
                0x5080bea0       0x3e lib/libsffs_core.a(sffs.c.obj)
 .text.sffsFileBlockNeeded
                0x5080bede       0x4e lib/libsffs_core.a(sffs.c.obj)
                0x5080bede                sffsFileBlockNeeded
 .text.sffsMount
                0x5080bf2c      0x1f0 lib/libsffs_core.a(sffs.c.obj)
                0x5080bf2c                sffsMount
 .text.sffsUnmount
                0x5080c11c       0x14 lib/libsffs_core.a(sffs.c.obj)
                0x5080c11c                sffsUnmount
 .text.sffsMakeFs
                0x5080c130       0x84 lib/libsffs_core.a(sffs.c.obj)
                0x5080c130                sffsMakeFs
 .text.sffsOpen
                0x5080c1b4      0x2a4 lib/libsffs_core.a(sffs.c.obj)
                0x5080c1b4                sffsOpen
 .text.sffsSfileWrite
                0x5080c458      0x3e8 lib/libsffs_core.a(sffs.c.obj)
                0x5080c458                sffsSfileWrite
 .text.sffsFileWrite
                0x5080c840      0x16c lib/libsffs_core.a(sffs.c.obj)
                0x5080c840                sffsFileWrite
 .text.sffsRead
                0x5080c9ac      0x124 lib/libsffs_core.a(sffs.c.obj)
                0x5080c9ac                sffsRead
 .text.sffsClose
                0x5080cad0       0x4c lib/libsffs_core.a(sffs.c.obj)
                0x5080cad0                sffsClose
 .text.sffsFstat
                0x5080cb1c       0x6c lib/libsffs_core.a(sffs.c.obj)
                0x5080cb1c                sffsFstat
 .text.sffsMkDir
                0x5080cb88      0x150 lib/libsffs_core.a(sffs.c.obj)
                0x5080cb88                sffsMkDir
 .text.sffsRmDir
                0x5080ccd8       0xdc lib/libsffs_core.a(sffs.c.obj)
                0x5080ccd8                sffsRmDir
 .text.sffsUnlink
                0x5080cdb4       0xc4 lib/libsffs_core.a(sffs.c.obj)
                0x5080cdb4                sffsUnlink
 .text.sffsOpenDir
                0x5080ce78       0xa2 lib/libsffs_core.a(sffs.c.obj)
                0x5080ce78                sffsOpenDir
 .text.sffsCloseDir
                0x5080cf1a       0x3e lib/libsffs_core.a(sffs.c.obj)
                0x5080cf1a                sffsCloseDir
 .text.sffsReadDirR
                0x5080cf58      0x118 lib/libsffs_core.a(sffs.c.obj)
                0x5080cf58                sffsReadDirR
 .text.sffsStatVfs
                0x5080d070       0x40 lib/libsffs_core.a(sffs.c.obj)
                0x5080d070                sffsStatVfs
 .text.sffsSetSfileReserveCount
                0x5080d0b0       0x14 lib/libsffs_core.a(sffs.c.obj)
                0x5080d0b0                sffsSetSfileReserveCount
                0x5080d0c4                __text_end = .
                0x5080d0e0                . = ALIGN (0x20)
 *fill*         0x5080d0c4       0x1c 

.sramcachetext  0x5080d0e0      0x2c0
 .sramcachetext
                0x5080d0e0      0x2c0 lib/libhal.a(hal_chip_armv7a.c.obj)
                0x5080d0e0                osiDCacheClean
                0x5080d0fc                osiDCacheInvalidate
                0x5080d114                osiDCacheCleanInvalidate
                0x5080d130                osiICacheInvalidate
                0x5080d140                osiICacheSync
                0x5080d14c                osiDCacheCleanAll
                0x5080d1dc                osiDCacheInvalidateAll
                0x5080d26c                osiDCacheCleanInvalidateAll
                0x5080d2fc                osiICacheInvalidateAll
                0x5080d30c                osiICacheSyncAll

.data           0x5080d3a0      0xd80
                0x5080d3a0                __data_start = .
 SORT_BY_NAME(*)(.sramdata .sramdata.*)
 SORT_BY_NAME(*)(.data .data.* .sdata .sdata.* .data1 .gnu.linkonce.d.*)
 .data._impure_ptr
                0x5080d3a0        0x4 ../../components/newlib/newlib-3.1.0/armca5/libc.a(lib_a-impure.o)
                0x5080d3a0                _impure_ptr
 *fill*         0x5080d3a4        0x4 
 .data.impure_data
                0x5080d3a8      0x428 ../../components/newlib/newlib-3.1.0/armca5/libc.a(lib_a-impure.o)
 .data.g_version_model
                0x5080d7d0        0xc components/bootloader/CMakeFiles/norfdl.dir/8850/fdl.c.obj
                0x5080d7d0                g_version_model
 .data.g_version_model_size
                0x5080d7dc        0x1 components/bootloader/CMakeFiles/norfdl.dir/8850/fdl.c.obj
                0x5080d7dc                g_version_model_size
 *fill*         0x5080d7dd        0x3 
 .data.quec_pff_sector_size
                0x5080d7e0        0x4 lib/libboot_ex_fat_rdonly.a(pff_basic.c.obj)
                0x5080d7e0                quec_pff_sector_size
 .data.quec_fota_stage
                0x5080d7e4        0x9 lib/libboot_ex_ql.a(quec_boot_fota.c.obj)
                0x5080d7e4                quec_fota_stage
 *fill*         0x5080d7ed        0x3 
 .data.quec_boot_spi6_pin_cfg_map
                0x5080d7f0       0xf8 lib/libboot_ex_ql_pin.a(quec_boot_pin_map.c.obj)
                0x5080d7f0                quec_boot_spi6_pin_cfg_map
 .data.ext_flash_gpio_cfg_pad_reg
                0x5080d8e8       0x18 lib/libboot_ex_spi6nor.a(quec_spi6_ext_norflash_cfg.c.obj)
 .data.ext_flash_gpio_cfg_reg
                0x5080d900       0x18 lib/libboot_ex_spi6nor.a(quec_spi6_ext_norflash_cfg.c.obj)
 .data.gPartInfo_extflash
                0x5080d918       0x70 lib/libboot_ex_spi6nor.a(quec_spi6_ext_norflash_cfg.c.obj)
                0x5080d918                gPartInfo_extflash
 .data.ql_spi6_clk_div
                0x5080d988        0x1 lib/libboot_ex_spi6nor.a(quec_spi6_ext_norflash_cfg.c.obj)
                0x5080d988                ql_spi6_clk_div
 .data.quec_skip_spi6_ext_nor_flash_init
                0x5080d989        0x1 lib/libboot_ex_spi6nor.a(quec_spi6_ext_norflash_cfg.c.obj)
                0x5080d989                quec_skip_spi6_ext_nor_flash_init
 *fill*         0x5080d98a        0x2 
 .data.gBootUarts
                0x5080d98c       0x30 lib/libbootloader.a(boot_ifc_uart.c.obj)
 .data.gDrvSpiFlashCtx
                0x5080d9bc       0x80 lib/libbootloader.a(boot_spi_flash.c.obj)
 .data.gFsScenario
                0x5080da3c        0x1 lib/libfsmount.a(fs_mount.c.obj)
 *fill*         0x5080da3d        0x3 
 .data.gFupdateStageFileName
                0x5080da40        0x4 lib/libfupdate_core.a(fupdate_common.c.obj)
                0x5080da40                gFupdateStageFileName
 .data.gBlueScreenInfo
                0x5080da44       0x5a lib/libhal.a(hal_blue_screen.c.obj)
                0x5080da44                gBlueScreenInfo
 .data.gFunProp
                0x5080da9e      0x434 lib/libhal_prop.a(hal_iomux.c.obj)
 *fill*         0x5080ded2        0x2 
 .data.ql_SpiFlashProps
                0x5080ded4      0x244 lib/libhal_prop.a(ql_hal_spi_flash_prop.c.obj)
                0x5080ded4                ql_SpiFlashProps
 .data.ql_SpiFlashPropsLen
                0x5080e118        0x4 lib/libhal_prop.a(ql_hal_spi_flash_prop.c.obj)
                0x5080e118                ql_SpiFlashPropsLen
                0x5080e11c                __data_end = .
                0x5080e120                . = ALIGN (0x20)
 *fill*         0x5080e11c        0x4 

.rwkeep         0x5080e120        0x8
 .rwkeep        0x5080e120        0x8 lib/libhal.a(hal_chip_armv7a.c.obj)
                0x5080e120                gGdbRegAddress
                0x5080e124                gGdbCtxType

.flash_end      0x5080e128        0x0
                0x5080e128                __flash_end = .

.bss            0x5080e128     0x1498
                0x5080e128                __bss_start = .
 *(.srambss .srambss.*)
 *(.bss .bss.* COMMON .scommon .sbss .sbss.* .sbss2 .sbss2.* .gnu.linkonce.b.*)
 .bss.gEfuse    0x5080e128       0x30 lib/libbootloader.a(boot_secure.c.obj)
 .bss.gDefaultHeap
                0x5080e158        0x4 lib/libbootloader.a(boot_mem.c.obj)
 .bss.gExtRamHeap
                0x5080e15c        0xc lib/libbootloader.a(boot_mem.c.obj)
 .bss.gIramHeap
                0x5080e168        0xc lib/libbootloader.a(boot_mem.c.obj)
 .bss.gBootTraceUart
                0x5080e174        0x4 lib/libbootloader.a(boot_trace.c.obj)
 .bss.gBootVfsRegList
                0x5080e178        0x4 lib/libbootloader.a(boot_vfs.c.obj)
 .bss.quec_spi4_ext4n_nor_mount_flag
                0x5080e17c        0x1 lib/libbootloader.a(boot_vfs.c.obj)
                0x5080e17c                quec_spi4_ext4n_nor_mount_flag
 *fill*         0x5080e17d        0x3 
 .bss.gBootIrqBody
                0x5080e180      0x408 lib/libbootloader.a(boot_irq_gic.c.obj)
                0x5080e180                gBootIrqBody
 .bss.gDrvEfuseLock
                0x5080e588        0x4 lib/libbootloader.a(boot_efuse.c.obj)
 .bss.package_file_parser_flag
                0x5080e58c        0x1 lib/libcpio_parser.a(cpio_parser.c.obj)
                0x5080e58c                package_file_parser_flag
 .bss.ql_spi6_flash_type
                0x5080e58d        0x1 lib/libhal.a(hal_pmu.c.obj)
                0x5080e58d                ql_spi6_flash_type
 .bss.quec_ext_flash_gpio_first_time_init
                0x5080e58e        0x1 lib/libhal.a(hal_pmu.c.obj)
 *fill*         0x5080e58f        0x1 
 COMMON         0x5080e590      0x44c lib/libhal.a(hal_chip_armv7a.c.obj)
                0x5080e590                gBlueScreenCp15
                0x5080e664                gBlueScreenRegsBackup
                0x5080e820                gBlueScreenRegs
 .bss.gEfuseCache
                0x5080e9dc      0x4dc lib/libhal.a(hal_efuse_cache.c.obj)
 .bss.gSpiFlashProps
                0x5080eeb8        0x4 lib/libhal.a(hal_spi_flash.c.obj)
 .bss.gSpiFlashPropsLen
                0x5080eebc        0x4 lib/libhal.a(hal_spi_flash.c.obj)
 .bss.gCrc32TableInited
                0x5080eec0        0x1 lib/libboot_calclib_crc.a(crc32.c.obj)
 .bss.gCrc8Table
                0x5080eec1      0x100 lib/libboot_calclib_crc.a(crc32.c.obj)
 .bss.gCrc8TableInited
                0x5080efc1        0x1 lib/libboot_calclib_crc.a(crc32.c.obj)
 *fill*         0x5080efc2        0x2 
 .bss.vds_crc32_table
                0x5080efc4      0x400 lib/libboot_calclib_crc.a(crc32.c.obj)
                0x5080efc4                vds_crc32_table
 .bss.gBdevList
                0x5080f3c4        0x4 lib/libfsmount.a(fs_mount.c.obj)
                0x5080f3c4                gBdevList
 .bss.gPartInfo_ptr
                0x5080f3c8        0x4 lib/libfsmount.a(fs_mount.c.obj)
                0x5080f3c8                gPartInfo_ptr
 .bss.gTraceEnabled
                0x5080f3cc        0x1 lib/libosi_lib.a(osi_log.c.obj)
                0x5080f3cc                gTraceEnabled
 *fill*         0x5080f3cd        0x3 
 COMMON         0x5080f3d0       0x54 lib/libosi_lib.a(osi_log.c.obj)
                0x5080f3d0                v_tra_pubModuleControl
                0x5080f3d4                v_tra_categoryControl
                0x5080f3d8                gTraceSequence
                0x5080f3dc                v_tra_lteModuleControl
                0x5080f3e0                sxs_IoCtx
 .bss.quec_current_partition
                0x5080f424        0x1 lib/libboot_ex_ql.a(quec_boot_fota.c.obj)
                0x5080f424                quec_current_partition
 .bss.quec_partition_num
                0x5080f425        0x1 lib/libboot_ex_ql.a(quec_boot_fota.c.obj)
                0x5080f425                quec_partition_num
 *fill*         0x5080f426        0x2 
 .bss.bootfs    0x5080f428       0xb0 lib/libboot_ex_fat_rdonly.a(quec_boot_vfs.c.obj)
                0x5080f428                bootfs
 .bss.fatfs_offset
                0x5080f4d8        0x8 lib/libboot_ex_fat_rdonly.a(quec_boot_vfs.c.obj)
                0x5080f4d8                fatfs_offset
 .bss.quec_boot_vfs_state
                0x5080f4e0        0x2 lib/libboot_ex_fat_rdonly.a(quec_boot_vfs.c.obj)
                0x5080f4e0                quec_boot_vfs_state
 *fill*         0x5080f4e2        0x2 
 COMMON         0x5080f4e4        0x8 lib/libboot_ex_fat_rdonly.a(quec_boot_vfs.c.obj)
                0x5080f4e4                quec_boot_block_dev
 COMMON         0x5080f4ec       0xaa lib/libboot_ex_fat_rdonly.a(pff_basic.c.obj)
                0x5080f4ec                FatFs
                0x5080f4f4                LfnBuf
 *fill*         0x5080f596        0x2 
 .bss.quec_spi6_ext_nor_flash_capacity
                0x5080f598        0x4 lib/libboot_ex_spi6nor.a(quec_spi6_ext_norflash_cfg.c.obj)
                0x5080f598                quec_spi6_ext_nor_flash_capacity
 .bss.quec_spi6_ext_nor_flash_is_exist
                0x5080f59c        0x1 lib/libboot_ex_spi6nor.a(quec_spi6_ext_norflash_cfg.c.obj)
                0x5080f59c                quec_spi6_ext_nor_flash_is_exist
 .bss.quec_spi6_ext_norflash_mount_status
                0x5080f59d        0x1 lib/libboot_ex_spi6nor.a(quec_spi6_ext_norflash_cfg.c.obj)
                0x5080f59d                quec_spi6_ext_norflash_mount_status
 .bss.ql_boot_cur_spi6_port
                0x5080f59e        0x1 lib/libboot_ex_ql_pin.a(quec_boot_pin_map.c.obj)
                0x5080f59e                ql_boot_cur_spi6_port
 *fill*         0x5080f59f        0x1 
 .bss.quec_nor_ext_mount_size
                0x5080f5a0        0x4 lib/libhal_prop.a(ql_hal_spi_flash_prop.c.obj)
                0x5080f5a0                quec_nor_ext_mount_size
 .bss.quec_nor_ext_mount_start_addr
                0x5080f5a4        0x4 lib/libhal_prop.a(ql_hal_spi_flash_prop.c.obj)
                0x5080f5a4                quec_nor_ext_mount_start_addr
                0x5080f5a8                __bss_end = .
                0x5080f5c0                . = ALIGN (0x20)
 *fill*         0x5080f5a8       0x18 

.sys_stack      0x00100c00     0x1800
                0x00100c00                __sys_stack_start = .
                0x00102400                . = (. + 0x1800)
 *fill*         0x00100c00     0x1800 
                0x00102400                __sys_stack_end = .
                0x00102400                . = ALIGN (0x20)

.irq_stack      0x00102400      0x800
                0x00102400                __irq_stack_start = .
                0x00102c00                . = (. + 0x800)
 *fill*         0x00102400      0x800 
                0x00102c00                __irq_stack_end = .
                0x00102c00                . = ALIGN (0x20)

.svc_stack      0x00102c00        0x0
                0x00102c00                __svc_stack_start = .
                0x00102c00                . = (. + 0x0)
                0x00102c00                __svc_stack_end = .
                0x00102c00                . = ALIGN (0x20)

.blue_screen    0x00102c00      0x600
                0x00102c00                __blue_screen_start = .
                0x00103200                . = (. + 0x600)
 *fill*         0x00102c00      0x600 
                0x00103200                __blue_screen_end = .
                0x00103200                . = ALIGN (0x20)

.sram_heap      0x00103200      0xe00
                0x00103200                __sram_heap_start = .
                0x00104000                . = (ORIGIN (syssram) + LENGTH (syssram))
 *fill*         0x00103200      0xe00 
                0x00104000                __sram_heap_end = .
                0x00104000                . = ALIGN (0x20)

.mmu_ttbl1      0x80000000     0x4000
                0x80000000                __mmu_ttbl1_start = .
                0x80004000                . = (. + 0x4000)
 *fill*         0x80000000     0x4000 
                0x80004000                __mmu_ttbl1_end = .
                0x80004000                . = ALIGN (0x20)

.ram_heap       0x80004000   0x7fc000
                0x80004000                __ram_heap_start = .
                0x80800000                . = (ORIGIN (ram) + LENGTH (ram))
 *fill*         0x80004000   0x7fc000 
                0x80800000                __ram_heap_end = .
                0x80800000                . = ALIGN (0x20)

.comment        0x00000000       0xc6
 *(.comment)
 .comment       0x00000000       0x79 components/bootloader/CMakeFiles/norfdl.dir/8850/fdl.c.obj
                                 0x7a (size before relaxing)
 .comment       0x00000079       0x7a lib/libbootloader.a(boot_platform.c.obj)
 .comment       0x00000079       0x7a lib/libbootloader.a(boot_secure.c.obj)
 .comment       0x00000079       0x7a lib/libbootloader.a(boot_sffs_port.c.obj)
 .comment       0x00000079       0x7a lib/libbootloader.a(boot_delay.c.obj)
 .comment       0x00000079       0x7a lib/libbootloader.a(boot_mem.c.obj)
 .comment       0x00000079       0x7a lib/libbootloader.a(boot_spi_flash.c.obj)
 .comment       0x00000079       0x7a lib/libbootloader.a(boot_trace.c.obj)
 .comment       0x00000079       0x7a lib/libbootloader.a(boot_fdl.c.obj)
 .comment       0x00000079       0x7a lib/libbootloader.a(boot_vfs.c.obj)
 .comment       0x00000079       0x7a lib/libbootloader.a(boot_irq_gic.c.obj)
 .comment       0x00000079       0x7a lib/libbootloader.a(boot_ifc_uart.c.obj)
 .comment       0x00000079       0x7a lib/libbootloader.a(boot_uart_cmn.c.obj)
 .comment       0x00000079       0x7a lib/libbootloader.a(boot_userial.c.obj)
 .comment       0x00000079       0x7a lib/libbootloader.a(boot_mmu.c.obj)
 .comment       0x00000079       0x7a lib/libbootloader.a(boot_override.c.obj)
 .comment       0x00000079       0x7a lib/libbootloader.a(boot_efuse.c.obj)
 .comment       0x00000079       0x7a lib/libcpio_parser.a(cpio_parser.c.obj)
 .comment       0x00000079       0x7a lib/libhal.a(hal_clock_init.c.obj)
 .comment       0x00000079       0x7a lib/libhal.a(hal_rom_api.c.obj)
 .comment       0x00000079       0x7a lib/libhal.a(hal_pmu.c.obj)
 .comment       0x00000079       0x7a lib/libhal.a(hal_wdt.c.obj)
 .comment       0x00000079       0x7a lib/libhal.a(hal_chip.c.obj)
 .comment       0x00000079       0x7a lib/libhal.a(hal_chip_armv7a.c.obj)
 .comment       0x00000079       0x7a lib/libhal.a(hal_delay.c.obj)
 .comment       0x00000079       0x7a lib/libhal.a(hal_efuse_cache.c.obj)
 .comment       0x00000079       0x7a lib/libhal.a(hal_spi_flash.c.obj)
 .comment       0x00000079       0x7a lib/libhal.a(hal_adi_bus.c.obj)
 .comment       0x00000079       0x7a lib/libhal.a(hal_blue_screen.c.obj)
 .comment       0x00000079       0x7a lib/libhal.a(hal_hwspinlock.c.obj)
 .comment       0x00000079       0x7a lib/libhal.a(hal_efuse.c.obj)
 .comment       0x00000079       0x7a lib/libboot_calclib_crc.a(crc32.c.obj)
 .comment       0x00000079       0x4d lib/libsffs_core.a(sffs.c.obj)
                                 0x4e (size before relaxing)
 .comment       0x000000c6       0x7a lib/libfsmount.a(fs_mount.c.obj)
 .comment       0x000000c6       0x7a lib/libbdev.a(block_device.c.obj)
 .comment       0x000000c6       0x7a lib/libbdev.a(partition_block_device.c.obj)
 .comment       0x000000c6       0x4e lib/libbdev_core.a(flash_block_device_v2.c.obj)
 .comment       0x000000c6       0x7a lib/libosi_lib.a(osi_log.c.obj)
 .comment       0x000000c6       0x7a lib/libnvm.a(nvm.c.obj)
 .comment       0x000000c6       0x7a lib/libfs.a(compress_sfile.c.obj)
 .comment       0x000000c6       0x7a lib/libboot_ex_ql.a(quec_version_verify.c.obj)
 .comment       0x000000c6       0x7a lib/libboot_ex_ql.a(quec_boot_fota.c.obj)
 .comment       0x000000c6       0x7a lib/liblz4.a(lz4lite.c.obj)
 .comment       0x000000c6       0x7a lib/liblz4.a(lz4.c.obj)
 .comment       0x000000c6       0x7a ../../components/newlib/newlib-3.1.0/armca5/libc.a(lib_a-errno.o)
 .comment       0x000000c6       0x7a ../../components/newlib/newlib-3.1.0/armca5/libc.a(lib_a-getreent.o)
 .comment       0x000000c6       0x7a ../../components/newlib/newlib-3.1.0/armca5/libc.a(lib_a-impure.o)
 .comment       0x000000c6       0x7a ../../components/newlib/newlib-3.1.0/armca5/libc.a(lib_a-memcmp.o)
 .comment       0x000000c6       0x7a ../../components/newlib/newlib-3.1.0/armca5/libc.a(lib_a-memcpy-stub.o)
 .comment       0x000000c6       0x7a ../../components/newlib/newlib-3.1.0/armca5/libc.a(lib_a-memmove.o)
 .comment       0x000000c6       0x7a ../../components/newlib/newlib-3.1.0/armca5/libc.a(lib_a-memset.o)
 .comment       0x000000c6       0x7a ../../components/newlib/newlib-3.1.0/armca5/libc.a(lib_a-strcat.o)
 .comment       0x000000c6       0x7a ../../components/newlib/newlib-3.1.0/armca5/libc.a(lib_a-strchr.o)
 .comment       0x000000c6       0x7a ../../components/newlib/newlib-3.1.0/armca5/libc.a(lib_a-strcpy.o)
 .comment       0x000000c6       0x7a ../../components/newlib/newlib-3.1.0/armca5/libc.a(lib_a-strdup.o)
 .comment       0x000000c6       0x7a ../../components/newlib/newlib-3.1.0/armca5/libc.a(lib_a-strdup_r.o)
 .comment       0x000000c6       0x7a ../../components/newlib/newlib-3.1.0/armca5/libc.a(lib_a-strncmp.o)
 .comment       0x000000c6       0x7a ../../components/newlib/newlib-3.1.0/armca5/libc.a(lib_a-strrchr.o)
 .comment       0x000000c6       0x4e lib/libfupdate_core.a(fupdate_common.c.obj)
 .comment       0x000000c6       0x7a lib/libboot_ex_fat_rdonly.a(quec_boot_pff_rdonly.c.obj)
 .comment       0x000000c6       0x7a lib/libboot_ex_fat_rdonly.a(quec_boot_vfs.c.obj)
 .comment       0x000000c6       0x7a lib/libboot_ex_fat_rdonly.a(pff_basic.c.obj)
 .comment       0x000000c6       0x7a lib/libboot_ex_fat_rdonly.a(pff_rdonly.c.obj)
 .comment       0x000000c6       0x7a lib/libboot_ex_fat_rdonly.a(quec_boot_block_device.c.obj)
 .comment       0x000000c6       0x7a lib/libboot_ex_fat_rdonly.a(diskio.c.obj)
 .comment       0x000000c6       0x7a lib/libboot_ex_spi6nor.a(quec_spi6_ext_norflash_cfg.c.obj)
 .comment       0x000000c6       0x7a lib/libboot_ex_spi6nor.a(quec_boot_pin_power_domain.c.obj)
 .comment       0x000000c6       0x7a lib/libboot_ex_ql_pin.a(quec_boot_pin_map.c.obj)
 .comment       0x000000c6       0x7a lib/libhal_prop.a(ql_hal_spi_flash_prop.c.obj)
 .comment       0x000000c6       0x7a lib/libhal_prop.a(hal_iomux.c.obj)
 .comment       0x000000c6       0x7a lib/libfs_partinfo.a(ql_fs_part_info.c.obj)

.ARM.attributes
                0x00000000       0x37
 *(.ARM.attributes)
 .ARM.attributes
                0x00000000       0x37 components/bootloader/CMakeFiles/norfdl.dir/8850/fdl.c.obj
 .ARM.attributes
                0x00000037       0x37 lib/libbootloader.a(boot_platform.c.obj)
 .ARM.attributes
                0x0000006e       0x37 lib/libbootloader.a(boot_secure.c.obj)
 .ARM.attributes
                0x000000a5       0x25 lib/libbootloader.a(boot_entry_v7a.S.obj)
 .ARM.attributes
                0x000000ca       0x37 lib/libbootloader.a(boot_sffs_port.c.obj)
 .ARM.attributes
                0x00000101       0x37 lib/libbootloader.a(boot_delay.c.obj)
 .ARM.attributes
                0x00000138       0x37 lib/libbootloader.a(boot_mem.c.obj)
 .ARM.attributes
                0x0000016f       0x37 lib/libbootloader.a(boot_spi_flash.c.obj)
 .ARM.attributes
                0x000001a6       0x37 lib/libbootloader.a(boot_trace.c.obj)
 .ARM.attributes
                0x000001dd       0x37 lib/libbootloader.a(boot_fdl.c.obj)
 .ARM.attributes
                0x00000214       0x37 lib/libbootloader.a(boot_vfs.c.obj)
 .ARM.attributes
                0x0000024b       0x37 lib/libbootloader.a(boot_irq_gic.c.obj)
 .ARM.attributes
                0x00000282       0x37 lib/libbootloader.a(boot_ifc_uart.c.obj)
 .ARM.attributes
                0x000002b9       0x37 lib/libbootloader.a(boot_uart_cmn.c.obj)
 .ARM.attributes
                0x000002f0       0x37 lib/libbootloader.a(boot_userial.c.obj)
 .ARM.attributes
                0x00000327       0x37 lib/libbootloader.a(boot_mmu.c.obj)
 .ARM.attributes
                0x0000035e       0x37 lib/libbootloader.a(boot_override.c.obj)
 .ARM.attributes
                0x00000395       0x37 lib/libbootloader.a(boot_efuse.c.obj)
 .ARM.attributes
                0x000003cc       0x37 lib/libcpio_parser.a(cpio_parser.c.obj)
 .ARM.attributes
                0x00000403       0x37 lib/libhal.a(hal_clock_init.c.obj)
 .ARM.attributes
                0x0000043a       0x37 lib/libhal.a(hal_rom_api.c.obj)
 .ARM.attributes
                0x00000471       0x37 lib/libhal.a(hal_pmu.c.obj)
 .ARM.attributes
                0x000004a8       0x37 lib/libhal.a(hal_wdt.c.obj)
 .ARM.attributes
                0x000004df       0x37 lib/libhal.a(hal_chip.c.obj)
 .ARM.attributes
                0x00000516       0x37 lib/libhal.a(hal_chip_armv7a.c.obj)
 .ARM.attributes
                0x0000054d       0x37 lib/libhal.a(hal_delay.c.obj)
 .ARM.attributes
                0x00000584       0x37 lib/libhal.a(hal_efuse_cache.c.obj)
 .ARM.attributes
                0x000005bb       0x37 lib/libhal.a(hal_spi_flash.c.obj)
 .ARM.attributes
                0x000005f2       0x37 lib/libhal.a(hal_adi_bus.c.obj)
 .ARM.attributes
                0x00000629       0x37 lib/libhal.a(hal_blue_screen.c.obj)
 .ARM.attributes
                0x00000660       0x37 lib/libhal.a(hal_hwspinlock.c.obj)
 .ARM.attributes
                0x00000697       0x37 lib/libhal.a(hal_efuse.c.obj)
 .ARM.attributes
                0x000006ce       0x37 lib/libboot_calclib_crc.a(crc32.c.obj)
 .ARM.attributes
                0x00000705       0x37 lib/libsffs_core.a(sffs.c.obj)