Archive member included to satisfy reference by file (symbol)

lib/libbootloader.a(boot_platform.c.obj)
                              (--whole-archive)
lib/libbootloader.a(boot_secure.c.obj)
                              (--whole-archive)
lib/libbootloader.a(warmboot.c.obj)
                              (--whole-archive)
lib/libbootloader.a(warmboot_entry.s.obj)
                              (--whole-archive)
lib/libbootloader.a(firewall_recovery.c.obj)
                              (--whole-archive)
lib/libbootloader.a(boot_entry_v7a.S.obj)
                              (--whole-archive)
lib/libbootloader.a(boot_sffs_port.c.obj)
                              (--whole-archive)
lib/libbootloader.a(boot_delay.c.obj)
                              (--whole-archive)
lib/libbootloader.a(boot_mem.c.obj)
                              (--whole-archive)
lib/libbootloader.a(boot_spi_flash.c.obj)
                              (--whole-archive)
lib/libbootloader.a(boot_debuguart.c.obj)
                              (--whole-archive)
lib/libbootloader.a(boot_trace.c.obj)
                              (--whole-archive)
lib/libbootloader.a(boot_fdl.c.obj)
                              (--whole-archive)
lib/libbootloader.a(boot_vfs.c.obj)
                              (--whole-archive)
lib/libbootloader.a(boot_irq_gic.c.obj)
                              (--whole-archive)
lib/libbootloader.a(boot_timer.c.obj)
                              (--whole-archive)
lib/libbootloader.a(boot_ifc_uart.c.obj)
                              (--whole-archive)
lib/libbootloader.a(boot_uart_cmn.c.obj)
                              (--whole-archive)
lib/libbootloader.a(boot_userial.c.obj)
                              (--whole-archive)
lib/libbootloader.a(boot_mmu.c.obj)
                              (--whole-archive)
lib/libbootloader.a(boot_uimage.c.obj)
                              (--whole-archive)
lib/libbootloader.a(boot_unity.c.obj)
                              (--whole-archive)
lib/libbootloader.a(boot_override.c.obj)
                              (--whole-archive)
lib/libbootloader.a(boot_lcd.c.obj)
                              (--whole-archive)
lib/libbootloader.a(boot_efuse.c.obj)
                              (--whole-archive)
lib/libbootloader.a(boot_pdl.c.obj)
                              (--whole-archive)
lib/libbootloader.a(boot_pdl_uimage.c.obj)
                              (--whole-archive)
lib/libhal.a(hal_clock_init.c.obj)
                              components/bootloader/CMakeFiles/spl.dir/8850/spl_start.c.obj (halRamInit)
lib/libhal.a(hal_rom_api.c.obj)
                              lib/libbootloader.a(boot_userial.c.obj) (halRomApiInit)
lib/libhal.a(hal_pmu.c.obj)   components/bootloader/CMakeFiles/spl.dir/8850/spl_start.c.obj (halPmuExtFlashPowerOn)
lib/libhal.a(hal_wdt.c.obj)   lib/libbootloader.a(boot_platform.c.obj) (halSysWdtStop)
lib/libhal.a(hal_chip.c.obj)  lib/libbootloader.a(boot_ifc_uart.c.obj) (halCalcFracDivider)
lib/libhal.a(hal_chip_armv7a.c.obj)
                              lib/libbootloader.a(boot_spi_flash.c.obj) (osiDCacheInvalidate)
lib/libhal.a(hal_delay.c.obj)
                              components/bootloader/CMakeFiles/spl.dir/8850/spl_start.c.obj (osiDelayUS)
lib/libhal.a(hal_efuse_cache.c.obj)
                              lib/libbootloader.a(boot_secure.c.obj) (halEfuseReadWrite)
lib/libhal.a(hal_spi_flash.c.obj)
                              lib/libbootloader.a(boot_spi_flash.c.obj) (halSpiFlashChipErase)
lib/libhal.a(hal_adi_bus.c.obj)
                              components/bootloader/CMakeFiles/spl.dir/8850/spl_start.c.obj (halAdiBusInit)
lib/libhal.a(hal_blue_screen.c.obj)
                              lib/libbootloader.a(boot_platform.c.obj) (halBlueScreenSaveContext)
lib/libhal.a(hal_hwspinlock.c.obj)
                              lib/libhal.a(hal_adi_bus.c.obj) (halHwspinlockAcquire)
lib/libhal.a(hal_efuse.c.obj)
                              lib/libhal.a(hal_efuse_cache.c.obj) (halEfuseOpen)
lib/libcalclib.a(simage.c.obj)
                              components/bootloader/CMakeFiles/spl.dir/8850/spl_start.c.obj (simageValid)
lib/libcalclib.a(crypto.c.obj)
                              lib/libbootloader.a(boot_secure.c.obj) (sha256Check)
lib/libcalclib.a(sm3.c.obj)   lib/libcalclib.a(crypto.c.obj) (SM3)
lib/libboot_calclib_crc.a(crc32.c.obj)
                              lib/libbootloader.a(boot_uimage.c.obj) (crc32Calc)
lib/libfupdate_core.a(fupdate_bootloader.c.obj)
                              components/bootloader/CMakeFiles/spl.dir/8850/spl_start.c.obj (fupdateGetUpdatingType)
lib/libfupdate_core.a(fupdate_common.c.obj)
                              lib/libfupdate_core.a(fupdate_bootloader.c.obj) (fupdateBlockedFname)
lib/libsffs_core.a(sffs.c.obj)
                              lib/libbootloader.a(boot_vfs.c.obj) (sffsMount)
lib/libsffs_core.a(lzmar.c.obj)
                              lib/libfupdate_core.a(fupdate_bootloader.c.obj) (lzmarDecompress)
[...]
Memory Configuration

Name             Origin             Length             Attributes
syssram          0x00100000         0x00004000         xrw
aonsram          0x50800000         0x00014000         xrw
ram              0x80000000         0x00800000         rw
*default*        0x00000000         0xffffffff

Linker script and memory map

LOAD components/bootloader/CMakeFiles/spl.dir/8850/spl_start.c.obj
LOAD lib/libbootloader.a
START GROUP
LOAD lib/libhal.a
LOAD lib/libcalclib.a
LOAD lib/libboot_calclib_crc.a
LOAD lib/libfupdate_core.a
LOAD lib/libfupdate_security_boot.a
LOAD lib/libsffs_core.a
LOAD lib/libbdev.a
LOAD lib/libbdev_core.a
LOAD lib/libosi_lib.a
LOAD lib/libfsmount.a
LOAD lib/libdriver.a
LOAD lib/libboot_ex_ql.a
END GROUP
LOAD ../../components/newlib/newlib-3.1.0/armca5/libc.a
LOAD ../../prebuilts/win32/gcc-arm-none-eabi/gcc-arm-none-eabi-9.2.1/bin/../lib/gcc/arm-none-eabi/9.2.1/thumb/v7+fp/hard/libgcc.a
LOAD lib/libboot_ex_fat_rdonly.a
LOAD lib/libboot_ex_spi6nor.a
LOAD lib/libboot_ex_ql_pin.a
LOAD lib/libcalclib.a
LOAD lib/libhal.a
LOAD lib/libdriver.a
LOAD lib/libhal_prop.a
LOAD lib/libdriver_lcd.a
LOAD lib/liboql_core_boot_virt_func.a
LOAD lib/libdriver_camera.a
LOAD lib/libhal.a
LOAD lib/libdriver.a
LOAD lib/libhal_prop.a
LOAD lib/libdriver_lcd.a
LOAD lib/liboql_core_boot_virt_func.a
LOAD lib/libdriver_camera.a
LOAD lib/libfs_partinfo.a

.rom_data       0x00100000      0xc00
                0x00100000                __rom_data_start = .
                0x00100c00                . = (. + 0xc00)
 *fill*         0x00100000      0xc00 
                0x00100c00                __rom_data_end = .
                0x00100c00                . = ALIGN (0x20)

.simage         0x50800000      0x100
                0x50800000                __simage_start = .
                0x50800100                . = (. + 0x100)
 *fill*         0x50800000      0x100 
                0x50800100                __simage_end = .
                0x50800100                . = ALIGN (0x20)

.flash_start    0x50800100        0x0
                0x50800100                __flash_start = .

.text           0x50800100     0xf0a0
                0x50800100                __text_start = .
 *(BOOT_ENTRY)
 BOOT_ENTRY     0x50800100      0x25c lib/libbootloader.a(boot_entry_v7a.S.obj)
                0x50800100                Vectors
                0x508002a4                bootEntry
                0x50800320                bootJumpImageEntry
 SORT_BY_NAME(*)(.sramboottext .sramboottext.*)
 .sramboottext  0x5080035c       0x70 lib/libhal.a(hal_delay.c.obj)
                0x5080035c                osiDelayLoops
                0x50800366                osiDelayUS
                0x50800384                osiDebugEvent
                0x508003c0                osiHWTick16K
 SORT_BY_NAME(*)(.sramtext .sramtext.*)
 .sramtext      0x508003cc       0x1e lib/libhal.a(hal_chip_armv7a.c.obj)
                0x508003cc                uxPortSetInterruptMaskFromISR
                0x508003cc                vPortDisableInterrupts
                0x508003cc                uxPortEnterCritical
                0x508003cc                osiEnterCritical
                0x508003cc                osiIrqSave
                0x508003dc                osiExitCritical
                0x508003dc                osiIrqRestore
                0x508003dc                vPortExitCritical
                0x508003dc                vPortClearInterruptMaskFromISR
 SORT_BY_NAME(*)(.ramtext .ramtext.*)
 .ramtext.flashhal.1055
                0x508003ea       0xe6 lib/libhal.a(hal_spi_flash.c.obj)
                0x508003ea                halSpiFlashCmd
 .ramtext.flashhal.180
                0x508004d0       0x1e lib/libhal.a(hal_spi_flash.c.obj)
 *fill*         0x508004ee        0x2 
 .ramtext.flashhal.389
                0x508004f0       0x14 lib/libhal.a(hal_spi_flash.c.obj)
 .ramtext.flashhal.405
                0x50800504       0x24 lib/libhal.a(hal_spi_flash.c.obj)
 .ramtext.flashhal.174
                0x50800528       0x16 lib/libhal.a(hal_spi_flash.c.obj)
 .ramtext.flashhal.579
                0x5080053e       0x18 lib/libhal.a(hal_spi_flash.c.obj)
 .ramtext.flashhal.570
                0x50800556       0x18 lib/libhal.a(hal_spi_flash.c.obj)
 .ramtext.flashhal.561
                0x5080056e       0x18 lib/libhal.a(hal_spi_flash.c.obj)
 .ramtext.flashhal.973
                0x50800586       0x18 lib/libhal.a(hal_spi_flash.c.obj)
                0x50800586                halSpiFlashErase
 .ramtext.flashhal.162
                0x5080059e       0x12 lib/libhal.a(hal_spi_flash.c.obj)
 .ramtext.flashhal.422
                0x508005b0       0x1a lib/libhal.a(hal_spi_flash.c.obj)
 .ramtext.flashhal.473
                0x508005ca       0x24 lib/libhal.a(hal_spi_flash.c.obj)
 .ramtext.flashhal.552
                0x508005ee       0x1c lib/libhal.a(hal_spi_flash.c.obj)
                0x508005ee                halSpiFlashPageProgram
 .ramtext.flashhal.446
                0x5080060a       0x5e lib/libhal.a(hal_spi_flash.c.obj)
 .ramtext.flashhal.1134
                0x50800668        0xa lib/libhal.a(hal_spi_flash.c.obj)
                0x50800668                halSpiFlashWriteEnable
 *fill*         0x50800672        0x2 
 .ramtext.flashhal.490
                0x50800674      0x15c lib/libhal.a(hal_spi_flash.c.obj)
                0x50800674                halSpiFlashPrepareEraseProgram
 .ramtext.flashhal.526
                0x508007d0       0x6c lib/libhal.a(hal_spi_flash.c.obj)
                0x508007d0                halSpiFlashFinishEraseProgram
 .ramtext.flashhal.1142
                0x5080083c        0xa lib/libhal.a(hal_spi_flash.c.obj)
                0x5080083c                halSpiFlashWriteDisable
 .ramtext.flashhal.1150
                0x50800846        0xa lib/libhal.a(hal_spi_flash.c.obj)
                0x50800846                halSpiFlashResetEnable
 .ramtext.flashhal.1158
                0x50800850        0xa lib/libhal.a(hal_spi_flash.c.obj)
                0x50800850                halSpiFlashReset
 .ramtext.flashhal.1183
                0x5080085a       0x1a lib/libhal.a(hal_spi_flash.c.obj)
                0x5080085a                halSpiFlashReadSR
 .ramtext.flashhal.1219
                0x50800874       0x26 lib/libhal.a(hal_spi_flash.c.obj)
                0x50800874                halSpiFlashIsWipFinished
 .ramtext.flashhal.1232
                0x5080089a       0x10 lib/libhal.a(hal_spi_flash.c.obj)
                0x5080089a                halSpiFlashWaitWipFinish
 .ramtext.flashhal.1191
                0x508008aa       0x6a lib/libhal.a(hal_spi_flash.c.obj)
                0x508008aa                halSpiFlashWriteSR
 .ramtext.flashhal.1355
                0x50800914      0x18c lib/libhal.a(hal_spi_flash.c.obj)
                0x50800914                halSpiFlashStatusCheck
 .ramtext.flashhal.1471
                0x50800aa0      0x140 lib/libhal.a(hal_spi_flash.c.obj)
                0x50800aa0                halSpiFlashInit
 .ramtext.flashhal.118
                0x50800be0       0x44 lib/libhal.a(hal_spi_flash.c.obj)
 .ramtext.flashhal.141
                0x50800c24       0x44 lib/libhal.a(hal_spi_flash.c.obj)
 .ramtext.flashhal.164
                0x50800c68       0x44 lib/libhal.a(hal_spi_flash.c.obj)
 .ramtext.flashhal.223
                0x50800cac       0x3c lib/libhal.a(hal_spi_flash.c.obj)
 .ramtext.flashhal.78
                0x50800ce8       0x34 lib/libhal.a(hal_spi_flash.c.obj)
 .ramtext.flashhal.97
                0x50800d1c       0x3c lib/libhal.a(hal_spi_flash.c.obj)
 .ramtext       0x50800d58       0x10 lib/libhal.a(hal_wdt.c.obj)
                0x50800d58                halSysWdtStop
 SORT_BY_NAME(*)(.text .text.* .gnu.linkonce.t.* .rdata .rodata .rodata.* .rodata1 .gnu.linkonce.r.*)
 .text.__getreent
                0x50800d68        0xc ../../components/newlib/newlib-3.1.0/armca5/libc.a(lib_a-getreent.o)
                0x50800d68                __getreent
 .text.memcmp   0x50800d74       0x5c ../../components/newlib/newlib-3.1.0/armca5/libc.a(lib_a-memcmp.o)
                0x50800d74                memcmp
 .text.memcpy   0x50800dd0       0xc8 ../../components/newlib/newlib-3.1.0/armca5/libc.a(lib_a-memcpy-stub.o)
                0x50800dd0                memcpy
 .text.memmove  0x50800e98       0xd4 ../../components/newlib/newlib-3.1.0/armca5/libc.a(lib_a-memmove.o)
                0x50800e98                memmove
 .text.memset   0x50800f6c       0xa8 ../../components/newlib/newlib-3.1.0/armca5/libc.a(lib_a-memset.o)
                0x50800f6c                memset
 .text.strchr   0x50801014       0xd0 ../../components/newlib/newlib-3.1.0/armca5/libc.a(lib_a-strchr.o)
                0x50801014                strchr
 .text.strcpy   0x508010e4       0xc4 ../../components/newlib/newlib-3.1.0/armca5/libc.a(lib_a-strcpy.o)
                0x508010e4                strcpy
 .text.strdup   0x508011a8       0x14 ../../components/newlib/newlib-3.1.0/armca5/libc.a(lib_a-strdup.o)
                0x508011a8                strdup
 .text._strdup_r
                0x508011bc       0x24 ../../components/newlib/newlib-3.1.0/armca5/libc.a(lib_a-strdup_r.o)
                0x508011bc                _strdup_r
 *fill*         0x508011e0       0x20 
 .text          0x50801200       0xdc ../../components/newlib/newlib-3.1.0/armca5/libc.a(lib_a-strlen.o)
                0x50801200                strlen
 .text.strncmp  0x508012dc       0x84 ../../components/newlib/newlib-3.1.0/armca5/libc.a(lib_a-strncmp.o)
                0x508012dc                strncmp
 .text.strrchr  0x50801360       0x24 ../../components/newlib/newlib-3.1.0/armca5/libc.a(lib_a-strrchr.o)
                0x50801360                strrchr
 .text          0x50801384       0x30 ../../prebuilts/win32/gcc-arm-none-eabi/gcc-arm-none-eabi-9.2.1/bin/../lib/gcc/arm-none-eabi/9.2.1/thumb/v7+fp/hard/libgcc.a(_aeabi_uldivmod.o)
                0x50801384                __aeabi_uldivmod
 *fill*         0x508013b4        0x4 
 .text          0x508013b8      0x2b0 ../../prebuilts/win32/gcc-arm-none-eabi/gcc-arm-none-eabi-9.2.1/bin/../lib/gcc/arm-none-eabi/9.2.1/thumb/v7+fp/hard/libgcc.a(_divsi3.o)
                0x508013b8                __divsi3
                0x508013b8                __aeabi_idiv
                0x5080164c                __aeabi_idivmod
 .text          0x50801668        0x4 ../../prebuilts/win32/gcc-arm-none-eabi/gcc-arm-none-eabi-9.2.1/bin/../lib/gcc/arm-none-eabi/9.2.1/thumb/v7+fp/hard/libgcc.a(_dvmd_tls.o)
                0x50801668                __aeabi_idiv0
                0x50801668                __aeabi_ldiv0
 .text          0x5080166c      0x11c ../../prebuilts/win32/gcc-arm-none-eabi/gcc-arm-none-eabi-9.2.1/bin/../lib/gcc/arm-none-eabi/9.2.1/thumb/v7+fp/hard/libgcc.a(_udivmoddi4.o)
                0x5080166c                __udivmoddi4
 .text          0x50801788      0x278 ../../prebuilts/win32/gcc-arm-none-eabi/gcc-arm-none-eabi-9.2.1/bin/../lib/gcc/arm-none-eabi/9.2.1/thumb/v7+fp/hard/libgcc.a(_udivsi3.o)
                0x50801788                __aeabi_uidiv
                0x50801788                __udivsi3
                0x508019e4                __aeabi_uidivmod
 .text.prvFirmwareUpdateProgress
                0x50801a00       0x20 components/bootloader/CMakeFiles/spl.dir/8850/spl_start.c.obj
 .text.prvFirmwareUpdatePreProgress
                0x50801a20       0x4c components/bootloader/CMakeFiles/spl.dir/8850/spl_start.c.obj
 .text.bootSetUartIomux
                0x50801a6c       0x60 components/bootloader/CMakeFiles/spl.dir/8850/spl_start.c.obj
                0x50801a6c                bootSetUartIomux
 .rodata.bootStart.str1.1
                0x50801acc       0x10 components/bootloader/CMakeFiles/spl.dir/8850/spl_start.c.obj
 .text.bootStart
                0x50801adc      0x414 components/bootloader/CMakeFiles/spl.dir/8850/spl_start.c.obj
                0x50801adc                bootStart
 .text.blockDeviceRead
                0x50801ef0        0xc lib/libbdev.a(block_device.c.obj)
                0x50801ef0                blockDeviceRead
 .text.blockDeviceWrite
                0x50801efc        0xc lib/libbdev.a(block_device.c.obj)
                0x50801efc                blockDeviceWrite
 .text.blockDeviceErase
                0x50801f08        0xc lib/libbdev.a(block_device.c.obj)
                0x50801f08                blockDeviceErase
 .text.blockDeviceDestroy
                0x50801f14        0x8 lib/libbdev.a(block_device.c.obj)
                0x50801f14                blockDeviceDestroy
 .text._destroy
                0x50801f1c        0x4 lib/libbdev.a(partition_block_device.c.obj)
 .text._erase   0x50801f20       0x14 lib/libbdev.a(partition_block_device.c.obj)
 .text._write   0x50801f34       0x14 lib/libbdev.a(partition_block_device.c.obj)
 .text._read    0x50801f48       0x14 lib/libbdev.a(partition_block_device.c.obj)
 .text.partBlockDeviceCreate
                0x50801f5c       0x78 lib/libbdev.a(partition_block_device.c.obj)
                0x50801f5c                partBlockDeviceCreate
 .text.prvPbSetStatus
                0x50801fd4       0x30 lib/libbdev_core.a(flash_block_device_v2.c.obj)
 .text.prvDestroy
                0x50802004       0x1c lib/libbdev_core.a(flash_block_device_v2.c.obj)
 .text.prvStat  0x50802020       0x66 lib/libbdev_core.a(flash_block_device_v2.c.obj)
 *fill*         0x50802086        0x2 
 .text.prvFlashRead
                0x50802088       0x40 lib/libbdev_core.a(flash_block_device_v2.c.obj)
 .text.prvPbReadTail
                0x508020c8        0xe lib/libbdev_core.a(flash_block_device_v2.c.obj)
 .text.prvRead  0x508020d6       0x7a lib/libbdev_core.a(flash_block_device_v2.c.obj)
 .text.prvFlashWrite
                0x50802150       0x48 lib/libbdev_core.a(flash_block_device_v2.c.obj)
 .text.prvPbDelete
                0x50802198       0x1e lib/libbdev_core.a(flash_block_device_v2.c.obj)
 .text.prvErase
                0x508021b6       0x6c lib/libbdev_core.a(flash_block_device_v2.c.obj)
 .text.prvSetGeom
                0x50802222       0xb8 lib/libbdev_core.a(flash_block_device_v2.c.obj)
 .text.prvPbGetStatus.isra.0
                0x508022da       0x14 lib/libbdev_core.a(flash_block_device_v2.c.obj)
 .text.prbPbFindWritable
                0x508022ee       0x28 lib/libbdev_core.a(flash_block_device_v2.c.obj)
 .text.prvEbFindGcTo
                0x50802316       0x56 lib/libbdev_core.a(flash_block_device_v2.c.obj)
 .text.prvPbReadStatus
                0x5080236c       0xbc lib/libbdev_core.a(flash_block_device_v2.c.obj)
 .text.prvPbMemSetCrc
                0x50802428       0x28 lib/libbdev_core.a(flash_block_device_v2.c.obj)
 .text.prvScan  0x50802450      0x22c lib/libbdev_core.a(flash_block_device_v2.c.obj)
 .text.prvWrite
                0x5080267c      0x350 lib/libbdev_core.a(flash_block_device_v2.c.obj)
 .text.flashBlockDeviceCreateV2
                0x508029cc       0xfc lib/libbdev_core.a(flash_block_device_v2.c.obj)
                0x508029cc                flashBlockDeviceCreateV2
 .text.flashBlockDeviceFormatV2
                0x50802ac8       0x70 lib/libbdev_core.a(flash_block_device_v2.c.obj)
                0x50802ac8                flashBlockDeviceFormatV2
 .rodata.gFbdev2Ops
                0x50802b38       0x14 lib/libbdev_core.a(flash_block_device_v2.c.obj)
 .text.crc_table_init
                0x50802b4c       0x68 lib/libboot_calclib_crc.a(crc32.c.obj)
                0x50802b4c                crc_table_init
 .text.crc32Init
                0x50802bb4       0x1c lib/libboot_calclib_crc.a(crc32.c.obj)
                0x50802bb4                crc32Init
 .text.crc32Calc
                0x50802bd0       0x3c lib/libboot_calclib_crc.a(crc32.c.obj)
                0x50802bd0                crc32Calc
 .text.crc32VariantInit
                0x50802c0c       0x1c lib/libboot_calclib_crc.a(crc32.c.obj)
                0x50802c0c                crc32VariantInit
 .text.crc32VariantUpdate
                0x50802c28       0x34 lib/libboot_calclib_crc.a(crc32.c.obj)
                0x50802c28                crc32VariantUpdate
 .text.crc32VariantCalc
                0x50802c5c       0x38 lib/libboot_calclib_crc.a(crc32.c.obj)
                0x50802c5c                crc32VariantCalc
 .text.crc8RohcInit
                0x50802c94       0x1c lib/libboot_calclib_crc.a(crc32.c.obj)
                0x50802c94                crc8RohcInit
 .text.crc8RohcCalc
                0x50802cb0       0x2c lib/libboot_calclib_crc.a(crc32.c.obj)
                0x50802cb0                crc8RohcCalc
 .text.disk_readp
                0x50802cdc        0x4 lib/libboot_ex_fat_rdonly.a(diskio.c.obj)
                0x50802cdc                disk_readp
 .text.ff_convert
                0x50802ce0       0x3c lib/libboot_ex_fat_rdonly.a(pff_basic.c.obj)
                0x50802ce0                ff_convert
 .text.ld_word  0x50802d1c        0x4 lib/libboot_ex_fat_rdonly.a(pff_basic.c.obj)
                0x50802d1c                ld_word
 .text.ld_dword
                0x50802d20        0x4 lib/libboot_ex_fat_rdonly.a(pff_basic.c.obj)
                0x50802d20                ld_dword
 .text.mem_set  0x50802d24        0xe lib/libboot_ex_fat_rdonly.a(pff_basic.c.obj)
                0x50802d24                mem_set
 .text.mem_cmp  0x50802d32       0x1c lib/libboot_ex_fat_rdonly.a(pff_basic.c.obj)
                0x50802d32                mem_cmp
 .text.chk_chr  0x50802d4e        0xe lib/libboot_ex_fat_rdonly.a(pff_basic.c.obj)
                0x50802d4e                chk_chr
 .text.test_lfn
                0x50802d5c       0x58 lib/libboot_ex_fat_rdonly.a(pff_basic.c.obj)
                0x50802d5c                test_lfn
 .text.sum_sfn  0x50802db4       0x1e lib/libboot_ex_fat_rdonly.a(pff_basic.c.obj)
                0x50802db4                sum_sfn
 *fill*         0x50802dd2        0x2 
 .text.clust2sect
                0x50802dd4       0x20 lib/libboot_ex_fat_rdonly.a(pff_basic.c.obj)
                0x50802dd4                clust2sect
 .text.get_clust
                0x50802df4        0xa lib/libboot_ex_fat_rdonly.a(pff_basic.c.obj)
                0x50802df4                get_clust
 .rodata.create_name.str1.1
                0x50802dfe       0x10 lib/libboot_ex_fat_rdonly.a(pff_basic.c.obj)
 *fill*         0x50802e0e        0x2 
 .text.create_name
                0x50802e10      0x1d4 lib/libboot_ex_fat_rdonly.a(pff_basic.c.obj)
                0x50802e10                create_name
 .rodata.LfnOfs
                0x50802fe4        0xd lib/libboot_ex_fat_rdonly.a(pff_basic.c.obj)
                0x50802fe4                LfnOfs
 *fill*         0x50802ff1        0x1 
 .rodata.Tbl    0x50802ff2      0x100 lib/libboot_ex_fat_rdonly.a(pff_basic.c.obj)
 *fill*         0x508030f2        0x2 
 .text.get_fat  0x508030f4       0x7c lib/libboot_ex_fat_rdonly.a(pff_rdonly.c.obj)
 .text.dir_seek.constprop.0
                0x50803170       0x44 lib/libboot_ex_fat_rdonly.a(pff_rdonly.c.obj)
 .text.pf_open  0x508031b4      0x214 lib/libboot_ex_fat_rdonly.a(pff_rdonly.c.obj)
                0x508031b4                pf_open
 .text.pf_read  0x508033c8       0xd4 lib/libboot_ex_fat_rdonly.a(pff_rdonly.c.obj)
                0x508033c8                pf_read
 .text.pf_lseek
                0x5080349c       0x1c lib/libboot_ex_fat_rdonly.a(pff_rdonly.c.obj)
                0x5080349c                pf_lseek
 .text.quec_blockDeviceRead
                0x508034b8       0x20 lib/libboot_ex_fat_rdonly.a(quec_boot_block_device.c.obj)
                0x508034b8                quec_blockDeviceRead
 .text.ql_boot_fat_open
                0x508034d8       0x1a lib/libboot_ex_fat_rdonly.a(quec_boot_pff_rdonly.c.obj)
                0x508034d8                ql_boot_fat_open
 .text.ql_boot_fat_read
                0x508034f2       0x22 lib/libboot_ex_fat_rdonly.a(quec_boot_pff_rdonly.c.obj)
                0x508034f2                ql_boot_fat_read
 .text.ql_boot_fat_file_size
                0x50803514       0x1c lib/libboot_ex_fat_rdonly.a(quec_boot_pff_rdonly.c.obj)
                0x50803514                ql_boot_fat_file_size
 .text.ql_boot_fat_lseek
                0x50803530       0x12 lib/libboot_ex_fat_rdonly.a(quec_boot_pff_rdonly.c.obj)
                0x50803530                ql_boot_fat_lseek
 .rodata.quec_get_real_path.str1.1
                0x50803542       0x10 lib/libboot_ex_fat_rdonly.a(quec_boot_pff_rdonly.c.obj)
 *fill*         0x50803552        0x2 
 .text.quec_get_real_path
                0x50803554       0x28 lib/libboot_ex_fat_rdonly.a(quec_boot_pff_rdonly.c.obj)
                0x50803554                quec_get_real_path
 .rodata.quec_boot_open_file.str1.1
                0x5080357c       0x21 lib/libboot_ex_fat_rdonly.a(quec_boot_pff_rdonly.c.obj)
 *fill*         0x5080359d        0x3 
 .text.quec_boot_open_file
                0x508035a0       0x74 lib/libboot_ex_fat_rdonly.a(quec_boot_pff_rdonly.c.obj)
                0x508035a0                quec_boot_open_file
 .text.quec_bootVfsOpen
                0x50803614       0x28 lib/libboot_ex_fat_rdonly.a(quec_boot_pff_rdonly.c.obj)
                0x50803614                quec_bootVfsOpen
 .text.quec_bootVfsRead
                0x5080363c       0x30 lib/libboot_ex_fat_rdonly.a(quec_boot_pff_rdonly.c.obj)
                0x5080363c                quec_bootVfsRead
 .text.quec_bootVfsClose
                0x5080366c       0x28 lib/libboot_ex_fat_rdonly.a(quec_boot_pff_rdonly.c.obj)
                0x5080366c                quec_bootVfsClose
 .text.quec_bootVfsFileSize
                0x50803694       0x40 lib/libboot_ex_fat_rdonly.a(quec_boot_pff_rdonly.c.obj)
                0x50803694                quec_bootVfsFileSize
 .text.quec_bootVfsCheckPath
                0x508036d4       0x12 lib/libboot_ex_fat_rdonly.a(quec_boot_pff_rdonly.c.obj)
                0x508036d4                quec_bootVfsCheckPath
 *fill*         0x508036e6        0x2 
 .text.ql_boot_fat_disk_read
                0x508036e8       0x34 lib/libboot_ex_fat_rdonly.a(quec_boot_vfs.c.obj)
                0x508036e8                ql_boot_fat_disk_read
 .rodata.quec_check_path_type.str1.1
                0x5080371c        0x8 lib/libboot_ex_ql.a(quec_boot_fota.c.obj)
                                 0x1d (size before relaxing)
 .text.quec_check_path_type
                0x50803724       0x88 lib/libboot_ex_ql.a(quec_boot_fota.c.obj)
                0x50803724                quec_check_path_type
 .rodata.prvQuec_Load_Fota_nv_Cfg.str1.1
                0x508037ac       0x68 lib/libboot_ex_ql.a(quec_boot_fota.c.obj)
 .text.prvQuec_Load_Fota_nv_Cfg
                0x50803814       0x90 lib/libboot_ex_ql.a(quec_boot_fota.c.obj)
                0x50803814                prvQuec_Load_Fota_nv_Cfg
 .rodata.quec_boot_fota_init.str1.1
                0x508038a4       0x37 lib/libboot_ex_ql.a(quec_boot_fota.c.obj)
 *fill*         0x508038db        0x1 
 .text.quec_boot_fota_init
                0x508038dc       0xa4 lib/libboot_ex_ql.a(quec_boot_fota.c.obj)
                0x508038dc                quec_boot_fota_init
 .rodata.quec_boot_fota_pack_verify.str1.1
                0x50803980       0x12 lib/libboot_ex_ql.a(quec_boot_fota.c.obj)
 *fill*         0x50803992        0x2 
 .text.quec_boot_fota_pack_verify
                0x50803994       0xbc lib/libboot_ex_ql.a(quec_boot_fota.c.obj)
                0x50803994                quec_boot_fota_pack_verify
 .rodata.gFupdatePackFileNameInvalid
                0x50803a50        0x9 lib/libboot_ex_ql.a(quec_boot_fota.c.obj)
 .rodata.ql_boot_set_power_domain.str1.1
                0x50803a59       0x1d lib/libboot_ex_spi6nor.a(quec_boot_pin_power_domain.c.obj)
 *fill*         0x50803a76        0x2 
 .text.ql_boot_set_power_domain
                0x50803a78       0xa0 lib/libboot_ex_spi6nor.a(quec_boot_pin_power_domain.c.obj)
                0x50803a78                ql_boot_set_power_domain
 .text.quec_boot_pin_init
                0x50803b18       0x4c lib/libboot_ex_spi6nor.a(quec_boot_pin_power_domain.c.obj)
                0x50803b18                quec_boot_pin_init
 .text.quec_boot_get_pin_reg_default_val
                0x50803b64       0x12 lib/libboot_ex_spi6nor.a(quec_boot_pin_power_domain.c.obj)
                0x50803b64                quec_boot_get_pin_reg_default_val
 .text.quec_boot_set_pin_reg_default_val
                0x50803b76       0x28 lib/libboot_ex_spi6nor.a(quec_boot_pin_power_domain.c.obj)
                0x50803b76                quec_boot_set_pin_reg_default_val
 *fill*         0x50803b9e        0x2 
 .text.ql_set_spi6_ext_nor_flash_status
                0x50803ba0        0xc lib/libboot_ex_spi6nor.a(quec_spi6_ext_norflash_cfg.c.obj)
                0x50803ba0                ql_set_spi6_ext_nor_flash_status
 .text.ql_get_spi6_ext_nor_status
                0x50803bac        0xc lib/libboot_ex_spi6nor.a(quec_spi6_ext_norflash_cfg.c.obj)
                0x50803bac                ql_get_spi6_ext_nor_status
 .text.quec_spi6_ext_norflash_get_mount_status
                0x50803bb8        0xc lib/libboot_ex_spi6nor.a(quec_spi6_ext_norflash_cfg.c.obj)
                0x50803bb8                quec_spi6_ext_norflash_get_mount_status
 .rodata.quec_set_spi6_ext_nor_flash_capacity.str1.1
                0x50803bc4       0x5c lib/libboot_ex_spi6nor.a(quec_spi6_ext_norflash_cfg.c.obj)
 .text.quec_set_spi6_ext_nor_flash_capacity
                0x50803c20       0x84 lib/libboot_ex_spi6nor.a(quec_spi6_ext_norflash_cfg.c.obj)
                0x50803c20                quec_set_spi6_ext_nor_flash_capacity
 .rodata.quec_spi6_ext_nor_flash_mount.str1.1
                0x50803ca4       0x2f lib/libboot_ex_spi6nor.a(quec_spi6_ext_norflash_cfg.c.obj)
 *fill*         0x50803cd3        0x1 
 .text.quec_spi6_ext_nor_flash_mount
                0x50803cd4       0x7c lib/libboot_ex_spi6nor.a(quec_spi6_ext_norflash_cfg.c.obj)
                0x50803cd4                quec_spi6_ext_nor_flash_mount
 .text.quec_boot_spi6_pin_init
                0x50803d50       0xe4 lib/libboot_ex_spi6nor.a(quec_spi6_ext_norflash_cfg.c.obj)
                0x50803d50                quec_boot_spi6_pin_init
 .text.quec_boot_spi6_ext_norflash_gpio_init
                0x50803e34        0xc lib/libboot_ex_spi6nor.a(quec_spi6_ext_norflash_cfg.c.obj)
                0x50803e34                quec_boot_spi6_ext_norflash_gpio_init
 .rodata.quec_boot_spi6_ext_norflash_init.str1.1
                0x50803e40       0x27 lib/libboot_ex_spi6nor.a(quec_spi6_ext_norflash_cfg.c.obj)
 *fill*         0x50803e67        0x1 
 .text.quec_boot_spi6_ext_norflash_init
                0x50803e68       0x38 lib/libboot_ex_spi6nor.a(quec_spi6_ext_norflash_cfg.c.obj)
                0x50803e68                quec_boot_spi6_ext_norflash_init
 .text.quec_boot_get_spi6_ext_norflash_gpio_default_fuction
                0x50803ea0       0x98 lib/libboot_ex_spi6nor.a(quec_spi6_ext_norflash_cfg.c.obj)
                0x50803ea0                quec_boot_get_spi6_ext_norflash_gpio_default_fuction
 .text.quec_boot_spi6_ext_norflash_gpio_deinit
                0x50803f38       0x98 lib/libboot_ex_spi6nor.a(quec_spi6_ext_norflash_cfg.c.obj)
                0x50803f38                quec_boot_spi6_ext_norflash_gpio_deinit
 .rodata.__FUNCTION__.44892
                0x50803fd0       0x25 lib/libboot_ex_spi6nor.a(quec_spi6_ext_norflash_cfg.c.obj)
 .rodata.__FUNCTION__.44904
                0x50803ff5       0x1e lib/libboot_ex_spi6nor.a(quec_spi6_ext_norflash_cfg.c.obj)
 .rodata.__FUNCTION__.45048
                0x50804013       0x21 lib/libboot_ex_spi6nor.a(quec_spi6_ext_norflash_cfg.c.obj)
 .text.unlikely.bootPanic
                0x50804034        0x2 lib/libbootloader.a(boot_delay.c.obj)
                0x50804034                osiPanic
                0x50804034                bootPanic
 *fill*         0x50804036        0x2 
 .text.bootElapsedTimerStart
                0x50804038       0x10 lib/libbootloader.a(boot_delay.c.obj)
                0x50804038                osiElapsedTimerStart
                0x50804038                bootElapsedTimerStart
 .text.bootElapsedTimeUS
                0x50804048       0x14 lib/libbootloader.a(boot_delay.c.obj)
                0x50804048                bootElapsedTimeUS
                0x50804048                osiElapsedTimeUS
 .text.bootEfuseReadWrite
                0x5080405c       0x3c lib/libbootloader.a(boot_efuse.c.obj)
                0x5080405c                bootEfuseReadWrite
 .text.bootEfuseRead
                0x50804098       0x20 lib/libbootloader.a(boot_efuse.c.obj)
                0x50804098                bootEfuseRead
 .text.bootUartSetBaud
                0x508040b8      0x150 lib/libbootloader.a(boot_ifc_uart.c.obj)
                0x508040b8                bootUartSetBaud
 .text.bootUartOpen
                0x50804208       0xf4 lib/libbootloader.a(boot_ifc_uart.c.obj)
                0x50804208                bootUartOpen
 .text.bootUartWrite
                0x508042fc       0x24 lib/libbootloader.a(boot_ifc_uart.c.obj)
                0x508042fc                bootUartWrite
 .text.bootIrqHandler
                0x50804320       0x34 lib/libbootloader.a(boot_irq_gic.c.obj)
                0x50804320                bootIrqHandler
 .text._heap_malloc
                0x50804354       0x38 lib/libbootloader.a(boot_mem.c.obj)
 .text._heap_calloc
                0x5080438c       0x26 lib/libbootloader.a(boot_mem.c.obj)
 *fill*         0x508043b2        0x2 
 .text._heap_free
                0x508043b4       0x78 lib/libbootloader.a(boot_mem.c.obj)
 .text.bootHeapInit
                0x5080442c       0x4c lib/libbootloader.a(boot_mem.c.obj)
                0x5080442c                bootHeapInit
 .text.bootFree
                0x50804478       0x34 lib/libbootloader.a(boot_mem.c.obj)
                0x50804478                bootFree
 .text.bootHeapDefaultExtRam
                0x508044ac       0x10 lib/libbootloader.a(boot_mem.c.obj)
                0x508044ac                bootHeapDefaultExtRam
 .text.bootExtRamMalloc
                0x508044bc        0xc lib/libbootloader.a(boot_mem.c.obj)
                0x508044bc                bootExtRamMalloc
 .text.malloc   0x508044c8       0x10 lib/libbootloader.a(boot_mem.c.obj)
                0x508044c8                malloc
 .text.calloc   0x508044d8       0x10 lib/libbootloader.a(boot_mem.c.obj)
                0x508044d8                calloc
 .text.free     0x508044e8        0x4 lib/libbootloader.a(boot_mem.c.obj)
                0x508044e8                free
 .text.bootMmuEnable
                0x508044ec      0x268 lib/libbootloader.a(boot_mmu.c.obj)
                0x508044ec                bootMmuEnable
 .text.osiMutexCreate
                0x50804754        0x4 lib/libbootloader.a(boot_override.c.obj)
                0x50804754                osiMutexCreate
 .text.osiMutexDelete
                0x50804758        0x2 lib/libbootloader.a(boot_override.c.obj)
                0x50804758                osiMutexDelete
 .text.osiMutexLock
                0x5080475a        0x2 lib/libbootloader.a(boot_override.c.obj)
                0x5080475a                osiMutexLock
 .text.osiMutexUnlock
                0x5080475c        0x2 lib/libbootloader.a(boot_override.c.obj)
                0x5080475c                osiMutexUnlock
 .text.osiThreadSleepUS
                0x5080475e        0x4 lib/libbootloader.a(boot_override.c.obj)
                0x5080475e                osiThreadSleepUS
 *fill*         0x50804762        0x2 
 .text.bootReset
                0x50804764       0x4c lib/libbootloader.a(boot_platform.c.obj)
                0x50804764                bootReset
 .text._psmPrepare
                0x508047b0      0x13c lib/libbootloader.a(boot_platform.c.obj)
                0x508047b0                _psmPrepare
 .text.bootPowerOff
                0x508048ec       0x68 lib/libbootloader.a(boot_platform.c.obj)
                0x508048ec                bootPowerOff
 .text.bootPowerOnCause
                0x50804954       0x44 lib/libbootloader.a(boot_platform.c.obj)
                0x50804954                bootPowerOnCause
 .text.bootResetPinEnable
                0x50804998       0x5c lib/libbootloader.a(boot_platform.c.obj)
                0x50804998                bootResetPinEnable
 .text.bootPlatformInit
                0x508049f4       0x40 lib/libbootloader.a(boot_platform.c.obj)
                0x508049f4                bootPlatformInit
 .text.bootBlueScreen
                0x50804a34        0xc lib/libbootloader.a(boot_platform.c.obj)
                0x50804a34                bootBlueScreen
 .text.bootGetEfuseCtx
                0x50804a40       0x34 lib/libbootloader.a(boot_secure.c.obj)
                0x50804a40                bootGetEfuseCtx
 .text.sha256Calc
                0x50804a74        0xa lib/libbootloader.a(boot_secure.c.obj)
                0x50804a74                sha256Calc
 *fill*         0x50804a7e        0x2 
 .text.bootSimageCheckSign
                0x50804a80       0x1c lib/libbootloader.a(boot_secure.c.obj)
                0x50804a80                bootSimageCheckSign
 .text.bootUpdateVersion
                0x50804a9c       0x94 lib/libbootloader.a(boot_secure.c.obj)
                0x50804a9c                bootUpdateVersion
 .text.drvSpiFlashOpen
                0x50804b30        0x4 lib/libbootloader.a(boot_sffs_port.c.obj)
                0x50804b30                drvSpiFlashOpen
 .text.drvSpiFlashWrite
                0x50804b34        0x4 lib/libbootloader.a(boot_sffs_port.c.obj)
                0x50804b34                drvSpiFlashWrite
 .text.drvSpiFlashErase
                0x50804b38        0x4 lib/libbootloader.a(boot_sffs_port.c.obj)
                0x50804b38                drvSpiFlashErase
 .text.drvSpiFlashRead
                0x50804b3c        0x4 lib/libbootloader.a(boot_sffs_port.c.obj)
                0x50804b3c                drvSpiFlashRead
 .text.drvSpiFlashReadCheck
                0x50804b40        0x4 lib/libbootloader.a(boot_sffs_port.c.obj)
                0x50804b40                drvSpiFlashReadCheck
 .text.drvSpiFlashCapacity
                0x50804b44        0x4 lib/libbootloader.a(boot_sffs_port.c.obj)
                0x50804b44                drvSpiFlashCapacity
 .text.prvErase
                0x50804b48       0x1e lib/libbootloader.a(boot_spi_flash.c.obj)
 *fill*         0x50804b66        0x2 
 .text.bootSpiFlashOpen
                0x50804b68       0x40 lib/libbootloader.a(boot_spi_flash.c.obj)
                0x50804b68                bootSpiFlashOpen
 .text.bootSpiFlashSetRangeWriteProhibit
                0x50804ba8       0x38 lib/libbootloader.a(boot_spi_flash.c.obj)
                0x50804ba8                bootSpiFlashSetRangeWriteProhibit
 .text.bootSpiFlashCapacity
                0x50804be0        0x6 lib/libbootloader.a(boot_spi_flash.c.obj)
                0x50804be0                bootSpiFlashCapacity
 .text.bootSpiFlashWriteNoWait
                0x50804be6       0x70 lib/libbootloader.a(boot_spi_flash.c.obj)
                0x50804be6                bootSpiFlashWriteNoWait
 .text.bootSpiFlashEraseNoWait
                0x50804c56       0xd4 lib/libbootloader.a(boot_spi_flash.c.obj)
                0x50804c56                bootSpiFlashEraseNoWait
 .text.bootSpiFlashErase
                0x50804d2a       0x3c lib/libbootloader.a(boot_spi_flash.c.obj)
                0x50804d2a                bootSpiFlashErase
 .text.bootSpiFlashWrite
                0x50804d66       0x46 lib/libbootloader.a(boot_spi_flash.c.obj)
                0x50804d66                bootSpiFlashWrite
 .text.bootSpiFlashRead
                0x50804dac       0x26 lib/libbootloader.a(boot_spi_flash.c.obj)
                0x50804dac                bootSpiFlashRead
 .text.bootSpiFlashReadCheck
                0x50804dd2       0x2e lib/libbootloader.a(boot_spi_flash.c.obj)
                0x50804dd2                bootSpiFlashReadCheck
 .text.bootTraceInit
                0x50804e00       0x30 lib/libbootloader.a(boot_trace.c.obj)
                0x50804e00                bootTraceInit
 .text.bootTraceBufPut
                0x50804e30       0x18 lib/libbootloader.a(boot_trace.c.obj)
                0x50804e30                bootTraceBufPut
                0x50804e30                osiTraceBufPut
 .text.bootTraceBufPutMulti
                0x50804e48       0x18 lib/libbootloader.a(boot_trace.c.obj)
                0x50804e48                bootTraceBufPutMulti
                0x50804e48                osiTraceBufPutMulti
 .text.osiTraceTick
                0x50804e60       0x14 lib/libbootloader.a(boot_trace.c.obj)
                0x50804e60                osiTraceTick
 .text.bootUartWriteAll
                0x50804e74       0x2a lib/libbootloader.a(boot_uart_cmn.c.obj)
                0x50804e74                bootUartWriteAll
 .text.prvUartWriteByte
                0x50804e9e       0x16 lib/libbootloader.a(boot_uart_cmn.c.obj)
 .text.prvUartSendHdlc
                0x50804eb4       0x32 lib/libbootloader.a(boot_uart_cmn.c.obj)
 .text.bootUartWriteHdlc
                0x50804ee6       0x2e lib/libbootloader.a(boot_uart_cmn.c.obj)
                0x50804ee6                bootUartWriteHdlc
 .text.bootUartWriteMultiHdlc
                0x50804f14       0x3c lib/libbootloader.a(boot_uart_cmn.c.obj)
                0x50804f14                bootUartWriteMultiHdlc
 .text._getFileByFd
                0x50804f50       0x34 lib/libbootloader.a(boot_vfs.c.obj)
 .text._getFileByPath
                0x50804f84       0x74 lib/libbootloader.a(boot_vfs.c.obj)
 .rodata.quec_boot_check_path_valid.str1.1
                0x50804ff8       0x15 lib/libbootloader.a(boot_vfs.c.obj)
 *fill*         0x5080500d        0x3 
 .text.quec_boot_check_path_valid
                0x50805010       0x5c lib/libbootloader.a(boot_vfs.c.obj)
                0x50805010                quec_boot_check_path_valid
 .text.bootVfsMount
                0x5080506c       0x70 lib/libbootloader.a(boot_vfs.c.obj)
                0x5080506c                bootVfsMount
 .text.bootVfsMountHandle
                0x508050dc       0x38 lib/libbootloader.a(boot_vfs.c.obj)
                0x508050dc                vfs_mount_handle
                0x508050dc                bootVfsMountHandle
 .text.bootVfsUmountAll
                0x50805114       0x20 lib/libbootloader.a(boot_vfs.c.obj)
                0x50805114                bootVfsUmountAll
                0x50805114                vfs_umount_all
 .rodata.bootVfsOpen.str1.1
                0x50805134       0x1f lib/libbootloader.a(boot_vfs.c.obj)
 *fill*         0x50805153        0x1 
 .text.bootVfsOpen
                0x50805154       0x88 lib/libbootloader.a(boot_vfs.c.obj)
                0x50805154                vfs_open
                0x50805154                bootVfsOpen
 .text.bootVfsRead
                0x508051dc       0x36 lib/libbootloader.a(boot_vfs.c.obj)
                0x508051dc                vfs_read
                0x508051dc                bootVfsRead
 *fill*         0x50805212        0x2 
 .text.bootVfsLseek
                0x50805214       0x48 lib/libbootloader.a(boot_vfs.c.obj)
                0x50805214                vfs_lseek
                0x50805214                bootVfsLseek
 .text.bootVfsFstat
                0x5080525c       0x58 lib/libbootloader.a(boot_vfs.c.obj)
                0x5080525c                vfs_fstat
                0x5080525c                bootVfsFstat
 .text.bootVfsClose
                0x508052b4       0x30 lib/libbootloader.a(boot_vfs.c.obj)
                0x508052b4                vfs_close
                0x508052b4                bootVfsClose
 .text.bootVfsUnlink
                0x508052e4       0x32 lib/libbootloader.a(boot_vfs.c.obj)
                0x508052e4                bootVfsUnlink
                0x508052e4                vfs_unlink
 .text.bootVfsFileSize
                0x50805316       0x40 lib/libbootloader.a(boot_vfs.c.obj)
                0x50805316                vfs_file_size
                0x50805316                bootVfsFileSize
                0x50805316                vfs_sfile_size
 .text.bootVfsFileRead
                0x50805356       0x2a lib/libbootloader.a(boot_vfs.c.obj)
                0x50805356                vfs_sfile_read
                0x50805356                vfs_file_read
                0x50805356                bootVfsFileRead
 .text.bootVfsSfileInit
                0x50805380        0xa lib/libbootloader.a(boot_vfs.c.obj)
                0x50805380                bootVfsSfileInit
                0x50805380                vfs_sfile_init
 .text.bootVfsSfileWrite
                0x5080538a       0x44 lib/libbootloader.a(boot_vfs.c.obj)
                0x5080538a                vfs_sfile_write
                0x5080538a                bootVfsSfileWrite
 .rodata.quec_boot_fota_force_finish.str1.1
                0x508053ce       0x31 lib/libbootloader.a(boot_vfs.c.obj)
 *fill*         0x508053ff        0x1 
 .text.quec_boot_fota_force_finish
                0x50805400       0x40 lib/libbootloader.a(boot_vfs.c.obj)
                0x50805400                quec_boot_fota_force_finish
 .text.bootVfsMkFilePath
                0x50805440       0x80 lib/libbootloader.a(boot_vfs.c.obj)
                0x50805440                vfs_mkfilepath
                0x50805440                bootVfsMkFilePath
 .text.bootSffsMount
                0x508054c0       0x3e lib/libbootloader.a(boot_vfs.c.obj)
                0x508054c0                bootSffsMount
                0x508054c0                sffsVfsMount
 .text.bootSffsMkfs
                0x508054fe        0xa lib/libbootloader.a(boot_vfs.c.obj)
                0x508054fe                sffsVfsMkfs
                0x508054fe                bootSffsMkfs
 .rodata.__FUNCTION__.43476
                0x50805508       0x1c lib/libbootloader.a(boot_vfs.c.obj)
 .rodata.__FUNCTION__.43520
                0x50805524        0xc lib/libbootloader.a(boot_vfs.c.obj)
 .text.read_int
                0x50805530       0x24 lib/libcalclib.a(decompress_unlzma.c.obj)
 .text.noerror  0x50805554        0x2 lib/libcalclib.a(decompress_unlzma.c.obj)
 .text.nofill   0x50805556        0x6 lib/libcalclib.a(decompress_unlzma.c.obj)
 .rodata.rc_read.str1.1
                0x5080555c        0xf lib/libcalclib.a(decompress_unlzma.c.obj)
 *fill*         0x5080556b        0x1 
 .text.rc_read  0x5080556c       0x2c lib/libcalclib.a(decompress_unlzma.c.obj)
 .text.rc_init_code
                0x50805598       0x2a lib/libcalclib.a(decompress_unlzma.c.obj)
 .text.rc_do_normalize
                0x508055c2       0x28 lib/libcalclib.a(decompress_unlzma.c.obj)
 .text.rc_update_bit_0
                0x508055ea       0x12 lib/libcalclib.a(decompress_unlzma.c.obj)
 .text.rc_update_bit_1
                0x508055fc       0x1a lib/libcalclib.a(decompress_unlzma.c.obj)
 .text.write_byte
                0x50805616       0x8c lib/libcalclib.a(decompress_unlzma.c.obj)
 .text.peek_old_byte
                0x508056a2       0x38 lib/libcalclib.a(decompress_unlzma.c.obj)
 .text.rc_is_bit_0
                0x508056da       0x28 lib/libcalclib.a(decompress_unlzma.c.obj)
 .text.rc_get_bit
                0x50805702       0x32 lib/libcalclib.a(decompress_unlzma.c.obj)
 .text.process_bit0.isra.0
                0x50805734       0xb4 lib/libcalclib.a(decompress_unlzma.c.obj)
 .text.process_bit1
                0x508057e8      0x34a lib/libcalclib.a(decompress_unlzma.c.obj)
 .rodata.lzmaDecompress.str1.1
                0x50805b32       0x40 lib/libcalclib.a(decompress_unlzma.c.obj)
 *fill*         0x50805b72        0x2 
 .text.lzmaDecompress
                0x50805b74      0x2d0 lib/libcalclib.a(decompress_unlzma.c.obj)
                0x50805b74                lzmaDecompress
 .text.lzmaDecompressProbe
                0x50805e44       0x8e lib/libcalclib.a(decompress_unlzma.c.obj)
                0x50805e44                lzmaDecompressProbe
 .text.lzmaDecompressMem
                0x50805ed2       0x1e lib/libcalclib.a(decompress_unlzma.c.obj)
                0x50805ed2                lzmaDecompressMem
 .text.prvCheckChecksum.part.0
                0x50805ef0       0x4e lib/libcalclib.a(simage.c.obj)
 *fill*         0x50805f3e        0x2 
 .text.simageHeaderValid
                0x50805f40       0xf0 lib/libcalclib.a(simage.c.obj)
                0x50805f40                simageHeaderValid
 .text.simagePayloadValid
                0x50806030       0x28 lib/libcalclib.a(simage.c.obj)
                0x50806030                simagePayloadValid
 .text.simageValid
                0x50806058       0x16 lib/libcalclib.a(simage.c.obj)
                0x50806058                simageValid
 .text.simageJumpEntry
                0x5080606e       0x12 lib/libcalclib.a(simage.c.obj)
                0x5080606e                simageJumpEntry
 .text          0x50806080      0x160 lib/libfs_partinfo.a(partinfo.bin.S.obj)
                0x50806080                gPartInfo
 .text.quec_fs_part_info_init
                0x508061e0       0x10 lib/libfs_partinfo.a(ql_fs_part_info.c.obj)
                0x508061e0                quec_fs_part_info_init
 .text.prvFlagIgnored
                0x508061f0       0x20 lib/libfsmount.a(fs_mount.c.obj)
 .text.prvFlagFormatOnFail
                0x50806210       0x20 lib/libfsmount.a(fs_mount.c.obj)
 .text.prvRegisterBlockDevice
                0x50806230       0x44 lib/libfsmount.a(fs_mount.c.obj)
 .text.fsFindBlockDeviceByName
                0x50806274       0x1c lib/libfsmount.a(fs_mount.c.obj)
                0x50806274                fsFindBlockDeviceByName
 .text.prvCreateSubpart
                0x50806290       0x64 lib/libfsmount.a(fs_mount.c.obj)
 .text.prvMountSffs
                0x508062f4       0xac lib/libfsmount.a(fs_mount.c.obj)
                0x508062f4                prvMountSffs
 .rodata.prvCreateFbdev2.str1.1
                0x508063a0       0x1d lib/libfsmount.a(fs_mount.c.obj)
 *fill*         0x508063bd        0x3 
 .text.prvCreateFbdev2
                0x508063c0       0xc0 lib/libfsmount.a(fs_mount.c.obj)
                0x508063c0                prvCreateFbdev2
 .text.fsMountSetScenario
                0x50806480       0x14 lib/libfsmount.a(fs_mount.c.obj)
                0x50806480                fsMountSetScenario
 .text.fsMountAll
                0x50806494      0x150 lib/libfsmount.a(fs_mount.c.obj)
                0x50806494                fsMountAll
 .text.fsUmountAll
                0x508065e4       0x24 lib/libfsmount.a(fs_mount.c.obj)
                0x508065e4                fsUmountAll
 .text.prvProgressNone
                0x50806608        0x2 lib/libfupdate_core.a(fupdate_bootloader.c.obj)
 .text._bulkBlockedFileAllocMem
                0x5080660a       0x50 lib/libfupdate_core.a(fupdate_bootloader.c.obj)
 *fill*         0x5080665a        0x2 
 .text._decompressBundle
                0x5080665c       0x94 lib/libfupdate_core.a(fupdate_bootloader.c.obj)
 .text._decompBlockedData
                0x508066f0       0x48 lib/libfupdate_core.a(fupdate_bootloader.c.obj)
 .text._decompBlockedFile
                0x50806738       0x52 lib/libfupdate_core.a(fupdate_bootloader.c.obj)
 .text._verifyBundle
                0x5080678a       0x28 lib/libfupdate_core.a(fupdate_bootloader.c.obj)
 .text._fileWriteAndCheck
                0x508067b2       0x34 lib/libfupdate_core.a(fupdate_bootloader.c.obj)
 *fill*         0x508067e6        0x2 
 .text.fupdateGetUpdatingType
                0x508067e8       0x18 lib/libfupdate_core.a(fupdate_bootloader.c.obj)
                0x508067e8                fupdateGetUpdatingType
 .text.fupdateGetFlashUpdatingContent
                0x50806800       0x28 lib/libfupdate_core.a(fupdate_bootloader.c.obj)
                0x50806800                fupdateGetFlashUpdatingContent
 .rodata.fupdateRunV2.str1.1
                0x50806828        0x9 lib/libfupdate_core.a(fupdate_bootloader.c.obj)
 *fill*         0x50806831        0x3 
 .text.fupdateRunV2
                0x50806834      0xd14 lib/libfupdate_core.a(fupdate_bootloader.c.obj)
                0x50806834                fupdateRunV2
 .text._updateFileCrc
                0x50807548       0x3c lib/libfupdate_core.a(fupdate_common.c.obj)
 .text.fupdateBlockedFname
                0x50807584       0x60 lib/libfupdate_core.a(fupdate_common.c.obj)
                0x50807584                fupdateBlockedFname
 .text.fupdateCheckFileSizeCrc
                0x508075e4       0x6e lib/libfupdate_core.a(fupdate_common.c.obj)
                0x508075e4                fupdateCheckFileSizeCrc
 .text.fupdateCheckPlainFileSizeCrc
                0x50807652       0x54 lib/libfupdate_core.a(fupdate_common.c.obj)
                0x50807652                fupdateCheckPlainFileSizeCrc
 .text.fupdateCheckBlockedFileSizeCrc
                0x508076a6       0x8e lib/libfupdate_core.a(fupdate_common.c.obj)
                0x508076a6                fupdateCheckBlockedFileSizeCrc
 .text.fupdateCheckFlashCrc
                0x50807734       0x54 lib/libfupdate_core.a(fupdate_common.c.obj)
                0x50807734                fupdateCheckFlashCrc
 .text.fupdateReadContext
                0x50807788       0x1c lib/libfupdate_core.a(fupdate_common.c.obj)
                0x50807788                fupdateReadContext
 .text.fupdateWriteContext
                0x508077a4       0x1c lib/libfupdate_core.a(fupdate_common.c.obj)
                0x508077a4                fupdateWriteContext
 .text.fupdateParseBulk
                0x508077c0      0x178 lib/libfupdate_core.a(fupdate_common.c.obj)
                0x508077c0                fupdateParseBulk
 .text.fupdateParsePack
                0x50807938       0x5e lib/libfupdate_core.a(fupdate_common.c.obj)
                0x50807938                fupdateParsePack
 .text.fupdateParseBundle
                0x50807996       0x12 lib/libfupdate_core.a(fupdate_common.c.obj)
                0x50807996                fupdateParseBundle
 .text.fupdateParseBundleData
                0x508079a8       0x6a lib/libfupdate_core.a(fupdate_common.c.obj)
                0x508079a8                fupdateParseBundleData
 .text.fupdateParseBlock
                0x50807a12       0x18 lib/libfupdate_core.a(fupdate_common.c.obj)
                0x50807a12                fupdateParseBlock
 .text.fupdateParseBlockSize
                0x50807a2a       0x24 lib/libfupdate_core.a(fupdate_common.c.obj)
                0x50807a2a                fupdateParseBlockSize
 .text.fupdateParsePiece
                0x50807a4e       0x18 lib/libfupdate_core.a(fupdate_common.c.obj)
                0x50807a4e                fupdateParsePiece
 .rodata.str1.1
                0x50807a66       0x40 lib/libfupdate_core.a(fupdate_common.c.obj)
 *fill*         0x50807aa6        0x2 
 .text.prvAdiRegInit
                0x50807aa8       0x1c lib/libhal.a(hal_adi_bus.c.obj)
 .text.halAdiBusInit
                0x50807ac4        0x4 lib/libhal.a(hal_adi_bus.c.obj)
                0x50807ac4                halAdiBusInit
 .text.halAdiBusRead
                0x50807ac8       0x78 lib/libhal.a(hal_adi_bus.c.obj)
                0x50807ac8                halAdiBusRead
 .text.halAdiBusWrite
                0x50807b40       0x28 lib/libhal.a(hal_adi_bus.c.obj)
                0x50807b40                halAdiBusWrite
 .text.halAdiBusBatchChange
                0x50807b68       0xd0 lib/libhal.a(hal_adi_bus.c.obj)
                0x50807b68                halAdiBusBatchChange
 .text.halAdiBusChange
                0x50807c38       0xa4 lib/libhal.a(hal_adi_bus.c.obj)
                0x50807c38                halAdiBusChange
 .rodata        0x50807cdc        0x4 lib/libhal.a(hal_adi_bus.c.obj)
 .text.prvFillHex
                0x50807ce0       0x48 lib/libhal.a(hal_blue_screen.c.obj)
 .text.halBlueScreenSaveContext
                0x50807d28       0x5c lib/libhal.a(hal_blue_screen.c.obj)
                0x50807d28                halBlueScreenSaveContext
 .rodata.hex.43273
                0x50807d84       0x10 lib/libhal.a(hal_blue_screen.c.obj)
 .text.halCalcFracDivider
                0x50807d94       0xd8 lib/libhal.a(hal_chip.c.obj)
                0x50807d94                halCalcFracDivider
 .text.halToEfuseAntiRollback64
                0x50807e6c       0x34 lib/libhal.a(hal_chip.c.obj)
                0x50807e6c                halToEfuseAntiRollback64
 .text.halLzmaReset
                0x50807ea0       0x24 lib/libhal.a(hal_chip.c.obj)
                0x50807ea0                halLzmaReset
 .text.halLzmaEnable
                0x50807ec4       0x14 lib/libhal.a(hal_chip.c.obj)
                0x50807ec4                halLzmaEnable
 .text.halLzmaDisable
                0x50807ed8       0x14 lib/libhal.a(hal_chip.c.obj)
                0x50807ed8                halLzmaDisable
 .text.halSaveBlueScreenReg
                0x50807eec      0x328 lib/libhal.a(hal_chip_armv7a.c.obj)
                0x50807eec                halSaveBlueScreenReg
 .text.prvPsramPhyConfig
                0x50808214      0x15c lib/libhal.a(hal_clock_init.c.obj)
 .text.prvDelayUS
                0x50808370       0x14 lib/libhal.a(hal_clock_init.c.obj)
 .text.prvPsramDmc400Config
                0x50808384       0xc0 lib/libhal.a(hal_clock_init.c.obj)
 .text.prvDmc400QosConfig
                0x50808444       0xb0 lib/libhal.a(hal_clock_init.c.obj)
 .text.pll_cpst0
                0x508084f4       0x54 lib/libhal.a(hal_clock_init.c.obj)
 .text.pll_cpst1
                0x50808548       0x4c lib/libhal.a(hal_clock_init.c.obj)
 .text.halRamInit
                0x50808594      0x118 lib/libhal.a(hal_clock_init.c.obj)
                0x50808594                halRamInit
 .text.halClockInit
                0x508086ac      0x144 lib/libhal.a(hal_clock_init.c.obj)
                0x508086ac                halClockInit
 .rodata        0x508087f0        0x4 lib/libhal.a(hal_clock_init.c.obj)
 .text.prvEfuseWrite
                0x508087f4       0x90 lib/libhal.a(hal_efuse.c.obj)
 .text.halEfuseOpen
                0x50808884       0x10 lib/libhal.a(hal_efuse.c.obj)
                0x50808884                halEfuseOpen
 .text.halEfuseClose
                0x50808894       0x10 lib/libhal.a(hal_efuse.c.obj)
                0x50808894                halEfuseClose
 .text.halEfuseSingleRead
                0x508088a4       0x30 lib/libhal.a(hal_efuse.c.obj)
                0x508088a4                halEfuseSingleRead
 .text.halEfuseDoubleRead
                0x508088d4       0x2c lib/libhal.a(hal_efuse.c.obj)
                0x508088d4                halEfuseDoubleRead
 .text.halEfuseSingleWrite
                0x50808900        0xa lib/libhal.a(hal_efuse.c.obj)
                0x50808900                halEfuseSingleWrite
 .text.halEfuseDoubleWrite
                0x5080890a        0xa lib/libhal.a(hal_efuse.c.obj)
                0x5080890a                halEfuseDoubleWrite
 .text.osiBitmapSet
                0x50808914       0x2c lib/libhal.a(hal_efuse_cache.c.obj)
 .text.osiBitmapClear
                0x50808940       0x2e lib/libhal.a(hal_efuse_cache.c.obj)
 .text.osiBitmapIsSet
                0x5080896e       0x2e lib/libhal.a(hal_efuse_cache.c.obj)
 .text.prvEfuseInit
                0x5080899c       0xd4 lib/libhal.a(hal_efuse_cache.c.obj)
 .rodata.prvEfuseLoadLockBit.str1.1
                0x50808a70       0x18 lib/libhal.a(hal_efuse_cache.c.obj)
 .text.prvEfuseLoadLockBit
                0x50808a88       0x7c lib/libhal.a(hal_efuse_cache.c.obj)
 .text.halEfuseReadWrite
                0x50808b04      0x264 lib/libhal.a(hal_efuse_cache.c.obj)
                0x50808b04                halEfuseReadWrite
 .text.halHwspinlockAcquire
                0x50808d68       0x3c lib/libhal.a(hal_hwspinlock.c.obj)
                0x50808d68                halHwspinlockAcquire
 .text.halHwspinlockRelease
                0x50808da4       0x44 lib/libhal.a(hal_hwspinlock.c.obj)
                0x50808da4                halHwspinlockRelease
 .text.halHwspinlockAcquireInCritical
                0x50808de8       0x12 lib/libhal.a(hal_hwspinlock.c.obj)
                0x50808de8                halHwspinlockAcquireInCritical
 *fill*         0x50808dfa        0x2 
 .text.halHwspinlockReleaseInCritical
                0x50808dfc       0x14 lib/libhal.a(hal_hwspinlock.c.obj)
                0x50808dfc                halHwspinlockReleaseInCritical
 .text.halLzmaDataSize
                0x50808e10        0xc lib/libhal.a(hal_lzma.c.obj)
                0x50808e10                halLzmaDataSize
 .text.halLzmaDictSize
                0x50808e1c        0xe lib/libhal.a(hal_lzma.c.obj)
                0x50808e1c                halLzmaDictSize
 *fill*         0x50808e2a        0x2 
 .text.halLzmaDecompressBlock
                0x50808e2c      0x11c lib/libhal.a(hal_lzma.c.obj)
                0x50808e2c                halLzmaDecompressBlock
 .text.halLzmaDecompressFile
                0x50808f48       0xd2 lib/libhal.a(hal_lzma.c.obj)
                0x50808f48                halLzmaDecompressFile
 *fill*         0x5080901a        0x2 
 .text.halPmuExtFlashPowerOn
                0x5080901c       0x78 lib/libhal.a(hal_pmu.c.obj)
                0x5080901c                halPmuExtFlashPowerOn
 .text.halRomSha256Calc
                0x50809094        0x8 lib/libhal.a(hal_rom_api.c.obj)
                0x50809094                halRomSha256Calc
 .text.halRomSimageSignVerify
                0x5080909c       0x12 lib/libhal.a(hal_rom_api.c.obj)
                0x5080909c                halRomSimageSignVerify
 .text.getEfuseContent
                0x508090ae        0x8 lib/libhal.a(hal_rom_api.c.obj)
                0x508090ae                getEfuseContent
 .rodata.str1.1
                0x508090b6       0x19 lib/libhal.a(hal_spi_flash.c.obj)
 *fill*         0x508090cf        0x1 
 .text.prvSetPadDriving.isra.0
                0x508090d0       0x16 lib/libhal_prop.a(hal_iomux.c.obj)
 .text.prvSetPadPull.isra.0
                0x508090e6       0x54 lib/libhal_prop.a(hal_iomux.c.obj)
 .text.prvSetPad
                0x5080913a       0x3e lib/libhal_prop.a(hal_iomux.c.obj)
 .text.halIomuxSetFunction
                0x50809178       0x80 lib/libhal_prop.a(hal_iomux.c.obj)
                0x50809178                halIomuxSetFunction
 .rodata.gPadProp
                0x508091f8      0x330 lib/libhal_prop.a(hal_iomux.c.obj)
 .text.quec_spi_flash_props_init
                0x50809528       0x20 lib/libhal_prop.a(ql_hal_spi_flash_prop.c.obj)
                0x50809528                quec_spi_flash_props_init
 .rodata.ql_ext_flash_cfg
                0x50809548        0x3 lib/libhal_prop.a(ql_hal_spi_flash_prop.c.obj)
                0x50809548                ql_ext_flash_cfg
 *fill*         0x5080954b        0x1 
 .text.prvParamCount
                0x5080954c       0x30 lib/libosi_lib.a(osi_log.c.obj)
 .rodata.prvParamBuf.str1.1
                0x5080957c        0x7 lib/libosi_lib.a(osi_log.c.obj)
 *fill*         0x50809583        0x1 
 .text.prvParamBuf
                0x50809584       0xc4 lib/libosi_lib.a(osi_log.c.obj)
 .text.prvTraceBasic
                0x50809648       0x9c lib/libosi_lib.a(osi_log.c.obj)
 .text.prvTraceIdEx
                0x508096e4       0xa4 lib/libosi_lib.a(osi_log.c.obj)
 .text.prvTraceIdBasic
                0x50809788       0x7c lib/libosi_lib.a(osi_log.c.obj)
 .text.osiTraceBasic
                0x50809804       0x24 lib/libosi_lib.a(osi_log.c.obj)
                0x50809804                osiTraceBasic
 .text.osiTraceIdBasic
                0x50809828       0x24 lib/libosi_lib.a(osi_log.c.obj)
                0x50809828                osiTraceIdBasic
 .text.osiTraceIdEx
                0x5080984c       0x24 lib/libosi_lib.a(osi_log.c.obj)
                0x5080984c                osiTraceIdEx
 .text.osiTraceVprintf
                0x50809870      0x294 lib/libosi_lib.a(osi_log.c.obj)
                0x50809870                osiTraceVprintf
 .text.osiTracePrintf
                0x50809b04       0x24 lib/libosi_lib.a(osi_log.c.obj)
                0x50809b04                osiTracePrintf
 .rodata.parbufsize.42962
                0x50809b28       0x18 lib/libosi_lib.a(osi_log.c.obj)
 .rodata.parcount.42961
                0x50809b40       0x18 lib/libosi_lib.a(osi_log.c.obj)
 .text.MatchFinder_GetPointerToCurrentPos
                0x50809b58        0x4 lib/libsffs_core.a(LzFind.c.obj)
                0x50809b58                MatchFinder_GetPointerToCurrentPos
 .text.MatchFinder_GetIndexByte
                0x50809b5c        0x6 lib/libsffs_core.a(LzFind.c.obj)
                0x50809b5c                MatchFinder_GetIndexByte
 .text.MatchFinder_GetNumAvailableBytes
                0x50809b62        0x8 lib/libsffs_core.a(LzFind.c.obj)
                0x50809b62                MatchFinder_GetNumAvailableBytes
 .text.MatchFinder_SetLimits
                0x50809b6a       0x3e lib/libsffs_core.a(LzFind.c.obj)
 .text.Hc_GetMatchesSpec
                0x50809ba8       0x90 lib/libsffs_core.a(LzFind.c.obj)
 .text.SkipMatchesSpec
                0x50809c38       0xa4 lib/libsffs_core.a(LzFind.c.obj)
 .text.MatchFinder_ReadBlock
                0x50809cdc       0x6c lib/libsffs_core.a(LzFind.c.obj)
 .text.MatchFinder_Init
                0x50809d48       0x38 lib/libsffs_core.a(LzFind.c.obj)
                0x50809d48                MatchFinder_Init
 .text.MatchFinder_ReduceOffsets
                0x50809d80       0x14 lib/libsffs_core.a(LzFind.c.obj)
                0x50809d80                MatchFinder_ReduceOffsets
 .text.MatchFinder_MoveBlock
                0x50809d94       0x22 lib/libsffs_core.a(LzFind.c.obj)
                0x50809d94                MatchFinder_MoveBlock
 .text.MatchFinder_NeedMove
                0x50809db6       0x1e lib/libsffs_core.a(LzFind.c.obj)
                0x50809db6                MatchFinder_NeedMove
 .text.MatchFinder_Construct
                0x50809dd4       0x40 lib/libsffs_core.a(LzFind.c.obj)
                0x50809dd4                MatchFinder_Construct
 .text.MatchFinder_Free
                0x50809e14       0x22 lib/libsffs_core.a(LzFind.c.obj)
                0x50809e14                MatchFinder_Free
 *fill*         0x50809e36        0x2 
 .text.MatchFinder_Create
                0x50809e38      0x124 lib/libsffs_core.a(LzFind.c.obj)
                0x50809e38                MatchFinder_Create
 .text.MatchFinder_Normalize3
                0x50809f5c       0x1a lib/libsffs_core.a(LzFind.c.obj)
                0x50809f5c                MatchFinder_Normalize3
 .text.MatchFinder_CheckLimits
                0x50809f76       0x66 lib/libsffs_core.a(LzFind.c.obj)
 .text.MatchFinder_MovePos
                0x50809fdc       0x1e lib/libsffs_core.a(LzFind.c.obj)
 .text.Bt4_MatchFinder_Skip
                0x50809ffa       0xa0 lib/libsffs_core.a(LzFind.c.obj)
 .text.Bt3_MatchFinder_Skip
                0x5080a09a       0x86 lib/libsffs_core.a(LzFind.c.obj)
 .text.Bt2_MatchFinder_Skip
                0x5080a120       0x66 lib/libsffs_core.a(LzFind.c.obj)
 .text.Hc4_MatchFinder_Skip
                0x5080a186       0x8a lib/libsffs_core.a(LzFind.c.obj)
 .text.Hc4_MatchFinder_GetMatches
                0x5080a210      0x14e lib/libsffs_core.a(LzFind.c.obj)
 .text.GetMatchesSpec1
                0x5080a35e       0xe8 lib/libsffs_core.a(LzFind.c.obj)
                0x5080a35e                GetMatchesSpec1
 .text.Bt4_MatchFinder_GetMatches
                0x5080a446      0x160 lib/libsffs_core.a(LzFind.c.obj)
 .text.Bt3_MatchFinder_GetMatches
                0x5080a5a6      0x118 lib/libsffs_core.a(LzFind.c.obj)
 .text.Bt2_MatchFinder_GetMatches
                0x5080a6be       0x72 lib/libsffs_core.a(LzFind.c.obj)
 .text.MatchFinder_CreateVTable
                0x5080a730       0x70 lib/libsffs_core.a(LzFind.c.obj)
                0x5080a730                MatchFinder_CreateVTable
 .text.get_bit  0x5080a7a0       0x54 lib/libsffs_core.a(LzmaDec.c.obj)
                0x5080a7a0                get_bit
 .text.LzmaDec_FreeProbs
                0x5080a7f4       0x12 lib/libsffs_core.a(LzmaDec.c.obj)
                0x5080a7f4                LzmaDec_FreeProbs
 *fill*         0x5080a806        0x2 
 .text.LzmaDec_Init2
                0x5080a808       0xcc lib/libsffs_core.a(LzmaDec.c.obj)
                0x5080a808                LzmaDec_Init2
 .text.LzmaDecode2
                0x5080a8d4      0x440 lib/libsffs_core.a(LzmaDec.c.obj)
                0x5080a8d4                LzmaDecode2
 .text.LitEnc_GetPrice
                0x5080ad14       0x2c lib/libsffs_core.a(LzmaEnc.c.obj)
 .text.LitEnc_GetPriceMatched
                0x5080ad40       0x42 lib/libsffs_core.a(LzmaEnc.c.obj)
 .text.RcTree_GetPrice
                0x5080ad82       0x2c lib/libsffs_core.a(LzmaEnc.c.obj)
 .text.RcTree_ReverseGetPrice
                0x5080adae       0x32 lib/libsffs_core.a(LzmaEnc.c.obj)
 .text.LenEnc_Init
                0x5080ade0       0x3a lib/libsffs_core.a(LzmaEnc.c.obj)
 .text.LenPriceEnc_UpdateTable
                0x5080ae1a       0xd0 lib/libsffs_core.a(LzmaEnc.c.obj)
 .text.ReadMatchDistances
                0x5080aeea       0x84 lib/libsffs_core.a(LzmaEnc.c.obj)
 .text.Backward
                0x5080af6e       0x8a lib/libsffs_core.a(LzmaEnc.c.obj)
 .text.FillAlignPrices
                0x5080aff8       0x34 lib/libsffs_core.a(LzmaEnc.c.obj)
 .text.FillDistancesPrices
                0x5080b02c       0xfa lib/libsffs_core.a(LzmaEnc.c.obj)
 .text.MyWrite  0x5080b126       0x2c lib/libsffs_core.a(LzmaEnc.c.obj)
 .text.RangeEnc_FlushStream.part.0
                0x5080b152       0x2e lib/libsffs_core.a(LzmaEnc.c.obj)
 .text.RangeEnc_ShiftLow
                0x5080b180       0x62 lib/libsffs_core.a(LzmaEnc.c.obj)
 .text.RangeEnc_EncodeDirectBits
                0x5080b1e2       0x3e lib/libsffs_core.a(LzmaEnc.c.obj)
 .text.RangeEnc_EncodeBit
                0x5080b220       0x46 lib/libsffs_core.a(LzmaEnc.c.obj)
 .text.LitEnc_Encode
                0x5080b266       0x24 lib/libsffs_core.a(LzmaEnc.c.obj)
 .text.RcTree_Encode
                0x5080b28a       0x34 lib/libsffs_core.a(LzmaEnc.c.obj)
 .text.RcTree_ReverseEncode
                0x5080b2be       0x36 lib/libsffs_core.a(LzmaEnc.c.obj)
 .text.LenEnc_Encode2
                0x5080b2f4       0x92 lib/libsffs_core.a(LzmaEnc.c.obj)
 .text.MovePos  0x5080b386       0x24 lib/libsffs_core.a(LzmaEnc.c.obj)
 .text.GetPureRepPrice
                0x5080b3aa       0x7a lib/libsffs_core.a(LzmaEnc.c.obj)
 .text.CheckErrors
                0x5080b424       0x32 lib/libsffs_core.a(LzmaEnc.c.obj)
 *fill*         0x5080b456        0x2 
 .text.Flush    0x5080b458       0xf8 lib/libsffs_core.a(LzmaEnc.c.obj)
 .text.LzmaEnc_CodeOneBlock
                0x5080b550     0x1524 lib/libsffs_core.a(LzmaEnc.c.obj)
 .text.LzmaEnc_Encode2
                0x5080ca74       0x58 lib/libsffs_core.a(LzmaEnc.c.obj)
 .text.LzmaEncProps_Init
                0x5080cacc       0x22 lib/libsffs_core.a(LzmaEnc.c.obj)
                0x5080cacc                LzmaEncProps_Init
 *fill*         0x5080caee        0x2 
 .text.LzmaEncProps_Normalize
                0x5080caf0       0x88 lib/libsffs_core.a(LzmaEnc.c.obj)
                0x5080caf0                LzmaEncProps_Normalize
 .text.LzmaEnc_FastPosInit
                0x5080cb78       0x2c lib/libsffs_core.a(LzmaEnc.c.obj)
                0x5080cb78                LzmaEnc_FastPosInit
 .text.LzmaEnc_SetProps
                0x5080cba4       0xa8 lib/libsffs_core.a(LzmaEnc.c.obj)
                0x5080cba4                LzmaEnc_SetProps
 .text.LzmaEnc_InitPriceTables
                0x5080cc4c       0x32 lib/libsffs_core.a(LzmaEnc.c.obj)
                0x5080cc4c                LzmaEnc_InitPriceTables
 .text.LzmaEnc_Construct
                0x5080cc7e       0x48 lib/libsffs_core.a(LzmaEnc.c.obj)
                0x5080cc7e                LzmaEnc_Construct
 *fill*         0x5080ccc6        0x2 
 .text.LzmaEnc_Create
                0x5080ccc8       0x18 lib/libsffs_core.a(LzmaEnc.c.obj)
                0x5080ccc8                LzmaEnc_Create
 .text.LzmaEnc_FreeLits
                0x5080cce0       0x2e lib/libsffs_core.a(LzmaEnc.c.obj)
                0x5080cce0                LzmaEnc_FreeLits
 .text.LzmaEnc_Destruct
                0x5080cd0e       0x2c lib/libsffs_core.a(LzmaEnc.c.obj)
                0x5080cd0e                LzmaEnc_Destruct
 .text.LzmaEnc_Destroy
                0x5080cd3a       0x16 lib/libsffs_core.a(LzmaEnc.c.obj)
                0x5080cd3a                LzmaEnc_Destroy
 .text.LzmaEnc_Init
                0x5080cd50      0x128 lib/libsffs_core.a(LzmaEnc.c.obj)
                0x5080cd50                LzmaEnc_Init
 .text.LzmaEnc_InitPrices
                0x5080ce78       0x76 lib/libsffs_core.a(LzmaEnc.c.obj)
                0x5080ce78                LzmaEnc_InitPrices
 .text.LzmaEnc_AllocAndInit
                0x5080ceee      0x11a lib/libsffs_core.a(LzmaEnc.c.obj)
 .text.LzmaEnc_WriteProperties
                0x5080d008       0x6a lib/libsffs_core.a(LzmaEnc.c.obj)
                0x5080d008                LzmaEnc_WriteProperties
 *fill*         0x5080d072        0x2 
 .text.LzmaEnc_MemEncode
                0x5080d074       0x5c lib/libsffs_core.a(LzmaEnc.c.obj)
                0x5080d074                LzmaEnc_MemEncode
 .text.LzmaEncode
                0x5080d0d0       0x74 lib/libsffs_core.a(LzmaEnc.c.obj)
                0x5080d0d0                LzmaEncode
 .rodata.kLiteralNextStates
                0x5080d144       0x30 lib/libsffs_core.a(LzmaEnc.c.obj)
 .rodata.kMatchNextStates
                0x5080d174       0x30 lib/libsffs_core.a(LzmaEnc.c.obj)
 .rodata.kRepNextStates
                0x5080d1a4       0x30 lib/libsffs_core.a(LzmaEnc.c.obj)
 .rodata.kShortRepNextStates
                0x5080d1d4       0x30 lib/libsffs_core.a(LzmaEnc.c.obj)
 .text.SzFree   0x5080d204        0x6 lib/libsffs_core.a(lzmar.c.obj)
 .text.SzAlloc  0x5080d20a        0x6 lib/libsffs_core.a(lzmar.c.obj)
 .text._encodeBlock
                0x5080d210       0x64 lib/libsffs_core.a(lzmar.c.obj)
 .text.lzmarDecompress
                0x5080d274      0x14c lib/libsffs_core.a(lzmar.c.obj)
                0x5080d274                lzmarDecompress
 .text.lzmarCompress
                0x5080d3c0       0xd8 lib/libsffs_core.a(lzmar.c.obj)
                0x5080d3c0                lzmarCompress
 .text._cacheSetDirty
                0x5080d498       0x36 lib/libsffs_core.a(sffs.c.obj)
 .text._pathFileName
                0x5080d4ce       0x12 lib/libsffs_core.a(sffs.c.obj)
 .text._blockAllocFree
                0x5080d4e0       0x5c lib/libsffs_core.a(sffs.c.obj)
 .text._cacheFlush
                0x5080d53c       0x28 lib/libsffs_core.a(sffs.c.obj)
 .text._cacheFlushAll
                0x5080d564       0x1a lib/libsffs_core.a(sffs.c.obj)
 .text._isNodeOpened
                0x5080d57e       0x24 lib/libsffs_core.a(sffs.c.obj)
 .text._cacheFindNotBusyByState.isra.0
                0x5080d5a2       0x14 lib/libsffs_core.a(sffs.c.obj)
 .text._getFileFromFd.isra.0
                0x5080d5b6        0xe lib/libsffs_core.a(sffs.c.obj)
 .text._blockIsFree.isra.0
                0x5080d5c4       0x1a lib/libsffs_core.a(sffs.c.obj)
 .text._blockSetFree
                0x5080d5de       0x30 lib/libsffs_core.a(sffs.c.obj)
 .text._removeNode
                0x5080d60e       0x3a lib/libsffs_core.a(sffs.c.obj)
 .text._blockSetUsed
                0x5080d648       0x2e lib/libsffs_core.a(sffs.c.obj)
 *fill*         0x5080d676        0x2 
 .text._cacheDataIsRootDir.isra.0
                0x5080d678       0x1c lib/libsffs_core.a(sffs.c.obj)
 .text._cacheAllocForNode
                0x5080d694       0xe2 lib/libsffs_core.a(sffs.c.obj)
 .text._cacheAllocWithData
                0x5080d776        0x6 lib/libsffs_core.a(sffs.c.obj)
 .text._blockScanDir
                0x5080d77c      0x214 lib/libsffs_core.a(sffs.c.obj)
 .text._fileGetDataNode
                0x5080d990       0x98 lib/libsffs_core.a(sffs.c.obj)
 .text._removeMultiTabl
                0x5080da28       0x70 lib/libsffs_core.a(sffs.c.obj)
 .text._dirAddChildNodeIfNotExist
                0x5080da98       0x7a lib/libsffs_core.a(sffs.c.obj)
 .text._dirRemoveChildNode
                0x5080db12       0x6a lib/libsffs_core.a(sffs.c.obj)
 .text.prvIsRootDirFull
                0x5080db7c       0x42 lib/libsffs_core.a(sffs.c.obj)
 *fill*         0x5080dbbe        0x2 
 .text._findByPathInParent
                0x5080dbc0       0x98 lib/libsffs_core.a(sffs.c.obj)
 .text._findByPath
                0x5080dc58       0x4c lib/libsffs_core.a(sffs.c.obj)
 .text._findParentByPath
                0x5080dca4       0x40 lib/libsffs_core.a(sffs.c.obj)
 .text._fileDecreaseSize
                0x5080dce4      0x2ec lib/libsffs_core.a(sffs.c.obj)
 .text._moveNodeRecovery
                0x5080dfd0      0x120 lib/libsffs_core.a(sffs.c.obj)
 .text._scanMoveRecovery
                0x5080e0f0       0x98 lib/libsffs_core.a(sffs.c.obj)
 .text._cacheAllocForWrite
                0x5080e188        0x6 lib/libsffs_core.a(sffs.c.obj)
 *fill*         0x5080e18e        0x2 
 .text._allocTablBlock
                0x5080e190       0x3c lib/libsffs_core.a(sffs.c.obj)
 .text._fileWriteAll
                0x5080e1cc      0x1a8 lib/libsffs_core.a(sffs.c.obj)
 .text.prvFileWriteAllNotExit
                0x5080e374       0x3e lib/libsffs_core.a(sffs.c.obj)
 .text.sffsFileBlockNeeded
                0x5080e3b2       0x4e lib/libsffs_core.a(sffs.c.obj)
                0x5080e3b2                sffsFileBlockNeeded
 .text.sffsMount
                0x5080e400      0x1f0 lib/libsffs_core.a(sffs.c.obj)
                0x5080e400                sffsMount
 .text.sffsUnmount
                0x5080e5f0       0x14 lib/libsffs_core.a(sffs.c.obj)
                0x5080e5f0                sffsUnmount
 .text.sffsMakeFs
                0x5080e604       0x84 lib/libsffs_core.a(sffs.c.obj)
                0x5080e604                sffsMakeFs
 .text.sffsOpen
                0x5080e688      0x2a4 lib/libsffs_core.a(sffs.c.obj)
                0x5080e688                sffsOpen
 .text.sffsSfileWrite
                0x5080e92c      0x3e8 lib/libsffs_core.a(sffs.c.obj)
                0x5080e92c                sffsSfileWrite
 .text.sffsRead
                0x5080ed14      0x124 lib/libsffs_core.a(sffs.c.obj)
                0x5080ed14                sffsRead
 .text.sffsSeek
                0x5080ee38       0x7c lib/libsffs_core.a(sffs.c.obj)
                0x5080ee38                sffsSeek
 .text.sffsClose
                0x5080eeb4       0x4c lib/libsffs_core.a(sffs.c.obj)
                0x5080eeb4                sffsClose
 .text.sffsFstat
                0x5080ef00       0x6c lib/libsffs_core.a(sffs.c.obj)
                0x5080ef00                sffsFstat
 .text.sffsMkDir
                0x5080ef6c      0x150 lib/libsffs_core.a(sffs.c.obj)
                0x5080ef6c                sffsMkDir
 .text.sffsUnlink
                0x5080f0bc       0xc4 lib/libsffs_core.a(sffs.c.obj)
                0x5080f0bc                sffsUnlink
 .text.sffsSetSfileReserveCount
                0x5080f180       0x14 lib/libsffs_core.a(sffs.c.obj)
                0x5080f180                sffsSetSfileReserveCount
                0x5080f194                __text_end = .
                0x5080f1a0                . = ALIGN (0x20)
 *fill*         0x5080f194        0xc 

.sramcachetext  0x5080f1a0      0x2c0
 .sramcachetext
                0x5080f1a0      0x2c0 lib/libhal.a(hal_chip_armv7a.c.obj)
                0x5080f1a0                osiDCacheClean
                0x5080f1bc                osiDCacheInvalidate
                0x5080f1d4                osiDCacheCleanInvalidate
                0x5080f1f0                osiICacheInvalidate
                0x5080f200                osiICacheSync
                0x5080f20c                osiDCacheCleanAll
                0x5080f29c                osiDCacheInvalidateAll
                0x5080f32c                osiDCacheCleanInvalidateAll
                0x5080f3bc                osiICacheInvalidateAll
                0x5080f3cc                osiICacheSyncAll

.data           0x5080f460      0xd80
                0x5080f460                __data_start = .
 SORT_BY_NAME(*)(.sramdata .sramdata.*)
 SORT_BY_NAME(*)(.data .data.* .sdata .sdata.* .data1 .gnu.linkonce.d.*)
 .data._impure_ptr
                0x5080f460        0x4 ../../components/newlib/newlib-3.1.0/armca5/libc.a(lib_a-impure.o)
                0x5080f460                _impure_ptr
 *fill*         0x5080f464        0x4 
 .data.impure_data
                0x5080f468      0x428 ../../components/newlib/newlib-3.1.0/armca5/libc.a(lib_a-impure.o)
 .data.quec_pff_sector_size
                0x5080f890        0x4 lib/libboot_ex_fat_rdonly.a(pff_basic.c.obj)
                0x5080f890                quec_pff_sector_size
 .data.quec_boot_fs_type
                0x5080f894        0x1 lib/libboot_ex_ql.a(quec_boot_fota.c.obj)
                0x5080f894                quec_boot_fs_type
 .data.quec_fota_stage
                0x5080f895        0x9 lib/libboot_ex_ql.a(quec_boot_fota.c.obj)
                0x5080f895                quec_fota_stage
 *fill*         0x5080f89e        0x2 
 .data.quec_boot_spi6_pin_cfg_map
                0x5080f8a0       0xf8 lib/libboot_ex_ql_pin.a(quec_boot_pin_map.c.obj)
                0x5080f8a0                quec_boot_spi6_pin_cfg_map
 .data.ext_flash_gpio_cfg_pad_reg
                0x5080f998       0x18 lib/libboot_ex_spi6nor.a(quec_spi6_ext_norflash_cfg.c.obj)
 .data.ext_flash_gpio_cfg_reg
                0x5080f9b0       0x18 lib/libboot_ex_spi6nor.a(quec_spi6_ext_norflash_cfg.c.obj)
 .data.gPartInfo_extflash
                0x5080f9c8       0x70 lib/libboot_ex_spi6nor.a(quec_spi6_ext_norflash_cfg.c.obj)
                0x5080f9c8                gPartInfo_extflash
 .data.ql_spi6_clk_div
                0x5080fa38        0x1 lib/libboot_ex_spi6nor.a(quec_spi6_ext_norflash_cfg.c.obj)
                0x5080fa38                ql_spi6_clk_div
 .data.quec_skip_spi6_ext_nor_flash_init
                0x5080fa39        0x1 lib/libboot_ex_spi6nor.a(quec_spi6_ext_norflash_cfg.c.obj)
                0x5080fa39                quec_skip_spi6_ext_nor_flash_init
 *fill*         0x5080fa3a        0x2 
 .data.gBootUarts
                0x5080fa3c       0x30 lib/libbootloader.a(boot_ifc_uart.c.obj)
 .data.gDrvSpiFlashCtx
                0x5080fa6c       0x80 lib/libbootloader.a(boot_spi_flash.c.obj)
 .data.gFsScenario
                0x5080faec        0x1 lib/libfsmount.a(fs_mount.c.obj)
 *fill*         0x5080faed        0x3 
 .data.gFupdatePackFileName
                0x5080faf0        0x4 lib/libfupdate_core.a(fupdate_common.c.obj)
                0x5080faf0                gFupdatePackFileName
 .data.gFupdateStageFileName
                0x5080faf4        0x4 lib/libfupdate_core.a(fupdate_common.c.obj)
                0x5080faf4                gFupdateStageFileName
 .data.gFupdateTempFileName
                0x5080faf8        0x4 lib/libfupdate_core.a(fupdate_common.c.obj)
                0x5080faf8                gFupdateTempFileName
 .data.gBlueScreenInfo
                0x5080fafc       0x5a lib/libhal.a(hal_blue_screen.c.obj)
                0x5080fafc                gBlueScreenInfo
 .data.gFunProp
                0x5080fb56      0x434 lib/libhal_prop.a(hal_iomux.c.obj)
 *fill*         0x5080ff8a        0x2 
 .data.ql_SpiFlashProps
                0x5080ff8c      0x244 lib/libhal_prop.a(ql_hal_spi_flash_prop.c.obj)
                0x5080ff8c                ql_SpiFlashProps
 .data.ql_SpiFlashPropsLen
                0x508101d0        0x4 lib/libhal_prop.a(ql_hal_spi_flash_prop.c.obj)
                0x508101d0                ql_SpiFlashPropsLen
 .data.DICT_SIZE
                0x508101d4        0x4 lib/libsffs_core.a(lzmar.c.obj)
                0x508101d4                DICT_SIZE
 .data.g_Alloc  0x508101d8        0x8 lib/libsffs_core.a(lzmar.c.obj)
                0x508101e0                __data_end = .
                0x508101e0                . = ALIGN (0x20)

.rwkeep         0x508101e0        0x8
 .rwkeep        0x508101e0        0x8 lib/libhal.a(hal_chip_armv7a.c.obj)
                0x508101e0                gGdbRegAddress
                0x508101e4                gGdbCtxType

.flash_end      0x508101e8        0x0
                0x508101e8                __flash_end = .

.bss            0x508101e8     0x15d8
                0x508101e8                __bss_start = .
 *(.srambss .srambss.*)
 *(.bss .bss.* COMMON .scommon .sbss .sbss.* .sbss2 .sbss2.* .gnu.linkonce.b.*)
 .bss.gEfuse    0x508101e8       0x30 lib/libbootloader.a(boot_secure.c.obj)
 .bss.gDefaultHeap
                0x50810218        0x4 lib/libbootloader.a(boot_mem.c.obj)
 .bss.gExtRamHeap
                0x5081021c        0xc lib/libbootloader.a(boot_mem.c.obj)
 .bss.gIramHeap
                0x50810228        0xc lib/libbootloader.a(boot_mem.c.obj)
 .bss.gBootTraceUart
                0x50810234        0x4 lib/libbootloader.a(boot_trace.c.obj)
 .bss.gBootVfsRegList
                0x50810238        0x4 lib/libbootloader.a(boot_vfs.c.obj)
 .bss.quec_spi4_ext4n_nor_mount_flag
                0x5081023c        0x1 lib/libbootloader.a(boot_vfs.c.obj)
                0x5081023c                quec_spi4_ext4n_nor_mount_flag
 *fill*         0x5081023d        0x3 
 .bss.gBootIrqBody
                0x50810240      0x408 lib/libbootloader.a(boot_irq_gic.c.obj)
                0x50810240                gBootIrqBody
 .bss.gDrvEfuseLock
                0x50810648        0x4 lib/libbootloader.a(boot_efuse.c.obj)
 .bss.ql_spi6_flash_type
                0x5081064c        0x1 lib/libhal.a(hal_pmu.c.obj)
                0x5081064c                ql_spi6_flash_type
 .bss.quec_ext_flash_gpio_first_time_init
                0x5081064d        0x1 lib/libhal.a(hal_pmu.c.obj)
 *fill*         0x5081064e        0x2 
 COMMON         0x50810650      0x44c lib/libhal.a(hal_chip_armv7a.c.obj)
                0x50810650                gBlueScreenCp15
                0x50810724                gBlueScreenRegsBackup
                0x508108e0                gBlueScreenRegs
 .bss.gEfuseCache
                0x50810a9c      0x4dc lib/libhal.a(hal_efuse_cache.c.obj)
 .bss.gSpiFlashProps
                0x50810f78        0x4 lib/libhal.a(hal_spi_flash.c.obj)
 .bss.gSpiFlashPropsLen
                0x50810f7c        0x4 lib/libhal.a(hal_spi_flash.c.obj)
 .bss.gCrc32TableInited
                0x50810f80        0x1 lib/libboot_calclib_crc.a(crc32.c.obj)
 .bss.gCrc8Table
                0x50810f81      0x100 lib/libboot_calclib_crc.a(crc32.c.obj)
 .bss.gCrc8TableInited
                0x50811081        0x1 lib/libboot_calclib_crc.a(crc32.c.obj)
 *fill*         0x50811082        0x2 
 .bss.vds_crc32_table
                0x50811084      0x400 lib/libboot_calclib_crc.a(crc32.c.obj)
                0x50811084                vds_crc32_table
 .bss.gFotaEngine
                0x50811484        0x4 lib/libfupdate_core.a(fupdate_bootloader.c.obj)
 .bss.distance_max
                0x50811488        0x4 lib/libsffs_core.a(LzmaDec.c.obj)
 .bss.global_range_cnt
                0x5081148c        0x4 lib/libsffs_core.a(LzmaDec.c.obj)
                0x5081148c                global_range_cnt
 .bss.global_symbol_cnt
                0x50811490        0x4 lib/libsffs_core.a(LzmaDec.c.obj)
                0x50811490                global_symbol_cnt
 .bss.len_max   0x50811494        0x4 lib/libsffs_core.a(LzmaDec.c.obj)
 .bss.stat1     0x50811498       0x78 lib/libsffs_core.a(LzmaDec.c.obj)
 .bss.symbol_buf
                0x50811510        0x4 lib/libsffs_core.a(LzmaDec.c.obj)
 .bss.gTraceEnabled
                0x50811514        0x1 lib/libosi_lib.a(osi_log.c.obj)
                0x50811514                gTraceEnabled
 *fill*         0x50811515        0x3 
 COMMON         0x50811518       0x54 lib/libosi_lib.a(osi_log.c.obj)
                0x50811518                v_tra_pubModuleControl
                0x5081151c                v_tra_categoryControl
                0x50811520                gTraceSequence
                0x50811524                v_tra_lteModuleControl
                0x50811528                sxs_IoCtx
 .bss.gBdevList
                0x5081156c        0x4 lib/libfsmount.a(fs_mount.c.obj)
                0x5081156c                gBdevList
 .bss.gPartInfo_ptr
                0x50811570        0x4 lib/libfsmount.a(fs_mount.c.obj)
                0x50811570                gPartInfo_ptr
 .bss.boot_fota_param
                0x50811574       0xc4 lib/libboot_ex_ql.a(quec_boot_fota.c.obj)
                0x50811574                boot_fota_param
 .bss.boot_urc_enable
                0x50811638        0x1 lib/libboot_ex_ql.a(quec_boot_fota.c.obj)
                0x50811638                boot_urc_enable
 .bss.quec_current_partition
                0x50811639        0x1 lib/libboot_ex_ql.a(quec_boot_fota.c.obj)
                0x50811639                quec_current_partition
 .bss.quec_partition_num
                0x5081163a        0x1 lib/libboot_ex_ql.a(quec_boot_fota.c.obj)
                0x5081163a                quec_partition_num
 *fill*         0x5081163b        0x1 
 .bss.updata_urc_num
                0x5081163c        0x4 lib/libboot_ex_ql.a(quec_boot_fota.c.obj)
                0x5081163c                updata_urc_num
 .bss.bootfs    0x50811640       0xb0 lib/libboot_ex_fat_rdonly.a(quec_boot_vfs.c.obj)
                0x50811640                bootfs
 .bss.fatfs_offset
                0x508116f0        0x8 lib/libboot_ex_fat_rdonly.a(quec_boot_vfs.c.obj)
                0x508116f0                fatfs_offset
 .bss.quec_boot_vfs_state
                0x508116f8        0x2 lib/libboot_ex_fat_rdonly.a(quec_boot_vfs.c.obj)
                0x508116f8                quec_boot_vfs_state
 *fill*         0x508116fa        0x2 
 COMMON         0x508116fc        0x8 lib/libboot_ex_fat_rdonly.a(quec_boot_vfs.c.obj)
                0x508116fc                quec_boot_block_dev
 COMMON         0x50811704       0xaa lib/libboot_ex_fat_rdonly.a(pff_basic.c.obj)
                0x50811704                FatFs
                0x5081170c                LfnBuf
 *fill*         0x508117ae        0x2 
 .bss.quec_spi6_ext_nor_flash_capacity
                0x508117b0        0x4 lib/libboot_ex_spi6nor.a(quec_spi6_ext_norflash_cfg.c.obj)
                0x508117b0                quec_spi6_ext_nor_flash_capacity
 .bss.quec_spi6_ext_nor_flash_is_exist
                0x508117b4        0x1 lib/libboot_ex_spi6nor.a(quec_spi6_ext_norflash_cfg.c.obj)
                0x508117b4                quec_spi6_ext_nor_flash_is_exist
 .bss.quec_spi6_ext_norflash_mount_status
                0x508117b5        0x1 lib/libboot_ex_spi6nor.a(quec_spi6_ext_norflash_cfg.c.obj)
                0x508117b5                quec_spi6_ext_norflash_mount_status
 .bss.ql_boot_cur_spi6_port
                0x508117b6        0x1 lib/libboot_ex_ql_pin.a(quec_boot_pin_map.c.obj)
                0x508117b6                ql_boot_cur_spi6_port
 *fill*         0x508117b7        0x1 
 .bss.quec_nor_ext_mount_size
                0x508117b8        0x4 lib/libhal_prop.a(ql_hal_spi_flash_prop.c.obj)
                0x508117b8                quec_nor_ext_mount_size
 .bss.quec_nor_ext_mount_start_addr
                0x508117bc        0x4 lib/libhal_prop.a(ql_hal_spi_flash_prop.c.obj)
                0x508117bc                quec_nor_ext_mount_start_addr
                0x508117c0                __bss_end = .
                0x508117c0                . = ALIGN (0x20)

.sys_stack      0x00100c00     0x1800
                0x00100c00                __sys_stack_start = .
                0x00102400                . = (. + 0x1800)
 *fill*         0x00100c00     0x1800 
                0x00102400                __sys_stack_end = .
                0x00102400                . = ALIGN (0x20)

.irq_stack      0x00102400      0x800
                0x00102400                __irq_stack_start = .
                0x00102c00                . = (. + 0x800)
 *fill*         0x00102400      0x800 
                0x00102c00                __irq_stack_end = .
                0x00102c00                . = ALIGN (0x20)

.svc_stack      0x00102c00        0x0
                0x00102c00                __svc_stack_start = .
                0x00102c00                . = (. + 0x0)
                0x00102c00                __svc_stack_end = .
                0x00102c00                . = ALIGN (0x20)

.blue_screen    0x00102c00      0x600
                0x00102c00                __blue_screen_start = .
                0x00103200                . = (. + 0x600)
 *fill*         0x00102c00      0x600 
                0x00103200                __blue_screen_end = .
                0x00103200                . = ALIGN (0x20)

.sram_heap      0x00103200      0xe00
                0x00103200                __sram_heap_start = .
                0x00104000                . = (ORIGIN (syssram) + LENGTH (syssram))
 *fill*         0x00103200      0xe00 
                0x00104000                __sram_heap_end = .
                0x00104000                . = ALIGN (0x20)

.mmu_ttbl1      0x80000000     0x4000
                0x80000000                __mmu_ttbl1_start = .
                0x80004000                . = (. + 0x4000)
 *fill*         0x80000000     0x4000 
                0x80004000                __mmu_ttbl1_end = .
                0x80004000                . = ALIGN (0x20)

.ram_heap       0x80004000   0x7fc000
                0x80004000                __ram_heap_start = .
                0x80800000                . = (ORIGIN (ram) + LENGTH (ram))
 *fill*         0x80004000   0x7fc000 
                0x80800000                __ram_heap_end = .
                0x80800000                . = ALIGN (0x20)

.comment        0x00000000       0xc6
 *(.comment)
 .comment       0x00000000       0x79 components/bootloader/CMakeFiles/spl.dir/8850/spl_start.c.obj
                                 0x7a (size before relaxing)
 .comment       0x00000079       0x7a lib/libbootloader.a(boot_platform.c.obj)
 .comment       0x00000079       0x7a lib/libbootloader.a(boot_secure.c.obj)
 .comment       0x00000079       0x7a lib/libbootloader.a(boot_sffs_port.c.obj)
 .comment       0x00000079       0x7a lib/libbootloader.a(boot_delay.c.obj)
 .comment       0x00000079       0x7a lib/libbootloader.a(boot_mem.c.obj)
 .comment       0x00000079       0x7a lib/libbootloader.a(boot_spi_flash.c.obj)
 .comment       0x00000079       0x7a lib/libbootloader.a(boot_trace.c.obj)
 .comment       0x00000079       0x7a lib/libbootloader.a(boot_vfs.c.obj)
 .comment       0x00000079       0x7a lib/libbootloader.a(boot_irq_gic.c.obj)
 .comment       0x00000079       0x7a lib/libbootloader.a(boot_ifc_uart.c.obj)
 .comment       0x00000079       0x7a lib/libbootloader.a(boot_uart_cmn.c.obj)
 .comment       0x00000079       0x7a lib/libbootloader.a(boot_mmu.c.obj)
 .comment       0x00000079       0x7a lib/libbootloader.a(boot_override.c.obj)
 .comment       0x00000079       0x7a lib/libbootloader.a(boot_efuse.c.obj)
 .comment       0x00000079       0x7a lib/libhal.a(hal_clock_init.c.obj)
 .comment       0x00000079       0x7a lib/libhal.a(hal_rom_api.c.obj)
 .comment       0x00000079       0x7a lib/libhal.a(hal_pmu.c.obj)
 .comment       0x00000079       0x7a lib/libhal.a(hal_wdt.c.obj)
 .comment       0x00000079       0x7a lib/libhal.a(hal_chip.c.obj)
 .comment       0x00000079       0x7a lib/libhal.a(hal_chip_armv7a.c.obj)
 .comment       0x00000079       0x7a lib/libhal.a(hal_delay.c.obj)
 .comment       0x00000079       0x7a lib/libhal.a(hal_efuse_cache.c.obj)
 .comment       0x00000079       0x7a lib/libhal.a(hal_spi_flash.c.obj)
 .comment       0x00000079       0x7a lib/libhal.a(hal_adi_bus.c.obj)
 .comment       0x00000079       0x7a lib/libhal.a(hal_blue_screen.c.obj)
 .comment       0x00000079       0x7a lib/libhal.a(hal_hwspinlock.c.obj)
 .comment       0x00000079       0x7a lib/libhal.a(hal_efuse.c.obj)
 .comment       0x00000079       0x7a lib/libcalclib.a(simage.c.obj)
 .comment       0x00000079       0x7a lib/libboot_calclib_crc.a(crc32.c.obj)
 .comment       0x00000079       0x4d lib/libfupdate_core.a(fupdate_bootloader.c.obj)
                                 0x4e (size before relaxing)
 .comment       0x000000c6       0x4e lib/libfupdate_core.a(fupdate_common.c.obj)
 .comment       0x000000c6       0x4e lib/libsffs_core.a(sffs.c.obj)
 .comment       0x000000c6       0x4e lib/libsffs_core.a(lzmar.c.obj)
 .comment       0x000000c6       0x4e lib/libsffs_core.a(LzmaEnc.c.obj)
 .comment       0x000000c6       0x4e lib/libsffs_core.a(LzmaDec.c.obj)
 .comment       0x000000c6       0x4e lib/libsffs_core.a(LzFind.c.obj)
 .comment       0x000000c6       0x7a lib/libbdev.a(block_device.c.obj)
 .comment       0x000000c6       0x7a lib/libosi_lib.a(osi_log.c.obj)
 .comment       0x000000c6       0x7a lib/libfsmount.a(fs_mount.c.obj)
 .comment       0x000000c6       0x7a lib/libboot_ex_ql.a(quec_boot_fota.c.obj)
 .comment       0x000000c6       0x7a lib/libhal.a(hal_lzma.c.obj)
 .comment       0x000000c6       0x7a lib/libhal.a(hal_chip.c.obj)
 .comment       0x000000c6       0x7a lib/libcalclib.a(decompress_unlzma.c.obj)
 .comment       0x000000c6       0x7a lib/libbdev.a(partition_block_device.c.obj)
 .comment       0x000000c6       0x4e lib/libbdev_core.a(flash_block_device_v2.c.obj)
 .comment       0x000000c6       0x7a ../../components/newlib/newlib-3.1.0/armca5/libc.a(lib_a-getreent.o)
 .comment       0x000000c6       0x7a ../../components/newlib/newlib-3.1.0/armca5/libc.a(lib_a-impure.o)
 .comment       0x000000c6       0x7a ../../components/newlib/newlib-3.1.0/armca5/libc.a(lib_a-memcmp.o)
 .comment       0x000000c6       0x7a ../../components/newlib/newlib-3.1.0/armca5/libc.a(lib_a-memcpy-stub.o)
 .comment       0x000000c6       0x7a ../../components/newlib/newlib-3.1.0/armca5/libc.a(lib_a-memmove.o)
 .comment       0x000000c6       0x7a ../../components/newlib/newlib-3.1.0/armca5/libc.a(lib_a-memset.o)
 .comment       0x000000c6       0x7a ../../components/newlib/newlib-3.1.0/armca5/libc.a(lib_a-strchr.o)
 .comment       0x000000c6       0x7a ../../components/newlib/newlib-3.1.0/armca5/libc.a(lib_a-strcpy.o)
 .comment       0x000000c6       0x7a ../../components/newlib/newlib-3.1.0/armca5/libc.a(lib_a-strdup.o)
 .comment       0x000000c6       0x7a ../../components/newlib/newlib-3.1.0/armca5/libc.a(lib_a-strdup_r.o)
 .comment       0x000000c6       0x7a ../../components/newlib/newlib-3.1.0/armca5/libc.a(lib_a-strncmp.o)