Archive member included to satisfy reference by file (symbol)

lib/libql_app_peripheral.a(gpio_demo.c.obj)
                              components/ql-application/init/CMakeFiles/APPIMAGE_APP.dir/ql_init.c.obj (ql_gpio_app_init)
lib/libql_app_peripheral.a(gpio_int_demo.c.obj)
                              components/ql-application/init/CMakeFiles/APPIMAGE_APP.dir/ql_init.c.obj (ql_gpioint_app_init)
lib/libql_app_mqtt.a(mqtt_demo.c.obj)
                              components/ql-application/init/CMakeFiles/APPIMAGE_APP.dir/ql_init.c.obj (ql_mqtt_app_init)
lib/libql_app_mqtt.a(data.c.obj)
                              lib/libql_app_mqtt.a(mqtt_demo.c.obj) (com_emotorad_backend_aggregation_flink_data_bike_init)
lib/libql_app_mqtt.a(pbtools.c.obj)
                              lib/libql_app_mqtt.a(data.c.obj) (pbtools_encoder_write_uint64)
lib/libql_app_hd_gnss.a(hd_gnss_demo.c.obj)
                              components/ql-application/init/CMakeFiles/APPIMAGE_APP.dir/ql_init.c.obj (ql_hd_gnss_app_init)
..\..\components\newlib\newlib-3.1.0\armca5\libc.a(lib_a-atof.o)
                              lib/libql_app_hd_gnss.a(hd_gnss_demo.c.obj) (atof)
..\..\components\newlib\newlib-3.1.0\armca5\libc.a(lib_a-atoi.o)
                              lib/libql_app_hd_gnss.a(hd_gnss_demo.c.obj) (atoi)
..\..\components\newlib\newlib-3.1.0\armca5\libc.a(lib_a-memchr.o)
                              lib/libql_app_hd_gnss.a(hd_gnss_demo.c.obj) (memchr)
..\..\components\newlib\newlib-3.1.0\armca5\libc.a(lib_a-memcpy-stub.o)
                              lib/libql_app_mqtt.a(mqtt_demo.c.obj) (memcpy)
..\..\components\newlib\newlib-3.1.0\armca5\libc.a(lib_a-memmove.o)
                              lib/libql_app_mqtt.a(pbtools.c.obj) (memmove)
..\..\components\newlib\newlib-3.1.0\armca5\libc.a(lib_a-memset.o)
                              lib/libql_app_mqtt.a(mqtt_demo.c.obj) (memset)
..\..\components\newlib\newlib-3.1.0\armca5\libc.a(lib_a-strchr.o)
                              lib/libql_app_hd_gnss.a(hd_gnss_demo.c.obj) (strchr)
..\..\components\newlib\newlib-3.1.0\armca5\libc.a(lib_a-strcmp.o)
                              lib/libql_app_hd_gnss.a(hd_gnss_demo.c.obj) (strcmp)
..\..\components\newlib\newlib-3.1.0\armca5\libc.a(lib_a-strlen.o)
                              lib/libql_app_mqtt.a(mqtt_demo.c.obj) (strlen)
..\..\components\newlib\newlib-3.1.0\armca5\libc.a(lib_a-strncmp.o)
                              lib/libql_app_hd_gnss.a(hd_gnss_demo.c.obj) (strncmp)
..\..\components\newlib\newlib-3.1.0\armca5\libc.a(lib_a-strncpy.o)
                              lib/libql_app_mqtt.a(mqtt_demo.c.obj) (strncpy)
..\..\components\newlib\newlib-3.1.0\armca5\libc.a(lib_a-strtod.o)
                              ..\..\components\newlib\newlib-3.1.0\armca5\libc.a(lib_a-atof.o) (strtod)
..\..\components\newlib\newlib-3.1.0\armca5\libc.a(lib_a-strtol.o)
                              ..\..\components\newlib\newlib-3.1.0\armca5\libc.a(lib_a-atoi.o) (_strtol_r)
..\..\components\newlib\newlib-3.1.0\armca5\libc.a(lib_a-ctype_.o)
                              ..\..\components\newlib\newlib-3.1.0\armca5\libc.a(lib_a-strtol.o) (_ctype_)
..\..\components\newlib\newlib-3.1.0\armca5\libc.a(lib_a-gdtoa-gethex.o)
                              ..\..\components\newlib\newlib-3.1.0\armca5\libc.a(lib_a-strtod.o) (__gethex)
..\..\components\newlib\newlib-3.1.0\armca5\libc.a(lib_a-gdtoa-hexnan.o)
                              ..\..\components\newlib\newlib-3.1.0\armca5\libc.a(lib_a-strtod.o) (__match)
..\..\components\newlib\newlib-3.1.0\armca5\libc.a(lib_a-lnumeric.o)
                              ..\..\components\newlib\newlib-3.1.0\armca5\libc.a(lib_a-strtod.o) (_C_numeric_locale)
..\..\components\newlib\newlib-3.1.0\armca5\libc.a(lib_a-locale.o)
                              ..\..\components\newlib\newlib-3.1.0\armca5\libc.a(lib_a-strtod.o) (__global_locale)
..\..\components\newlib\newlib-3.1.0\armca5\libc.a(lib_a-mbtowc_r.o)
                              ..\..\components\newlib\newlib-3.1.0\armca5\libc.a(lib_a-locale.o) (__ascii_mbtowc)
..\..\components\newlib\newlib-3.1.0\armca5\libc.a(lib_a-mprec.o)
                              ..\..\components\newlib\newlib-3.1.0\armca5\libc.a(lib_a-strtod.o) (_Balloc)
..\..\components\newlib\newlib-3.1.0\armca5\libc.a(lib_a-sf_nan.o)
                              ..\..\components\newlib\newlib-3.1.0\armca5\libc.a(lib_a-strtod.o) (nanf)
..\..\components\newlib\newlib-3.1.0\armca5\libc.a(lib_a-s_nan.o)
                              ..\..\components\newlib\newlib-3.1.0\armca5\libc.a(lib_a-strtod.o) (nan)
..\..\components\newlib\newlib-3.1.0\armca5\libc.a(lib_a-wctomb_r.o)
                              ..\..\components\newlib\newlib-3.1.0\armca5\libc.a(lib_a-locale.o) (__ascii_wctomb)
..\..\prebuilts\win32\gcc-arm-none-eabi\gcc-arm-none-eabi-9.2.1\lib\gcc\arm-none-eabi\9.2.1\thumb\v7+fp\hard\libgcc.a(_udivsi3.o)
                              lib/libql_app_hd_gnss.a(hd_gnss_demo.c.obj) (__aeabi_uidiv)
[...]
Memory Configuration

Name             Origin             Length             Attributes
flash            0x60400100         0x0011ff00         xr
ram              0x807f0000         0x00010000         xrw
*default*        0x00000000         0xffffffff

Linker script and memory map

LOAD lib/core_stub.o
LOAD components/ql-application/init/CMakeFiles/APPIMAGE_APP.dir/ql_init.c.obj
LOAD ../../components/newlib/newlib-3.1.0/armca5/libc.a
LOAD ../../components/newlib/newlib-3.1.0/armca5/libm.a
LOAD ../../prebuilts/win32/gcc-arm-none-eabi/gcc-arm-none-eabi-9.2.1/bin/../lib/gcc/arm-none-eabi/9.2.1/thumb/v7+fp/hard/libgcc.a
LOAD lib/libql_app_nw.a
LOAD lib/libql_app_peripheral.a
LOAD lib/libql_app_osi.a
LOAD lib/libql_app_dev.a
LOAD lib/libql_app_sim.a
LOAD lib/libql_app_power.a
LOAD lib/libapploader.a
LOAD lib/libql_app_usb.a
LOAD lib/libql_app_ftp.a
LOAD lib/libql_app_http.a
LOAD lib/libql_app_mqtt.a
LOAD lib/libql_app_ssl.a
LOAD lib/libql_app_ping.a
LOAD lib/libql_app_ntp.a
LOAD lib/libql_app_lbs.a
LOAD lib/libql_app_socket.a
LOAD lib/libql_app_audio.a
LOAD lib/libql_app_wifi_scan.a
LOAD lib/libql_app_hd_gnss.a
LOAD lib/libql_app_lcd.a
LOAD lib/libql_app_lvgl.a
LOAD lib/libql_app_camera.a
LOAD lib/libql_app_file.a
LOAD lib/libql_app_sms.a
LOAD lib/libql_app_voice_call.a
LOAD lib/libql_app_volte.a
LOAD lib/libql_app_spi.a
LOAD lib/libql_app_spi_nor_flash.a
LOAD lib/libql_app_spi6_ext_nor_flash.a
LOAD lib/libql_app_spi_nand_flash.a
LOAD lib/libql_app_decoder.a
LOAD ../../components/newlib/armca5/libql_api_decoder.a
LOAD ../../components/newlib/armca5/decoder_8910.a
LOAD ../../components/newlib/newlib-3.1.0/armca5/libm.a
LOAD lib/libql_app_img_at.a
LOAD lib/libql_app_rtc.a
LOAD lib/libql_ali_linkSDK.a
LOAD lib/libql_qcloud_iot.a
LOAD lib/libql_app_virt_at.a
LOAD lib/libql_app_http_fota.a
LOAD lib/libql_app_ftp_fota.a
LOAD lib/libql_app_i2c.a
LOAD lib/libql_app_mxml.a
LOAD lib/libql_app_ext_nor_flash.a
LOAD lib/libql_app_hilinksdk.a
LOAD lib/libql_app_hilinksdk.a
LOAD lib/ql_hilinksdk.a
START GROUP
LOAD ..\..\components\newlib\newlib-3.1.0\armca5\libc.a
LOAD ..\..\components\newlib\newlib-3.1.0\armca5\libm.a
LOAD ..\..\prebuilts\win32\gcc-arm-none-eabi\gcc-arm-none-eabi-9.2.1\lib\gcc\arm-none-eabi\9.2.1\thumb\v7+fp\hard\libgcc.a
LOAD ..\..\components\ql-application\HiLinkSDK\lib\tl8251\lib\debug\libhilinkbtsdk.a
LOAD ..\..\components\ql-application\HiLinkSDK\lib\WiFi\ota\debug\libhilinkota.a
LOAD ..\..\components\ql-application\HiLinkSDK\lib\WiFi\softap\debug\libhilinkdevicesdk.a
END GROUP
LOAD ../../components/newlib/newlib-3.1.0/armca5/libm.a
LOAD lib/libql_app_peripheral.a
LOAD lib/liblvgl.a
LOAD lib/libql_app_hilinksdk.a
LOAD ../../components/newlib/armca5/libql_newlib.a
LOAD ../../components/newlib/newlib-3.1.0/armca5/libc.a
LOAD ../../components/newlib/newlib-3.1.0/armca5/libm.a
LOAD ../../prebuilts/win32/gcc-arm-none-eabi/gcc-arm-none-eabi-9.2.1/bin/../lib/gcc/arm-none-eabi/9.2.1/thumb/v7+fp/hard/libgcc.a
                0x00000000                PROVIDE (appimg_get_param = 0x0)
                0x00000000                PROVIDE (appimg_set_param = 0x0)
                0x60400100                . = ORIGIN (flash)
                0x60400100                __flash_start = .

.imageheader    0x60400100       0x80
                0x60400100        0x4 LONG 0x41505032
                0x60400104        0x4 LONG 0x0
                0x60400108        0x4 LONG 0x0
 *(.rodata.core_stub.header)
 .rodata.core_stub.header
                0x6040010c       0x14 lib/core_stub.o
                0x6040010c                gAppImageCoreHeader
                0x60400120        0x4 LONG 0x2
                0x60400124        0x4 LONG 0x80 (__corestub_load_start - __flash_start)
                0x60400128        0x4 LONG 0x188 (__corestub_end - __corestub_start)
                0x6040012c        0x4 LONG 0x807f0000 __corestub_start
                0x60400130        0x4 LONG 0x4
                0x60400134        0x4 LONG 0x3a0 (__text_load_start - __flash_start)
                0x60400138        0x4 LONG 0x7090 (__text_end - __text_start)
                0x6040013c        0x4 LONG 0x604004a0 __text_start
                0x60400140        0x4 LONG 0x4
                0x60400144        0x4 LONG 0x7440 (__init_array_load_start - __flash_start)
                0x60400148        0x4 LONG 0x0 (__init_array_end - __init_array_start)
                0x6040014c        0x4 LONG 0x60407540 __init_array_start
                0x60400150        0x4 LONG 0x1
                0x60400154        0x4 LONG 0x220 (__data_load_start - __flash_start)
                0x60400158        0x4 LONG 0x170 (__data_end - __data_start)
                0x6040015c        0x4 LONG 0x807f01a0 __data_start
                0x60400160        0x4 LONG 0x3
                0x60400164        0x4 LONG 0x0
                0x60400168        0x4 LONG 0x1c14 (__bss_end - __bss_start)
                0x6040016c        0x4 LONG 0x807f0320 __bss_start
                0x60400170        0x4 LONG 0x0
                0x60400174        0x4 LONG 0x0
                0x60400178        0x4 LONG 0x0
                0x6040017c        0x4 LONG 0x0
                0x00000001                ASSERT ((SIZEOF (.imageheader) == 0x80), invalid app image header)
                0x807f0000                . = ORIGIN (ram)
                0x807f0000                __ram_start = .

.corestub       0x807f0000      0x1a0 load address 0x60400180
                0x807f0000                __corestub_start = .
 *(.text.core_stub.*)
 .text.core_stub.__getreent
                0x807f0000        0x8 lib/core_stub.o
                0x807f0000                __getreent
 .text.core_stub.calloc
                0x807f0008        0x8 lib/core_stub.o
                0x807f0008                calloc
 .text.core_stub.free
                0x807f0010        0x8 lib/core_stub.o
                0x807f0010                free
 .text.core_stub.lwip_inet_ntop
                0x807f0018        0x8 lib/core_stub.o
                0x807f0018                lwip_inet_ntop
 .text.core_stub.malloc
                0x807f0020        0x8 lib/core_stub.o
                0x807f0020                malloc
 .text.core_stub.osiTracePrintf
                0x807f0028        0x8 lib/core_stub.o
                0x807f0028                osiTracePrintf
 .text.core_stub.ql_bind_sim_and_profile
                0x807f0030        0x8 lib/core_stub.o
                0x807f0030                ql_bind_sim_and_profile
 .text.core_stub.ql_dev_cfg_wdt
                0x807f0038        0x8 lib/core_stub.o
                0x807f0038                ql_dev_cfg_wdt
 .text.core_stub.ql_event_try_wait
                0x807f0040        0x8 lib/core_stub.o
                0x807f0040                ql_event_try_wait
 .text.core_stub.ql_event_wait
                0x807f0048        0x8 lib/core_stub.o
                0x807f0048                ql_event_wait
 .text.core_stub.ql_get_data_call_info
                0x807f0050        0x8 lib/core_stub.o
                0x807f0050                ql_get_data_call_info
 .text.core_stub.ql_gnss_callback_register_ex
                0x807f0058        0x8 lib/core_stub.o
                0x807f0058                ql_gnss_callback_register_ex
 .text.core_stub.ql_gnss_get_cfg
                0x807f0060        0x8 lib/core_stub.o
                0x807f0060                ql_gnss_get_cfg
 .text.core_stub.ql_gnss_nmea_get
                0x807f0068        0x8 lib/core_stub.o
                0x807f0068                ql_gnss_nmea_get
 .text.core_stub.ql_gnss_state_info_get
                0x807f0070        0x8 lib/core_stub.o
                0x807f0070                ql_gnss_state_info_get
 .text.core_stub.ql_gnss_switch
                0x807f0078        0x8 lib/core_stub.o
                0x807f0078                ql_gnss_switch
 .text.core_stub.ql_gpio_deinit
                0x807f0080        0x8 lib/core_stub.o
                0x807f0080                ql_gpio_deinit
 .text.core_stub.ql_gpio_get_direction
                0x807f0088        0x8 lib/core_stub.o
                0x807f0088                ql_gpio_get_direction
 .text.core_stub.ql_gpio_get_level
                0x807f0090        0x8 lib/core_stub.o
                0x807f0090                ql_gpio_get_level
 .text.core_stub.ql_gpio_get_pull
                0x807f0098        0x8 lib/core_stub.o
                0x807f0098                ql_gpio_get_pull
 .text.core_stub.ql_gpio_init
                0x807f00a0        0x8 lib/core_stub.o
                0x807f00a0                ql_gpio_init
 .text.core_stub.ql_gpio_set_direction
                0x807f00a8        0x8 lib/core_stub.o
                0x807f00a8                ql_gpio_set_direction
 .text.core_stub.ql_gpio_set_level
                0x807f00b0        0x8 lib/core_stub.o
                0x807f00b0                ql_gpio_set_level
 .text.core_stub.ql_gpio_set_pull
                0x807f00b8        0x8 lib/core_stub.o
                0x807f00b8                ql_gpio_set_pull
 .text.core_stub.ql_int_disable
                0x807f00c0        0x8 lib/core_stub.o
                0x807f00c0                ql_int_disable
 .text.core_stub.ql_int_enable
                0x807f00c8        0x8 lib/core_stub.o
                0x807f00c8                ql_int_enable
 .text.core_stub.ql_int_register
                0x807f00d0        0x8 lib/core_stub.o
                0x807f00d0                ql_int_register
 .text.core_stub.ql_mqtt_client_deinit
                0x807f00d8        0x8 lib/core_stub.o
                0x807f00d8                ql_mqtt_client_deinit
 .text.core_stub.ql_mqtt_client_init
                0x807f00e0        0x8 lib/core_stub.o
                0x807f00e0                ql_mqtt_client_init
 .text.core_stub.ql_mqtt_connect
                0x807f00e8        0x8 lib/core_stub.o
                0x807f00e8                ql_mqtt_connect
 .text.core_stub.ql_mqtt_publish
                0x807f00f0        0x8 lib/core_stub.o
                0x807f00f0                ql_mqtt_publish
 .text.core_stub.ql_mqtt_set_inpub_callback
                0x807f00f8        0x8 lib/core_stub.o
                0x807f00f8                ql_mqtt_set_inpub_callback
 .text.core_stub.ql_mqtt_sub_unsub
                0x807f0100        0x8 lib/core_stub.o
                0x807f0100                ql_mqtt_sub_unsub
 .text.core_stub.ql_network_register_wait
                0x807f0108        0x8 lib/core_stub.o
                0x807f0108                ql_network_register_wait
 .text.core_stub.ql_pin_set_func
                0x807f0110        0x8 lib/core_stub.o
                0x807f0110                ql_pin_set_func
 .text.core_stub.ql_rtos_event_send
                0x807f0118        0x8 lib/core_stub.o
                0x807f0118                ql_rtos_event_send
 .text.core_stub.ql_rtos_get_system_tick
                0x807f0120        0x8 lib/core_stub.o
                0x807f0120                ql_rtos_get_system_tick
 .text.core_stub.ql_rtos_semaphore_create
                0x807f0128        0x8 lib/core_stub.o
                0x807f0128                ql_rtos_semaphore_create
 .text.core_stub.ql_rtos_semaphore_delete
                0x807f0130        0x8 lib/core_stub.o
                0x807f0130                ql_rtos_semaphore_delete
 .text.core_stub.ql_rtos_semaphore_release
                0x807f0138        0x8 lib/core_stub.o
                0x807f0138                ql_rtos_semaphore_release
 .text.core_stub.ql_rtos_semaphore_wait
                0x807f0140        0x8 lib/core_stub.o
                0x807f0140                ql_rtos_semaphore_wait
 .text.core_stub.ql_rtos_task_create
                0x807f0148        0x8 lib/core_stub.o
                0x807f0148                ql_rtos_task_create
 .text.core_stub.ql_rtos_task_delete
                0x807f0150        0x8 lib/core_stub.o
                0x807f0150                ql_rtos_task_delete
 .text.core_stub.ql_rtos_task_sleep_ms
                0x807f0158        0x8 lib/core_stub.o
                0x807f0158                ql_rtos_task_sleep_ms
 .text.core_stub.ql_rtos_task_sleep_s
                0x807f0160        0x8 lib/core_stub.o
                0x807f0160                ql_rtos_task_sleep_s
 .text.core_stub.ql_set_data_call_asyn_mode
                0x807f0168        0x8 lib/core_stub.o
                0x807f0168                ql_set_data_call_asyn_mode
 .text.core_stub.ql_start_data_call
                0x807f0170        0x8 lib/core_stub.o
                0x807f0170                ql_start_data_call
 .text.core_stub.ql_stop_data_call
                0x807f0178        0x8 lib/core_stub.o
                0x807f0178                ql_stop_data_call
 .text.core_stub.ql_uart_write
                0x807f0180        0x8 lib/core_stub.o
                0x807f0180                ql_uart_write
                0x807f0188                __corestub_end = .
                0x807f01a0                . = ALIGN (0x20)
 *fill*         0x807f0188       0x18 
                0x60400180                __corestub_load_start = LOADADDR (.corestub)

.data           0x807f01a0      0x180 load address 0x60400320
                0x807f01a0                __data_start = .
 *(.data .data.* .gnu.linkonce.d.*)
 .data.hd_uart_channel
                0x807f01a0        0x1 lib/libql_app_hd_gnss.a(hd_gnss_demo.c.obj)
                0x807f01a0                hd_uart_channel
 .data.numempty
                0x807f01a1        0x2 ..\..\components\newlib\newlib-3.1.0\armca5\libc.a(lib_a-lnumeric.o)
 *fill*         0x807f01a3        0x1 
 .data.__global_locale
                0x807f01a4      0x16c ..\..\components\newlib\newlib-3.1.0\armca5\libc.a(lib_a-locale.o)
                0x807f01a4                __global_locale
                0x807f0310                __data_end = .
                0x807f0320                . = ALIGN (0x20)
 *fill*         0x807f0310       0x10 
                0x60400320                __data_load_start = LOADADDR (.data)

.igot.plt       0x604004a0        0x0
 .igot.plt      0x604004a0        0x0 lib/core_stub.o

.bss            0x807f0320     0x1c20
                0x807f0320                __bss_start = .
 *(.bss .bss.* COMMON .scommon .sbss .sbss.* .sbss2 .sbss2.* .gnu.linkonce.b.*)
 .bss.ql_intsel_flg
                0x807f0320        0x1 lib/libql_app_peripheral.a(gpio_int_demo.c.obj)
                0x807f0320                ql_intsel_flg
 *fill*         0x807f0321        0x3 
 .bss.mqtt_connected
                0x807f0324        0x4 lib/libql_app_mqtt.a(mqtt_demo.c.obj)
 .bss.mqtt_semp
                0x807f0328        0x4 lib/libql_app_mqtt.a(mqtt_demo.c.obj)
 .bss.mqtt_task
                0x807f032c        0x4 lib/libql_app_mqtt.a(mqtt_demo.c.obj)
 COMMON         0x807f0330     0x1058 lib/libql_app_mqtt.a(mqtt_demo.c.obj)
                0x807f0330                heap_trip1
                0x807f0334                encodedLengthTrip2
                0x807f0338                encodedTrip2
                0x807f0438                encodedCore
                0x807f0838                encodedEnd
                0x807f08b8                Bike_Core_Data
                0x807f08bc                Bike_Trip1_Data
                0x807f08c0                sendEnd
                0x807f0940                encodedTrip1
                0x807f0a40                sendCore
                0x807f0e40                sendTrip1
                0x807f0f40                sendTrip2
                0x807f1040                heap_core
                0x807f1044                Bike_Trip2_Data
                0x807f1048                heap_trip2
                0x807f104c                heap_end
                0x807f1050                encodedLengthTrip1
                0x807f1054                Bike_End_Data
                0x807f1058                encodedLengthEnd
                0x807f105c                encodedLengthBike
                0x807f1060                nmeaData
 .bss.buffer.17289
                0x807f1388      0x800 lib/libql_app_hd_gnss.a(hd_gnss_demo.c.obj)
 .bss.g_gps_data
                0x807f1b88      0x328 lib/libql_app_hd_gnss.a(hd_gnss_demo.c.obj)
                0x807f1b88                g_gps_data
 .bss.gnss_device_info
                0x807f1eb0       0x64 lib/libql_app_hd_gnss.a(hd_gnss_demo.c.obj)
                0x807f1eb0                gnss_device_info
 .bss.gnss_task
                0x807f1f14        0x4 lib/libql_app_hd_gnss.a(hd_gnss_demo.c.obj)
                0x807f1f14                gnss_task
 .bss.max_cnr.17605
                0x807f1f18        0x4 lib/libql_app_hd_gnss.a(hd_gnss_demo.c.obj)
 .bss.min_cnr.17606
                0x807f1f1c        0x4 lib/libql_app_hd_gnss.a(hd_gnss_demo.c.obj)
 .bss.prev_ms_gsv
                0x807f1f20        0x4 lib/libql_app_hd_gnss.a(hd_gnss_demo.c.obj)
 .bss.snr_num.17604
                0x807f1f24        0x4 lib/libql_app_hd_gnss.a(hd_gnss_demo.c.obj)
 .bss.tick_overflow
                0x807f1f28        0x1 lib/libql_app_hd_gnss.a(hd_gnss_demo.c.obj)
 *fill*         0x807f1f29        0x3 
 .bss.total_bytes.17288
                0x807f1f2c        0x4 lib/libql_app_hd_gnss.a(hd_gnss_demo.c.obj)
 .bss.total_cnr.17603
                0x807f1f30        0x4 lib/libql_app_hd_gnss.a(hd_gnss_demo.c.obj)
                0x807f1f34                __bss_end = .
                0x807f1f40                . = ALIGN (0x20)
 *fill*         0x807f1f34        0xc 
                0x604004a0                . = ((LOADADDR (.corestub) + SIZEOF (.corestub)) + SIZEOF (.data))

.text           0x604004a0     0x70a0
                0x604004a0                __text_start = .
 *(.text .text.* .gnu.linkonce.t.* .rdata .rodata .rodata.* .gnu.linkonce.r.* .glue_7 .glue_7t .vfp11_veneer .v4_bx)
 .glue_7        0x604004a0        0x0 linker stubs
 .glue_7t       0x604004a0        0x0 linker stubs
 .vfp11_veneer  0x604004a0        0x0 linker stubs
 .v4_bx         0x604004a0        0x0 linker stubs
 .rodata.ql_init_demo_thread.str1.1
                0x604004a0       0x31 components/ql-application/init/CMakeFiles/APPIMAGE_APP.dir/ql_init.c.obj
 *fill*         0x604004d1        0x3 
 .text.ql_init_demo_thread
                0x604004d4       0x44 components/ql-application/init/CMakeFiles/APPIMAGE_APP.dir/ql_init.c.obj
 .rodata.appimg_enter.str1.1
                0x60400518       0x62 components/ql-application/init/CMakeFiles/APPIMAGE_APP.dir/ql_init.c.obj
 *fill*         0x6040057a        0x2 
 .text.appimg_enter
                0x6040057c       0x94 components/ql-application/init/CMakeFiles/APPIMAGE_APP.dir/ql_init.c.obj
                0x6040057c                appimg_enter
 .rodata.appimg_exit.str1.1
                0x60400610       0x1d components/ql-application/init/CMakeFiles/APPIMAGE_APP.dir/ql_init.c.obj
 *fill*         0x6040062d        0x3 
 .text.appimg_exit
                0x60400630       0x1c components/ql-application/init/CMakeFiles/APPIMAGE_APP.dir/ql_init.c.obj
                0x60400630                appimg_exit
 .rodata.__FUNCTION__.18375
                0x6040064c       0x14 components/ql-application/init/CMakeFiles/APPIMAGE_APP.dir/ql_init.c.obj
 .rodata.__FUNCTION__.18381
                0x60400660        0xd components/ql-application/init/CMakeFiles/APPIMAGE_APP.dir/ql_init.c.obj
 .rodata.__FUNCTION__.18385
                0x6040066d        0xc components/ql-application/init/CMakeFiles/APPIMAGE_APP.dir/ql_init.c.obj
 *fill*         0x60400679        0x1 
 .text._ql_gpio_demo_init
                0x6040067a       0x2a lib/libql_app_peripheral.a(gpio_demo.c.obj)
                0x6040067a                _ql_gpio_demo_init
 .rodata.ql_gpio_demo_thread.str1.1
                0x604006a4      0x236 lib/libql_app_peripheral.a(gpio_demo.c.obj)
 *fill*         0x604008da        0x2 
 .text.ql_gpio_demo_thread
                0x604008dc      0x430 lib/libql_app_peripheral.a(gpio_demo.c.obj)
 .rodata.ql_gpio_app_init.str1.1
                0x60400d0c       0x3c lib/libql_app_peripheral.a(gpio_demo.c.obj)
 .text.ql_gpio_app_init
                0x60400d48       0x48 lib/libql_app_peripheral.a(gpio_demo.c.obj)
                0x60400d48                ql_gpio_app_init
 .rodata.__FUNCTION__.8204
                0x60400d90       0x14 lib/libql_app_peripheral.a(gpio_demo.c.obj)
 .rodata.__FUNCTION__.8232
                0x60400da4       0x11 lib/libql_app_peripheral.a(gpio_demo.c.obj)
 .rodata._ql_gpio_cfg
                0x60400db5        0x8 lib/libql_app_peripheral.a(gpio_demo.c.obj)
 .rodata.ql_gpioint_demo_thread.str1.1
                0x60400dbd       0x7b lib/libql_app_peripheral.a(gpio_int_demo.c.obj)
 .text.ql_gpioint_demo_thread
                0x60400e38       0xd0 lib/libql_app_peripheral.a(gpio_int_demo.c.obj)
 .rodata._gpioint_callback02.str1.1
                0x60400f08       0x51 lib/libql_app_peripheral.a(gpio_int_demo.c.obj)
 *fill*         0x60400f59        0x3 
 .text._gpioint_callback02
                0x60400f5c       0x48 lib/libql_app_peripheral.a(gpio_int_demo.c.obj)
 .rodata._gpioint_callback01.str1.1
                0x60400fa4       0x29 lib/libql_app_peripheral.a(gpio_int_demo.c.obj)
 *fill*         0x60400fcd        0x3 
 .text._gpioint_callback01
                0x60400fd0       0x48 lib/libql_app_peripheral.a(gpio_int_demo.c.obj)
 .rodata.ql_gpioint_app_init.str1.1
                0x60401018       0x46 lib/libql_app_peripheral.a(gpio_int_demo.c.obj)
 *fill*         0x6040105e        0x2 
 .text.ql_gpioint_app_init
                0x60401060       0x48 lib/libql_app_peripheral.a(gpio_int_demo.c.obj)
                0x60401060                ql_gpioint_app_init
 .rodata.__FUNCTION__.8196
                0x604010a8       0x14 lib/libql_app_peripheral.a(gpio_int_demo.c.obj)
 .rodata.__FUNCTION__.8201
                0x604010bc       0x14 lib/libql_app_peripheral.a(gpio_int_demo.c.obj)
 .rodata.__FUNCTION__.8205
                0x604010d0       0x17 lib/libql_app_peripheral.a(gpio_int_demo.c.obj)
 .rodata.__FUNCTION__.8213
                0x604010e7       0x14 lib/libql_app_peripheral.a(gpio_int_demo.c.obj)
 .rodata.mqtt_inpub_data_cb.str1.1
                0x604010fb       0x58 lib/libql_app_mqtt.a(mqtt_demo.c.obj)
 *fill*         0x60401153        0x1 
 .text.mqtt_inpub_data_cb
                0x60401154       0x3c lib/libql_app_mqtt.a(mqtt_demo.c.obj)
 .rodata.mqtt_state_exception_cb.str1.1
                0x60401190       0x2f lib/libql_app_mqtt.a(mqtt_demo.c.obj)
 *fill*         0x604011bf        0x1 
 .text.mqtt_state_exception_cb
                0x604011c0       0x28 lib/libql_app_mqtt.a(mqtt_demo.c.obj)
 .rodata.mqtt_requst_result_cb.str1.1
                0x604011e8       0x16 lib/libql_app_mqtt.a(mqtt_demo.c.obj)
 *fill*         0x604011fe        0x2 
 .text.mqtt_requst_result_cb
                0x60401200       0x30 lib/libql_app_mqtt.a(mqtt_demo.c.obj)
 .rodata.mqtt_connect_result_cb.str1.1
                0x60401230       0x19 lib/libql_app_mqtt.a(mqtt_demo.c.obj)
 *fill*         0x60401249        0x3 
 .text.mqtt_connect_result_cb
                0x6040124c       0x3c lib/libql_app_mqtt.a(mqtt_demo.c.obj)
 .rodata.base64Encoder.str1.1
                0x60401288       0x41 lib/libql_app_mqtt.a(mqtt_demo.c.obj)
 *fill*         0x604012c9        0x3 
 .text.base64Encoder
                0x604012cc       0xc0 lib/libql_app_mqtt.a(mqtt_demo.c.obj)
                0x604012cc                base64Encoder
 .rodata.mqtt_app_thread.str1.1
                0x6040138c      0x5f1 lib/libql_app_mqtt.a(mqtt_demo.c.obj)
 *fill*         0x6040197d        0x3 
 .text.mqtt_app_thread
                0x60401980      0x68c lib/libql_app_mqtt.a(mqtt_demo.c.obj)
 .rodata.ql_mqtt_app_init.str1.1
                0x6040200c       0x2c lib/libql_app_mqtt.a(mqtt_demo.c.obj)
 .text.ql_mqtt_app_init
                0x60402038       0x4c lib/libql_app_mqtt.a(mqtt_demo.c.obj)
                0x60402038                ql_mqtt_app_init
 .rodata.__FUNCTION__.22095
                0x60402084       0x18 lib/libql_app_mqtt.a(mqtt_demo.c.obj)
 .rodata.__FUNCTION__.22101
                0x6040209c       0x17 lib/libql_app_mqtt.a(mqtt_demo.c.obj)
 .rodata.__FUNCTION__.22107
                0x604020b3       0x16 lib/libql_app_mqtt.a(mqtt_demo.c.obj)
 .rodata.__FUNCTION__.22116
                0x604020c9       0x13 lib/libql_app_mqtt.a(mqtt_demo.c.obj)
 .rodata.__FUNCTION__.22182
                0x604020dc       0x10 lib/libql_app_mqtt.a(mqtt_demo.c.obj)
 .rodata.__FUNCTION__.22202
                0x604020ec       0x11 lib/libql_app_mqtt.a(mqtt_demo.c.obj)
 .rodata.com_emotorad_backend_aggregation_flink_data_bike_init.str1.1
                0x604020fd       0x31 lib/libql_app_mqtt.a(data.c.obj)
 *fill*         0x6040212e        0x2 
 .text.com_emotorad_backend_aggregation_flink_data_bike_init
                0x60402130       0xc0 lib/libql_app_mqtt.a(data.c.obj)
                0x60402130                com_emotorad_backend_aggregation_flink_data_bike_init
 .text.com_emotorad_backend_aggregation_flink_data_trip1_init
                0x604021f0       0x50 lib/libql_app_mqtt.a(data.c.obj)
                0x604021f0                com_emotorad_backend_aggregation_flink_data_trip1_init
 .text.com_emotorad_backend_aggregation_flink_data_trip2_init
                0x60402240       0x40 lib/libql_app_mqtt.a(data.c.obj)
                0x60402240                com_emotorad_backend_aggregation_flink_data_trip2_init
 .text.com_emotorad_backend_aggregation_flink_data_end_init
                0x60402280       0x28 lib/libql_app_mqtt.a(data.c.obj)
                0x60402280                com_emotorad_backend_aggregation_flink_data_end_init
 .text.com_emotorad_backend_aggregation_flink_data_end_encode_inner
                0x604022a8       0x28 lib/libql_app_mqtt.a(data.c.obj)
                0x604022a8                com_emotorad_backend_aggregation_flink_data_end_encode_inner
 .text.com_emotorad_backend_aggregation_flink_data_trip1_encode_inner
                0x604022d0       0x78 lib/libql_app_mqtt.a(data.c.obj)
                0x604022d0                com_emotorad_backend_aggregation_flink_data_trip1_encode_inner
 .text.com_emotorad_backend_aggregation_flink_data_trip2_encode_inner
                0x60402348       0x50 lib/libql_app_mqtt.a(data.c.obj)
                0x60402348                com_emotorad_backend_aggregation_flink_data_trip2_encode_inner
 .text.com_emotorad_backend_aggregation_flink_data_bike_encode_inner
                0x60402398      0x1d8 lib/libql_app_mqtt.a(data.c.obj)
                0x60402398                com_emotorad_backend_aggregation_flink_data_bike_encode_inner
 .text.com_emotorad_backend_aggregation_flink_data_bike_new
                0x60402570        0xc lib/libql_app_mqtt.a(data.c.obj)
                0x60402570                com_emotorad_backend_aggregation_flink_data_bike_new
 .text.com_emotorad_backend_aggregation_flink_data_bike_encode
                0x6040257c        0xc lib/libql_app_mqtt.a(data.c.obj)
                0x6040257c                com_emotorad_backend_aggregation_flink_data_bike_encode
 .text.com_emotorad_backend_aggregation_flink_data_trip1_new
                0x60402588        0xc lib/libql_app_mqtt.a(data.c.obj)
                0x60402588                com_emotorad_backend_aggregation_flink_data_trip1_new
 .text.com_emotorad_backend_aggregation_flink_data_trip1_encode
                0x60402594        0xc lib/libql_app_mqtt.a(data.c.obj)
                0x60402594                com_emotorad_backend_aggregation_flink_data_trip1_encode
 .text.com_emotorad_backend_aggregation_flink_data_trip2_new
                0x604025a0        0xc lib/libql_app_mqtt.a(data.c.obj)
                0x604025a0                com_emotorad_backend_aggregation_flink_data_trip2_new
 .text.com_emotorad_backend_aggregation_flink_data_trip2_encode
                0x604025ac        0xc lib/libql_app_mqtt.a(data.c.obj)
                0x604025ac                com_emotorad_backend_aggregation_flink_data_trip2_encode
 .text.com_emotorad_backend_aggregation_flink_data_end_new
                0x604025b8        0xc lib/libql_app_mqtt.a(data.c.obj)
                0x604025b8                com_emotorad_backend_aggregation_flink_data_end_new
 .text.com_emotorad_backend_aggregation_flink_data_end_encode
                0x604025c4        0xc lib/libql_app_mqtt.a(data.c.obj)
                0x604025c4                com_emotorad_backend_aggregation_flink_data_end_encode
 .text.heap_alloc
                0x604025d0       0x2e lib/libql_app_mqtt.a(pbtools.c.obj)
 .text.encoder_write
                0x604025fe       0x2e lib/libql_app_mqtt.a(pbtools.c.obj)
 .text.encoder_write_varint
                0x6040262c       0x40 lib/libql_app_mqtt.a(pbtools.c.obj)
 .text.encoder_write_tag
                0x6040266c        0xa lib/libql_app_mqtt.a(pbtools.c.obj)
 .text.encoder_write_tagged_varint
                0x60402676       0x26 lib/libql_app_mqtt.a(pbtools.c.obj)
 .text.encoder_write_64_bit_value
                0x6040269c       0x28 lib/libql_app_mqtt.a(pbtools.c.obj)
 .text.pbtools_encoder_write_int32
                0x604026c4       0x14 lib/libql_app_mqtt.a(pbtools.c.obj)
                0x604026c4                pbtools_encoder_write_int32
 .text.pbtools_encoder_write_uint64
                0x604026d8       0x12 lib/libql_app_mqtt.a(pbtools.c.obj)
                0x604026d8                pbtools_encoder_write_uint64
 .text.pbtools_encoder_write_uint32
                0x604026ea        0x6 lib/libql_app_mqtt.a(pbtools.c.obj)
                0x604026ea                pbtools_encoder_write_uint32
 .text.pbtools_encoder_write_fixed64
                0x604026f0       0x24 lib/libql_app_mqtt.a(pbtools.c.obj)
                0x604026f0                pbtools_encoder_write_fixed64
 .text.pbtools_encoder_write_double
                0x60402714        0x8 lib/libql_app_mqtt.a(pbtools.c.obj)
                0x60402714                pbtools_encoder_write_double
 .text.pbtools_encoder_write_bool
                0x6040271c        0xa lib/libql_app_mqtt.a(pbtools.c.obj)
                0x6040271c                pbtools_encoder_write_bool
 .text.pbtools_encoder_write_enum
                0x60402726        0x4 lib/libql_app_mqtt.a(pbtools.c.obj)
                0x60402726                pbtools_encoder_write_enum
 .text.pbtools_encoder_write_string
                0x6040272a       0x30 lib/libql_app_mqtt.a(pbtools.c.obj)
                0x6040272a                pbtools_encoder_write_string
 .text.pbtools_message_new
                0x6040275a       0x2c lib/libql_app_mqtt.a(pbtools.c.obj)
                0x6040275a                pbtools_message_new
 .text.pbtools_message_encode
                0x60402786       0x30 lib/libql_app_mqtt.a(pbtools.c.obj)
                0x60402786                pbtools_message_encode
 *fill*         0x604027b6        0x2 
 .text.conv_num
                0x604027b8       0x54 lib/libql_app_hd_gnss.a(hd_gnss_demo.c.obj)
 .rodata.ql_hd_gnss_notify_cb.str1.1
                0x6040280c       0x64 lib/libql_app_hd_gnss.a(hd_gnss_demo.c.obj)
 .text.ql_hd_gnss_notify_cb
                0x60402870       0x60 lib/libql_app_hd_gnss.a(hd_gnss_demo.c.obj)
                0x60402870                ql_hd_gnss_notify_cb
 .text._split_string_by_comma.constprop.0
                0x604028d0       0x24 lib/libql_app_hd_gnss.a(hd_gnss_demo.c.obj)
 .rodata.ql_hd_gnss_app_init.str1.1
                0x604028f4       0x3f lib/libql_app_hd_gnss.a(hd_gnss_demo.c.obj)
 *fill*         0x60402933        0x1 
 .text.ql_hd_gnss_app_init
                0x60402934       0x50 lib/libql_app_hd_gnss.a(hd_gnss_demo.c.obj)
                0x60402934                ql_hd_gnss_app_init
 .rodata.ql_gnss_device_info_request.str1.1
                0x60402984       0x59 lib/libql_app_hd_gnss.a(hd_gnss_demo.c.obj)
 *fill*         0x604029dd        0x3 
 .text.ql_gnss_device_info_request
                0x604029e0       0x70 lib/libql_app_hd_gnss.a(hd_gnss_demo.c.obj)
                0x604029e0                ql_gnss_device_info_request
 .text.nmea_get_checksum
                0x60402a50       0x18 lib/libql_app_hd_gnss.a(hd_gnss_demo.c.obj)
                0x60402a50                nmea_get_checksum
 .text.nmea_has_checksum
                0x60402a68       0x10 lib/libql_app_hd_gnss.a(hd_gnss_demo.c.obj)
                0x60402a68                nmea_has_checksum
 .rodata.nmea_validate.str1.1
                0x60402a78       0x12 lib/libql_app_hd_gnss.a(hd_gnss_demo.c.obj)
 *fill*         0x60402a8a        0x2 
 .text.nmea_validate
                0x60402a8c       0xac lib/libql_app_hd_gnss.a(hd_gnss_demo.c.obj)
                0x60402a8c                nmea_validate
 .rodata.nmea_get_type.str1.1
                0x60402b38       0x14 lib/libql_app_hd_gnss.a(hd_gnss_demo.c.obj)
 .text.nmea_get_type
                0x60402b4c       0x6c lib/libql_app_hd_gnss.a(hd_gnss_demo.c.obj)
                0x60402b4c                nmea_get_type
 .text.nmea_position_parse
                0x60402bb8       0x42 lib/libql_app_hd_gnss.a(hd_gnss_demo.c.obj)
                0x60402bb8                nmea_position_parse
 *fill*         0x60402bfa        0x2 
 .text.nmea_cardinal_direction_parse
                0x60402bfc       0x1c lib/libql_app_hd_gnss.a(hd_gnss_demo.c.obj)
                0x60402bfc                nmea_cardinal_direction_parse
 .text.nmea_validate_parse
                0x60402c18        0xe lib/libql_app_hd_gnss.a(hd_gnss_demo.c.obj)
                0x60402c18                nmea_validate_parse
 .rodata.nmea_parse_gsv.str1.1
                0x60402c26       0x2a lib/libql_app_hd_gnss.a(hd_gnss_demo.c.obj)
 .text.nmea_parse_gsv
                0x60402c50      0x144 lib/libql_app_hd_gnss.a(hd_gnss_demo.c.obj)
                0x60402c50                nmea_parse_gsv
 .rodata.nmea_parse_gga.str1.1
                0x60402d94       0x2e lib/libql_app_hd_gnss.a(hd_gnss_demo.c.obj)
 *fill*         0x60402dc2        0x2 
 .text.nmea_parse_gga
                0x60402dc4       0xe8 lib/libql_app_hd_gnss.a(hd_gnss_demo.c.obj)
                0x60402dc4                nmea_parse_gga
 .rodata.nmea_parse_gsa.str1.1
                0x60402eac       0x2e lib/libql_app_hd_gnss.a(hd_gnss_demo.c.obj)
 *fill*         0x60402eda        0x2 
 .text.nmea_parse_gsa
                0x60402edc       0xc4 lib/libql_app_hd_gnss.a(hd_gnss_demo.c.obj)
                0x60402edc                nmea_parse_gsa
 .rodata.nmea_satellite_check.str1.1
                0x60402fa0       0x12 lib/libql_app_hd_gnss.a(hd_gnss_demo.c.obj)
                                 0x15 (size before relaxing)
 *fill*         0x60402fb2        0x2 
 .text.nmea_satellite_check
                0x60402fb4       0x8c lib/libql_app_hd_gnss.a(hd_gnss_demo.c.obj)
                0x60402fb4                nmea_satellite_check
 .rodata.strptime.str1.1
                0x60403040       0x30 lib/libql_app_hd_gnss.a(hd_gnss_demo.c.obj)
 .text.strptime
                0x60403070      0x408 lib/libql_app_hd_gnss.a(hd_gnss_demo.c.obj)
                0x60403070                strptime
 .rodata.nmea_time_parse.str1.1
                0x60403478        0x7 lib/libql_app_hd_gnss.a(hd_gnss_demo.c.obj)
 *fill*         0x6040347f        0x1 
 .text.nmea_time_parse
                0x60403480       0x30 lib/libql_app_hd_gnss.a(hd_gnss_demo.c.obj)
                0x60403480                nmea_time_parse
 .rodata.nmea_date_parse.str1.1
                0x604034b0        0x7 lib/libql_app_hd_gnss.a(hd_gnss_demo.c.obj)
 *fill*         0x604034b7        0x1 
 .text.nmea_date_parse
                0x604034b8       0x30 lib/libql_app_hd_gnss.a(hd_gnss_demo.c.obj)
                0x604034b8                nmea_date_parse
 .rodata.nmea_parse_rmc.str1.1
                0x604034e8       0xe4 lib/libql_app_hd_gnss.a(hd_gnss_demo.c.obj)
 .text.nmea_parse_rmc
                0x604035cc      0x140 lib/libql_app_hd_gnss.a(hd_gnss_demo.c.obj)
                0x604035cc                nmea_parse_rmc
 .rodata.nmea_value_update.str1.1
                0x6040370c       0x4d lib/libql_app_hd_gnss.a(hd_gnss_demo.c.obj)
 *fill*         0x60403759        0x7 
 .text.nmea_value_update
                0x60403760      0x260 lib/libql_app_hd_gnss.a(hd_gnss_demo.c.obj)
                0x60403760                nmea_value_update
 .rodata.nmea_parse.str1.1
                0x604039c0      0x119 lib/libql_app_hd_gnss.a(hd_gnss_demo.c.obj)
 *fill*         0x60403ad9        0x3 
 .text.nmea_parse
                0x60403adc      0x110 lib/libql_app_hd_gnss.a(hd_gnss_demo.c.obj)
                0x60403adc                nmea_parse
 .rodata.ql_hd_gnss_demo_thread.str1.1
                0x60403bec      0x1b7 lib/libql_app_hd_gnss.a(hd_gnss_demo.c.obj)
 *fill*         0x60403da3        0x1 
 .text.ql_hd_gnss_demo_thread
                0x60403da4      0x2c4 lib/libql_app_hd_gnss.a(hd_gnss_demo.c.obj)
 .text.ql_get_gnss_info
                0x60404068       0x1c lib/libql_app_hd_gnss.a(hd_gnss_demo.c.obj)
                0x60404068                ql_get_gnss_info
 .rodata.str1.1
                0x60404084       0xd7 lib/libql_app_hd_gnss.a(hd_gnss_demo.c.obj)
 .rodata        0x6040415b       0x11 lib/libql_app_hd_gnss.a(hd_gnss_demo.c.obj)
 .rodata.CSWTCH.124
                0x6040416c       0x13 lib/libql_app_hd_gnss.a(hd_gnss_demo.c.obj)
 .rodata.__FUNCTION__.17281
                0x6040417f       0x15 lib/libql_app_hd_gnss.a(hd_gnss_demo.c.obj)
 .rodata.__FUNCTION__.17285
                0x60404194       0x17 lib/libql_app_hd_gnss.a(hd_gnss_demo.c.obj)
 .rodata.__FUNCTION__.17313
                0x604041ab       0x14 lib/libql_app_hd_gnss.a(hd_gnss_demo.c.obj)
 .rodata.__FUNCTION__.17327
                0x604041bf       0x1c lib/libql_app_hd_gnss.a(hd_gnss_demo.c.obj)
 .rodata.__FUNCTION__.17351
                0x604041db        0xe lib/libql_app_hd_gnss.a(hd_gnss_demo.c.obj)
 .rodata.__FUNCTION__.17411
                0x604041e9        0xf lib/libql_app_hd_gnss.a(hd_gnss_demo.c.obj)
 .rodata.__FUNCTION__.17437
                0x604041f8        0xf lib/libql_app_hd_gnss.a(hd_gnss_demo.c.obj)
 .rodata.__FUNCTION__.17473
                0x60404207        0xf lib/libql_app_hd_gnss.a(hd_gnss_demo.c.obj)
 .rodata.__FUNCTION__.17499
                0x60404216        0xf lib/libql_app_hd_gnss.a(hd_gnss_demo.c.obj)
 .rodata.__FUNCTION__.17598
                0x60404225       0x12 lib/libql_app_hd_gnss.a(hd_gnss_demo.c.obj)
 .rodata.__FUNCTION__.17623
                0x60404237        0xb lib/libql_app_hd_gnss.a(hd_gnss_demo.c.obj)
 *fill*         0x60404242        0x2 
 .rodata.abday  0x60404244       0x1c lib/libql_app_hd_gnss.a(hd_gnss_demo.c.obj)
 .rodata.abmon  0x60404260       0x30 lib/libql_app_hd_gnss.a(hd_gnss_demo.c.obj)
 .rodata.day    0x60404290       0x1c lib/libql_app_hd_gnss.a(hd_gnss_demo.c.obj)
 .rodata.mon    0x604042ac       0x30 lib/libql_app_hd_gnss.a(hd_gnss_demo.c.obj)
 .text.atof     0x604042dc        0x6 ..\..\components\newlib\newlib-3.1.0\armca5\libc.a(lib_a-atof.o)
                0x604042dc                atof
 .text.atoi     0x604042e2        0x8 ..\..\components\newlib\newlib-3.1.0\armca5\libc.a(lib_a-atoi.o)
                0x604042e2                atoi
 *fill*         0x604042ea        0x6 
 .text          0x604042f0       0xe8 ..\..\components\newlib\newlib-3.1.0\armca5\libc.a(lib_a-memchr.o)
                0x604042f0                memchr
 .text.memcpy   0x604043d8       0xc8 ..\..\components\newlib\newlib-3.1.0\armca5\libc.a(lib_a-memcpy-stub.o)
                0x604043d8                memcpy
 .text.memmove  0x604044a0       0xd4 ..\..\components\newlib\newlib-3.1.0\armca5\libc.a(lib_a-memmove.o)
                0x604044a0                memmove
 .text.memset   0x60404574       0xa8 ..\..\components\newlib\newlib-3.1.0\armca5\libc.a(lib_a-memset.o)
                0x60404574                memset
 .text.strchr   0x6040461c       0xd0 ..\..\components\newlib\newlib-3.1.0\armca5\libc.a(lib_a-strchr.o)
                0x6040461c                strchr
 *fill*         0x604046ec       0x14 
 .text          0x60404700      0x2dc ..\..\components\newlib\newlib-3.1.0\armca5\libc.a(lib_a-strcmp.o)
                0x60404708                strcmp
 *fill*         0x604049dc       0x24 
 .text          0x60404a00       0xdc ..\..\components\newlib\newlib-3.1.0\armca5\libc.a(lib_a-strlen.o)
                0x60404a00                strlen
 .text.strncmp  0x60404adc       0x84 ..\..\components\newlib\newlib-3.1.0\armca5\libc.a(lib_a-strncmp.o)
                0x60404adc                strncmp
 .text.strncpy  0x60404b60       0x74 ..\..\components\newlib\newlib-3.1.0\armca5\libc.a(lib_a-strncpy.o)
                0x60404b60                strncpy
 .text.sulp     0x60404bd4       0x34 ..\..\components\newlib\newlib-3.1.0\armca5\libc.a(lib_a-strtod.o)
 .rodata._strtod_l.str1.1
                0x60404c08        0x9 ..\..\components\newlib\newlib-3.1.0\armca5\libc.a(lib_a-strtod.o)
                                  0xd (size before relaxing)
 *fill*         0x60404c11        0x7 
 .text._strtod_l
                0x60404c18      0xb8c ..\..\components\newlib\newlib-3.1.0\armca5\libc.a(lib_a-strtod.o)
                0x60404c18                _strtod_l
 .text.strtod   0x604057a4       0x1c ..\..\components\newlib\newlib-3.1.0\armca5\libc.a(lib_a-strtod.o)
                0x604057a4                strtod
 .rodata.fpi.7544
                0x604057c0       0x14 ..\..\components\newlib\newlib-3.1.0\armca5\libc.a(lib_a-strtod.o)
 .rodata.fpinan.7580
                0x604057d4       0x14 ..\..\components\newlib\newlib-3.1.0\armca5\libc.a(lib_a-strtod.o)
 .rodata.tinytens
                0x604057e8       0x28 ..\..\components\newlib\newlib-3.1.0\armca5\libc.a(lib_a-strtod.o)
 .text._strtol_l.isra.0
                0x60405810       0xec ..\..\components\newlib\newlib-3.1.0\armca5\libc.a(lib_a-strtol.o)
 .text.strtol   0x604058fc       0x1a ..\..\components\newlib\newlib-3.1.0\armca5\libc.a(lib_a-strtol.o)
                0x604058fc                strtol
 .rodata._ctype_
                0x60405916      0x101 ..\..\components\newlib\newlib-3.1.0\armca5\libc.a(lib_a-ctype_.o)
                0x60405916                _ctype_
 *fill*         0x60405a17        0x1 
 .text.rshift   0x60405a18       0xa6 ..\..\components\newlib\newlib-3.1.0\armca5\libc.a(lib_a-gdtoa-gethex.o)
 .text.__hexdig_fun
                0x60405abe       0x2a ..\..\components\newlib\newlib-3.1.0\armca5\libc.a(lib_a-gdtoa-gethex.o)
                0x60405abe                __hexdig_fun
 .text.__gethex
                0x60405ae8      0x454 ..\..\components\newlib\newlib-3.1.0\armca5\libc.a(lib_a-gdtoa-gethex.o)
                0x60405ae8                __gethex
 .text.L_shift  0x60405f3c       0x24 ..\..\components\newlib\newlib-3.1.0\armca5\libc.a(lib_a-gdtoa-hexnan.o)
 .text.__match  0x60405f60       0x28 ..\..\components\newlib\newlib-3.1.0\armca5\libc.a(lib_a-gdtoa-hexnan.o)
                0x60405f60                __match
 .text.__hexnan
                0x60405f88      0x138 ..\..\components\newlib\newlib-3.1.0\armca5\libc.a(lib_a-gdtoa-hexnan.o)
                0x60405f88                __hexnan
 .rodata.str1.1
                0x604060c0        0x2 ..\..\components\newlib\newlib-3.1.0\armca5\libc.a(lib_a-lnumeric.o)
                                  0x3 (size before relaxing)
 *fill*         0x604060c2        0x2 
 .rodata._C_numeric_locale
                0x604060c4        0xc ..\..\components\newlib\newlib-3.1.0\armca5\libc.a(lib_a-lnumeric.o)
                0x604060c4                _C_numeric_locale
 .rodata._setlocale_r.str1.1
                0x604060d0        0x6 ..\..\components\newlib\newlib-3.1.0\armca5\libc.a(lib_a-locale.o)
                                  0x9 (size before relaxing)
 .rodata.str1.1
                0x604060d6        0x2 ..\..\components\newlib\newlib-3.1.0\armca5\libc.a(lib_a-locale.o)
 .text.__ascii_mbtowc
                0x604060d6       0x24 ..\..\components\newlib\newlib-3.1.0\armca5\libc.a(lib_a-mbtowc_r.o)
                0x604060d6                __ascii_mbtowc
 .text._Balloc  0x604060fa       0x48 ..\..\components\newlib\newlib-3.1.0\armca5\libc.a(lib_a-mprec.o)
                0x604060fa                _Balloc
 .text._Bfree   0x60406142       0x12 ..\..\components\newlib\newlib-3.1.0\armca5\libc.a(lib_a-mprec.o)
                0x60406142                _Bfree
 .text.__multadd
                0x60406154       0x7c ..\..\components\newlib\newlib-3.1.0\armca5\libc.a(lib_a-mprec.o)
                0x60406154                __multadd
 .text.__s2b    0x604061d0       0x88 ..\..\components\newlib\newlib-3.1.0\armca5\libc.a(lib_a-mprec.o)
                0x604061d0                __s2b
 .text.__hi0bits
                0x60406258       0x40 ..\..\components\newlib\newlib-3.1.0\armca5\libc.a(lib_a-mprec.o)
                0x60406258                __hi0bits
 .text.__lo0bits
                0x60406298       0x5c ..\..\components\newlib\newlib-3.1.0\armca5\libc.a(lib_a-mprec.o)
                0x60406298                __lo0bits
 .text.__i2b    0x604062f4       0x12 ..\..\components\newlib\newlib-3.1.0\armca5\libc.a(lib_a-mprec.o)
                0x604062f4                __i2b
 .text.__multiply
                0x60406306      0x136 ..\..\components\newlib\newlib-3.1.0\armca5\libc.a(lib_a-mprec.o)
                0x60406306                __multiply
 .text.__pow5mult
                0x6040643c       0x80 ..\..\components\newlib\newlib-3.1.0\armca5\libc.a(lib_a-mprec.o)
                0x6040643c                __pow5mult
 .text.__lshift
                0x604064bc       0xbe ..\..\components\newlib\newlib-3.1.0\armca5\libc.a(lib_a-mprec.o)
                0x604064bc                __lshift
 .text.__mcmp   0x6040657a       0x36 ..\..\components\newlib\newlib-3.1.0\armca5\libc.a(lib_a-mprec.o)
                0x6040657a                __mcmp
 .text.__mdiff  0x604065b0       0xec ..\..\components\newlib\newlib-3.1.0\armca5\libc.a(lib_a-mprec.o)
                0x604065b0                __mdiff
 .text.__ulp    0x6040669c       0x58 ..\..\components\newlib\newlib-3.1.0\armca5\libc.a(lib_a-mprec.o)
                0x6040669c                __ulp
 .text.__b2d    0x604066f4       0xa0 ..\..\components\newlib\newlib-3.1.0\armca5\libc.a(lib_a-mprec.o)
                0x604066f4                __b2d
 .text.__d2b    0x60406794       0xa4 ..\..\components\newlib\newlib-3.1.0\armca5\libc.a(lib_a-mprec.o)
                0x60406794                __d2b
 .text.__ratio  0x60406838       0x64 ..\..\components\newlib\newlib-3.1.0\armca5\libc.a(lib_a-mprec.o)
                0x60406838                __ratio
 .text.__copybits
                0x6040689c       0x46 ..\..\components\newlib\newlib-3.1.0\armca5\libc.a(lib_a-mprec.o)
                0x6040689c                __copybits
 .text.__any_on
                0x604068e2       0x42 ..\..\components\newlib\newlib-3.1.0\armca5\libc.a(lib_a-mprec.o)
                0x604068e2                __any_on
 *fill*         0x60406924        0x4 
 .rodata.__mprec_bigtens
                0x60406928       0x28 ..\..\components\newlib\newlib-3.1.0\armca5\libc.a(lib_a-mprec.o)
                0x60406928                __mprec_bigtens
 .rodata.__mprec_tens
                0x60406950       0xc8 ..\..\components\newlib\newlib-3.1.0\armca5\libc.a(lib_a-mprec.o)
                0x60406950                __mprec_tens
 .rodata.p05.7384
                0x60406a18        0xc ..\..\components\newlib\newlib-3.1.0\armca5\libc.a(lib_a-mprec.o)
 *fill*         0x60406a24        0x4 
 .text.nan      0x60406a28       0x10 ..\..\components\newlib\newlib-3.1.0\armca5\libc.a(lib_a-s_nan.o)
                0x60406a28                nan
 .text.__ascii_wctomb
                0x60406a38       0x1a ..\..\components\newlib\newlib-3.1.0\armca5\libc.a(lib_a-wctomb_r.o)
                0x60406a38                __ascii_wctomb
 *fill*         0x60406a52        0x6 
 .text          0x60406a58      0x278 ..\..\prebuilts\win32\gcc-arm-none-eabi\gcc-arm-none-eabi-9.2.1\lib\gcc\arm-none-eabi\9.2.1\thumb\v7+fp\hard\libgcc.a(_udivsi3.o)
                0x60406a58                __aeabi_uidiv
                0x60406a58                __udivsi3
                0x60406cb4                __aeabi_uidivmod
 .text          0x60406cd0      0x2b0 ..\..\prebuilts\win32\gcc-arm-none-eabi\gcc-arm-none-eabi-9.2.1\lib\gcc\arm-none-eabi\9.2.1\thumb\v7+fp\hard\libgcc.a(_divsi3.o)
                0x60406cd0                __divsi3
                0x60406cd0                __aeabi_idiv
                0x60406f64                __aeabi_idivmod
 .text          0x60406f80        0x4 ..\..\prebuilts\win32\gcc-arm-none-eabi\gcc-arm-none-eabi-9.2.1\lib\gcc\arm-none-eabi\9.2.1\thumb\v7+fp\hard\libgcc.a(_dvmd_tls.o)
                0x60406f80                __aeabi_idiv0
                0x60406f80                __aeabi_ldiv0
 .text          0x60406f84      0x378 ..\..\prebuilts\win32\gcc-arm-none-eabi\gcc-arm-none-eabi-9.2.1\lib\gcc\arm-none-eabi\9.2.1\thumb\v7+fp\hard\libgcc.a(_arm_addsubdf3.o)
                0x60406f84                __aeabi_drsub
                0x60406f8c                __aeabi_dsub
                0x60406f8c                __subdf3
                0x60406f90                __aeabi_dadd
                0x60406f90                __adddf3
                0x60407208                __floatunsidf
                0x60407208                __aeabi_ui2d
                0x60407228                __floatsidf
                0x60407228                __aeabi_i2d
                0x6040724c                __aeabi_f2d
                0x6040724c                __extendsfdf2
                0x60407290                __floatundidf
                0x60407290                __aeabi_ul2d
                0x604072a0                __floatdidf
                0x604072a0                __aeabi_l2d
 .text          0x604072fc       0x30 ..\..\prebuilts\win32\gcc-arm-none-eabi\gcc-arm-none-eabi-9.2.1\lib\gcc\arm-none-eabi\9.2.1\thumb\v7+fp\hard\libgcc.a(_fixdfdi.o)
                0x604072fc                __fixdfdi
                0x604072fc                __aeabi_d2lz
 *fill*         0x6040732c        0x4 
 .text          0x60407330       0x40 ..\..\prebuilts\win32\gcc-arm-none-eabi\gcc-arm-none-eabi-9.2.1\lib\gcc\arm-none-eabi\9.2.1\thumb\v7+fp\hard\libgcc.a(_fixunsdfdi.o)
                0x60407330                __fixunsdfdi
                0x60407330                __aeabi_d2ulz
 .text.__stub   0x60407370      0x1c0 linker stubs
                0x60407530                __text_end = .
                0x60407540                . = ALIGN (0x20)
 *fill*         0x60407530       0x10 
                0x604004a0                __text_load_start = LOADADDR (.text)

.iplt           0x60407540        0x0
 .iplt          0x60407540        0x0 lib/core_stub.o

.rel.dyn        0x60407540        0x0
 .rel.iplt      0x60407540        0x0 lib/core_stub.o

.init_array     0x60407540        0x0
                0x60407540                __init_array_start = .
 *(.init_array*)
                0x60407540                __init_array_end = .
                0x60407540                . = ALIGN (0x20)
                0x60407540                __init_array_load_start = LOADADDR (.init_array)
                0x60407540                __flash_end = (ADDR (.init_array) + SIZEOF (.init_array))
                0x807f1f40                __ram_end = (ADDR (.bss) + SIZEOF (.bss))
                0x00000001                ASSERT ((__flash_end <= (ORIGIN (flash) + LENGTH (flash))), FLASH overflow)
                0x00000001                ASSERT ((__ram_end <= (ORIGIN (ram) + LENGTH (ram))), RAM overflow)

.comment        0x00000000       0x79
 *(.comment)
 .comment       0x00000000       0x79 components/ql-application/init/CMakeFiles/APPIMAGE_APP.dir/ql_init.c.obj
                                 0x7a (size before relaxing)
 .comment       0x00000079       0x7a lib/libql_app_peripheral.a(gpio_demo.c.obj)
 .comment       0x00000079       0x7a lib/libql_app_peripheral.a(gpio_int_demo.c.obj)
 .comment       0x00000079       0x7a lib/libql_app_mqtt.a(mqtt_demo.c.obj)
 .comment       0x00000079       0x7a lib/libql_app_mqtt.a(data.c.obj)
 .comment       0x00000079       0x7a lib/libql_app_mqtt.a(pbtools.c.obj)
 .comment       0x00000079       0x7a lib/libql_app_hd_gnss.a(hd_gnss_demo.c.obj)
 .comment       0x00000079       0x7a ..\..\components\newlib\newlib-3.1.0\armca5\libc.a(lib_a-atof.o)
 .comment       0x00000079       0x7a ..\..\components\newlib\newlib-3.1.0\armca5\libc.a(lib_a-atoi.o)
 .comment       0x00000079       0x7a ..\..\components\newlib\newlib-3.1.0\armca5\libc.a(lib_a-memcpy-stub.o)
 .comment       0x00000079       0x7a ..\..\components\newlib\newlib-3.1.0\armca5\libc.a(lib_a-memmove.o)
 .comment       0x00000079       0x7a ..\..\components\newlib\newlib-3.1.0\armca5\libc.a(lib_a-memset.o)
 .comment       0x00000079       0x7a ..\..\components\newlib\newlib-3.1.0\armca5\libc.a(lib_a-strchr.o)
 .comment       0x00000079       0x7a ..\..\components\newlib\newlib-3.1.0\armca5\libc.a(lib_a-strncmp.o)
 .comment       0x00000079       0x7a ..\..\components\newlib\newlib-3.1.0\armca5\libc.a(lib_a-strncpy.o)
 .comment       0x00000079       0x7a ..\..\components\newlib\newlib-3.1.0\armca5\libc.a(lib_a-strtod.o)
 .comment       0x00000079       0x7a ..\..\components\newlib\newlib-3.1.0\armca5\libc.a(lib_a-strtol.o)
 .comment       0x00000079       0x7a ..\..\components\newlib\newlib-3.1.0\armca5\libc.a(lib_a-ctype_.o)
 .comment       0x00000079       0x7a ..\..\components\newlib\newlib-3.1.0\armca5\libc.a(lib_a-gdtoa-gethex.o)
 .comment       0x00000079       0x7a ..\..\components\newlib\newlib-3.1.0\armca5\libc.a(lib_a-gdtoa-hexnan.o)
 .comment       0x00000079       0x7a ..\..\components\newlib\newlib-3.1.0\armca5\libc.a(lib_a-lnumeric.o)
 .comment       0x00000079       0x7a ..\..\components\newlib\newlib-3.1.0\armca5\libc.a(lib_a-locale.o)
 .comment       0x00000079       0x7a ..\..\components\newlib\newlib-3.1.0\armca5\libc.a(lib_a-mbtowc_r.o)
 .comment       0x00000079       0x7a ..\..\components\newlib\newlib-3.1.0\armca5\libc.a(lib_a-mprec.o)
 .comment       0x00000079       0x7a ..\..\components\newlib\newlib-3.1.0\armca5\libc.a(lib_a-s_nan.o)
 .comment       0x00000079       0x7a ..\..\components\newlib\newlib-3.1.0\armca5\libc.a(lib_a-wctomb_r.o)

.ARM.attributes
                0x00000000       0x35
 .ARM.attributes
                0x00000000       0x25 lib/core_stub.o
 .ARM.attributes
                0x00000025       0x37 components/ql-application/init/CMakeFiles/APPIMAGE_APP.dir/ql_init.c.obj
 .ARM.attributes
                0x0000005c       0x37 lib/libql_app_peripheral.a(gpio_demo.c.obj)
 .ARM.attributes
                0x00000093       0x37 lib/libql_app_peripheral.a(gpio_int_demo.c.obj)
 .ARM.attributes
                0x000000ca       0x37 lib/libql_app_mqtt.a(mqtt_demo.c.obj)
 .ARM.attributes
                0x00000101       0x37 lib/libql_app_mqtt.a(data.c.obj)
 .ARM.attributes
                0x00000138       0x37 lib/libql_app_mqtt.a(pbtools.c.obj)
 .ARM.attributes
                0x0000016f       0x37 lib/libql_app_hd_gnss.a(hd_gnss_demo.c.obj)
 .ARM.attributes
                0x000001a6       0x37 ..\..\components\newlib\newlib-3.1.0\armca5\libc.a(lib_a-atof.o)
 .ARM.attributes
                0x000001dd       0x37 ..\..\components\newlib\newlib-3.1.0\armca5\libc.a(lib_a-atoi.o)
 .ARM.attributes
                0x00000214       0x21 ..\..\components\newlib\newlib-3.1.0\armca5\libc.a(lib_a-memchr.o)
 .ARM.attributes
                0x00000235       0x37 ..\..\components\newlib\newlib-3.1.0\armca5\libc.a(lib_a-memcpy-stub.o)
 .ARM.attributes
                0x0000026c       0x37 ..\..\components\newlib\newlib-3.1.0\armca5\libc.a(lib_a-memmove.o)
 .ARM.attributes
                0x000002a3       0x37 ..\..\components\newlib\newlib-3.1.0\armca5\libc.a(lib_a-memset.o)
 .ARM.attributes
                0x000002da       0x37 ..\..\components\newlib\newlib-3.1.0\armca5\libc.a(lib_a-strchr.o)
 .ARM.attributes
                0x00000311       0x25 ..\..\components\newlib\newlib-3.1.0\armca5\libc.a(lib_a-strcmp.o)
 .ARM.attributes
                0x00000336       0x1d ..\..\components\newlib\newlib-3.1.0\armca5\libc.a(lib_a-strlen.o)
 .ARM.attributes
                0x00000353       0x37 ..\..\components\newlib\newlib-3.1.0\armca5\libc.a(lib_a-strncmp.o)
 .ARM.attributes
                0x0000038a       0x37 ..\..\components\newlib\newlib-3.1.0\armca5\libc.a(lib_a-strncpy.o)
 .ARM.attributes
                0x000003c1       0x37 ..\..\components\newlib\newlib-3.1.0\armca5\libc.a(lib_a-strtod.o)
 .ARM.attributes
                0x000003f8       0x37 ..\..\components\newlib\newlib-3.1.0\armca5\libc.a(lib_a-strtol.o)
 .ARM.attributes
                0x0000042f       0x3d ..\..\components\newlib\newlib-3.1.0\armca5\libc.a(lib_a-ctype_.o)
 .ARM.attributes
                0x0000046c       0x37 ..\..\components\newlib\newlib-3.1.0\armca5\libc.a(lib_a-gdtoa-gethex.o)
 .ARM.attributes
                0x000004a3       0x37 ..\..\components\newlib\newlib-3.1.0\armca5\libc.a(lib_a-gdtoa-hexnan.o)
 .ARM.attributes
                0x000004da       0x37 ..\..\components\newlib\newlib-3.1.0\armca5\libc.a(lib_a-lnumeric.o)
 .ARM.attributes
                0x00000511       0x37 ..\..\components\newlib\newlib-3.1.0\armca5\libc.a(lib_a-locale.o)
 .ARM.attributes
                0x00000548       0x37 ..\..\components\newlib\newlib-3.1.0\armca5\libc.a(lib_a-mbtowc_r.o)
 .ARM.attributes
                0x0000057f       0x37 ..\..\components\newlib\newlib-3.1.0\armca5\libc.a(lib_a-mprec.o)
 .ARM.attributes
                0x000005b6       0x37 ..\..\components\newlib\newlib-3.1.0\armca5\libc.a(lib_a-s_nan.o)
 .ARM.attributes
                0x000005ed       0x37 ..\..\components\newlib\newlib-3.1.0\armca5\libc.a(lib_a-wctomb_r.o)
 .ARM.attributes
                0x00000624       0x19 ..\..\prebuilts\win32\gcc-arm-none-eabi\gcc-arm-none-eabi-9.2.1\lib\gcc\arm-none-eabi\9.2.1\thumb\v7+fp\hard\libgcc.a(_udivsi3.o)
 .ARM.attributes
                0x0000063d       0x19 ..\..\prebuilts\win32\gcc-arm-none-eabi\gcc-arm-none-eabi-9.2.1\lib\gcc\arm-none-eabi\9.2.1\thumb\v7+fp\hard\libgcc.a(_divsi3.o)
 .ARM.attributes
                0x00000656       0x19 ..\..\prebuilts\win32\gcc-arm-none-eabi\gcc-arm-none-eabi-9.2.1\lib\gcc\arm-none-eabi\9.2.1\thumb\v7+fp\hard\libgcc.a(_dvmd_tls.o)
 .ARM.attributes
                0x0000066f       0x19 ..\..\prebuilts\win32\gcc-arm-none-eabi\gcc-arm-none-eabi-9.2.1\lib\gcc\arm-none-eabi\9.2.1\thumb\v7+fp\hard\libgcc.a(_arm_addsubdf3.o)
 .ARM.attributes
                0x00000688       0x2d ..\..\prebuilts\win32\gcc-arm-none-eabi\gcc-arm-none-eabi-9.2.1\lib\gcc\arm-none-eabi\9.2.1\thumb\v7+fp\hard\libgcc.a(_fixdfdi.o)
 .ARM.attributes
                0x000006b5       0x2d ..\..\prebuilts\win32\gcc-arm-none-eabi\gcc-arm-none-eabi-9.2.1\lib\gcc\arm-none-eabi\9.2.1\thumb\v7+fp\hard\libgcc.a(_fixunsdfdi.o)

/DISCARD/
 *(.dynstr*)
 *(.dynamic*)
 *(.plt*)
 *(.interp*)
 *(.gnu*)
OUTPUT(hex\examples\APPIMAGE_APP.elf elf32-littlearm)

.debug_info     0x00000000    0x1b477
 .debug_info    0x00000000     0x2386 components/ql-application/init/CMakeFiles/APPIMAGE_APP.dir/ql_init.c.obj
 .debug_info    0x00002386     0x1baa lib/libql_app_peripheral.a(gpio_demo.c.obj)
 .debug_info    0x00003f30     0x1518 lib/libql_app_peripheral.a(gpio_int_demo.c.obj)
 .debug_info    0x00005448     0x4bb9 lib/libql_app_mqtt.a(mqtt_demo.c.obj)
 .debug_info    0x0000a001     0x3dde lib/libql_app_mqtt.a(data.c.obj)
 .debug_info    0x0000dddf     0x83ca lib/libql_app_mqtt.a(pbtools.c.obj)
 .debug_info    0x000161a9     0x52ce lib/libql_app_hd_gnss.a(hd_gnss_demo.c.obj)

.debug_abbrev   0x00000000     0x1db4
 .debug_abbrev  0x00000000      0x3d6 components/ql-application/init/CMakeFiles/APPIMAGE_APP.dir/ql_init.c.obj
 .debug_abbrev  0x000003d6      0x2e9 lib/libql_app_peripheral.a(gpio_demo.c.obj)
 .debug_abbrev  0x000006bf      0x2ee lib/libql_app_peripheral.a(gpio_int_demo.c.obj)
 .debug_abbrev  0x000009ad      0x4d4 lib/libql_app_mqtt.a(mqtt_demo.c.obj)
 .debug_abbrev  0x00000e81      0x36f lib/libql_app_mqtt.a(data.c.obj)
 .debug_abbrev  0x000011f0      0x59b lib/libql_app_mqtt.a(pbtools.c.obj)
 .debug_abbrev  0x0000178b      0x629 lib/libql_app_hd_gnss.a(hd_gnss_demo.c.obj)

.debug_loc      0x00000000     0xa42b
 .debug_loc     0x00000000       0xda components/ql-application/init/CMakeFiles/APPIMAGE_APP.dir/ql_init.c.obj
 .debug_loc     0x000000da      0x1dc lib/libql_app_peripheral.a(gpio_demo.c.obj)
 .debug_loc     0x000002b6       0xa0 lib/libql_app_peripheral.a(gpio_int_demo.c.obj)
 .debug_loc     0x00000356      0x811 lib/libql_app_mqtt.a(mqtt_demo.c.obj)
 .debug_loc     0x00000b67      0xb55 lib/libql_app_mqtt.a(data.c.obj)
 .debug_loc     0x000016bc     0x7277 lib/libql_app_mqtt.a(pbtools.c.obj)
 .debug_loc     0x00008933     0x1af8 lib/libql_app_hd_gnss.a(hd_gnss_demo.c.obj)

.debug_aranges  0x00000000      0x870
 .debug_aranges
                0x00000000       0x30 components/ql-application/init/CMakeFiles/APPIMAGE_APP.dir/ql_init.c.obj
 .debug_aranges
                0x00000030       0x30 lib/libql_app_peripheral.a(gpio_demo.c.obj)
 .debug_aranges
                0x00000060       0x38 lib/libql_app_peripheral.a(gpio_int_demo.c.obj)
 .debug_aranges
                0x00000098       0x50 lib/libql_app_mqtt.a(mqtt_demo.c.obj)
 .debug_aranges
                0x000000e8      0x118 lib/libql_app_mqtt.a(data.c.obj)
 .debug_aranges
                0x00000200      0x590 lib/libql_app_mqtt.a(pbtools.c.obj)
 .debug_aranges
                0x00000790       0xe0 lib/libql_app_hd_gnss.a(hd_gnss_demo.c.obj)

.debug_ranges   0x00000000      0xb38
 .debug_ranges  0x00000000       0x50 components/ql-application/init/CMakeFiles/APPIMAGE_APP.dir/ql_init.c.obj
 .debug_ranges  0x00000050       0x20 lib/libql_app_peripheral.a(gpio_demo.c.obj)
 .debug_ranges  0x00000070       0x28 lib/libql_app_peripheral.a(gpio_int_demo.c.obj)
 .debug_ranges  0x00000098       0x58 lib/libql_app_mqtt.a(mqtt_demo.c.obj)
 .debug_ranges  0x000000f0      0x108 lib/libql_app_mqtt.a(data.c.obj)
 .debug_ranges  0x000001f8      0x800 lib/libql_app_mqtt.a(pbtools.c.obj)
 .debug_ranges  0x000009f8      0x140 lib/libql_app_hd_gnss.a(hd_gnss_demo.c.obj)

.debug_line     0x00000000     0x6b2a
 .debug_line    0x00000000      0x5ee components/ql-application/init/CMakeFiles/APPIMAGE_APP.dir/ql_init.c.obj
 .debug_line    0x000005ee      0x4d2 lib/libql_app_peripheral.a(gpio_demo.c.obj)
 .debug_line    0x00000ac0      0x3a9 lib/libql_app_peripheral.a(gpio_int_demo.c.obj)
 .debug_line    0x00000e69      0xd8b lib/libql_app_mqtt.a(mqtt_demo.c.obj)
 .debug_line    0x00001bf4      0xc4b lib/libql_app_mqtt.a(data.c.obj)
 .debug_line    0x0000283f     0x24da lib/libql_app_mqtt.a(pbtools.c.obj)
 .debug_line    0x00004d19     0x1e11 lib/libql_app_hd_gnss.a(hd_gnss_demo.c.obj)

.debug_str      0x00000000     0x8152
 .debug_str     0x00000000     0x1bcb components/ql-application/init/CMakeFiles/APPIMAGE_APP.dir/ql_init.c.obj
                               0x1d20 (size before relaxing)
 .debug_str     0x00001bcb      0xa90 lib/libql_app_peripheral.a(gpio_demo.c.obj)
                               0x1753 (size before relaxing)
 .debug_str     0x0000265b      0x135 lib/libql_app_peripheral.a(gpio_int_demo.c.obj)
                               0x1708 (size before relaxing)
 .debug_str     0x00002790     0x1db3 lib/libql_app_mqtt.a(mqtt_demo.c.obj)
                               0x40ae (size before relaxing)
 .debug_str     0x00004543      0x960 lib/libql_app_mqtt.a(data.c.obj)
                               0x26df (size before relaxing)
 .debug_str     0x00004ea3     0x170a lib/libql_app_mqtt.a(pbtools.c.obj)
                               0x2286 (size before relaxing)
 .debug_str     0x000065ad     0x1ba5 lib/libql_app_hd_gnss.a(hd_gnss_demo.c.obj)
                               0x4305 (size before relaxing)

.debug_frame    0x00000000     0x1c74
 .debug_frame   0x00000000       0x60 components/ql-application/init/CMakeFiles/APPIMAGE_APP.dir/ql_init.c.obj
 .debug_frame   0x00000060       0x6c lib/libql_app_peripheral.a(gpio_demo.c.obj)
 .debug_frame   0x000000cc       0x84 lib/libql_app_peripheral.a(gpio_int_demo.c.obj)
 .debug_frame   0x00000150      0x108 lib/libql_app_mqtt.a(mqtt_demo.c.obj)
 .debug_frame   0x00000258      0x300 lib/libql_app_mqtt.a(data.c.obj)
 .debug_frame   0x00000558     0x121c lib/libql_app_mqtt.a(pbtools.c.obj)
 .debug_frame   0x00001774      0x328 lib/libql_app_hd_gnss.a(hd_gnss_demo.c.obj)
 .debug_frame   0x00001a9c       0x34 ..\..\components\newlib\newlib-3.1.0\armca5\libc.a(lib_a-memchr.o)
 .debug_frame   0x00001ad0       0x68 ..\..\components\newlib\newlib-3.1.0\armca5\libc.a(lib_a-strcmp.o)
 .debug_frame   0x00001b38       0x20 ..\..\prebuilts\win32\gcc-arm-none-eabi\gcc-arm-none-eabi-9.2.1\lib\gcc\arm-none-eabi\9.2.1\thumb\v7+fp\hard\libgcc.a(_udivsi3.o)
 .debug_frame   0x00001b58       0x20 ..\..\prebuilts\win32\gcc-arm-none-eabi\gcc-arm-none-eabi-9.2.1\lib\gcc\arm-none-eabi\9.2.1\thumb\v7+fp\hard\libgcc.a(_divsi3.o)
 .debug_frame   0x00001b78       0xac ..\..\prebuilts\win32\gcc-arm-none-eabi\gcc-arm-none-eabi-9.2.1\lib\gcc\arm-none-eabi\9.2.1\thumb\v7+fp\hard\libgcc.a(_arm_addsubdf3.o)
 .debug_frame   0x00001c24       0x30 ..\..\prebuilts\win32\gcc-arm-none-eabi\gcc-arm-none-eabi-9.2.1\lib\gcc\arm-none-eabi\9.2.1\thumb\v7+fp\hard\libgcc.a(_fixdfdi.o)
 .debug_frame   0x00001c54       0x20 ..\..\prebuilts\win32\gcc-arm-none-eabi\gcc-arm-none-eabi-9.2.1\lib\gcc\arm-none-eabi\9.2.1\thumb\v7+fp\hard\libgcc.a(_fixunsdfdi.o)
